   Building saga2d @ file:///private/tmp/saga2d-candidate-bbb63492b4e5
      Built saga2d @ file:///private/tmp/saga2d-candidate-bbb63492b4e5
Installed 5 packages in 24ms
30 INFO: PyInstaller: 6.22.2, contrib hooks: 2026.7
30 INFO: Python: 3.13.2
35 INFO: Platform: macOS-26.6.2-arm64-arm-64bit-Mach-O
35 INFO: Python environment: /Users/ikamen/.cache/uv/archive-v0/doFjt-A7lDwf4jJZrpd1e
37 INFO: Removing temporary files and cleaning cache in /Users/ikamen/Library/Application Support/pyinstaller
43 INFO: Module search paths (PYTHONPATH):
['/private/tmp/saga2d-candidate-bbb63492b4e5/build/shardbound/source',
 '/Users/ikamen/.local/share/uv/python/cpython-3.13.2-macos-aarch64-none/lib/python313.zip',
 '/Users/ikamen/.local/share/uv/python/cpython-3.13.2-macos-aarch64-none/lib/python3.13',
 '/Users/ikamen/.local/share/uv/python/cpython-3.13.2-macos-aarch64-none/lib/python3.13/lib-dynload',
 '/Users/ikamen/.cache/uv/archive-v0/doFjt-A7lDwf4jJZrpd1e/lib/python3.13/site-packages',
 '/Users/ikamen/.cache/uv/builds-v0/.tmpEmeUsH/lib/python3.13/site-packages',
 '__editable__.saga2d-0.1.0.finder.__path_hook__',
 '/private/tmp/saga2d-candidate-bbb63492b4e5/build/shardbound/source']
616 INFO: Appending 'datas' from .spec
619 INFO: checking Analysis
619 INFO: Building Analysis because Analysis-00.toc is non existent
619 INFO: Looking for Python shared library...
621 INFO: Using Python shared library: /Users/ikamen/.local/share/uv/python/cpython-3.13.2-macos-aarch64-none/lib/libpython3.13.dylib
621 INFO: Running Analysis Analysis-00.toc
621 INFO: Target bytecode optimization level: 0
621 INFO: Initializing module dependency graph...
621 INFO: Initializing module graph hook caches...
628 INFO: Analyzing modules for base_library.zip ...
889 INFO: Processing standard module hook 'hook-encodings.py' from '/Users/ikamen/.cache/uv/archive-v0/doFjt-A7lDwf4jJZrpd1e/lib/python3.13/site-packages/PyInstaller/hooks'
1075 INFO: Processing standard module hook 'hook-math.py' from '/Users/ikamen/.cache/uv/archive-v0/doFjt-A7lDwf4jJZrpd1e/lib/python3.13/site-packages/PyInstaller/hooks'
1570 INFO: Processing standard module hook 'hook-pickle.py' from '/Users/ikamen/.cache/uv/archive-v0/doFjt-A7lDwf4jJZrpd1e/lib/python3.13/site-packages/PyInstaller/hooks'
1965 INFO: Processing standard module hook 'hook-heapq.py' from '/Users/ikamen/.cache/uv/archive-v0/doFjt-A7lDwf4jJZrpd1e/lib/python3.13/site-packages/PyInstaller/hooks'
2161 INFO: Caching module dependency graph...
2174 INFO: Analyzing /private/tmp/saga2d-candidate-bbb63492b4e5/build/shardbound/source/entry.py
2198 INFO: Processing standard module hook 'hook-platform.py' from '/Users/ikamen/.cache/uv/archive-v0/doFjt-A7lDwf4jJZrpd1e/lib/python3.13/site-packages/PyInstaller/hooks'
2212 INFO: Processing standard module hook 'hook-xml.py' from '/Users/ikamen/.cache/uv/archive-v0/doFjt-A7lDwf4jJZrpd1e/lib/python3.13/site-packages/PyInstaller/hooks'
2220 INFO: Processing standard module hook 'hook-_ctypes.py' from '/Users/ikamen/.cache/uv/archive-v0/doFjt-A7lDwf4jJZrpd1e/lib/python3.13/site-packages/PyInstaller/hooks'
2930 INFO: Processing standard module hook 'hook-PIL.py' from '/Users/ikamen/.cache/uv/archive-v0/doFjt-A7lDwf4jJZrpd1e/lib/python3.13/site-packages/PyInstaller/hooks'
2976 INFO: Processing standard module hook 'hook-PIL.Image.py' from '/Users/ikamen/.cache/uv/archive-v0/doFjt-A7lDwf4jJZrpd1e/lib/python3.13/site-packages/PyInstaller/hooks'
3056 INFO: Processing standard module hook 'hook-numpy.py' from '/Users/ikamen/.cache/uv/archive-v0/doFjt-A7lDwf4jJZrpd1e/lib/python3.13/site-packages/PyInstaller/hooks'
3237 INFO: Processing standard module hook 'hook-difflib.py' from '/Users/ikamen/.cache/uv/archive-v0/doFjt-A7lDwf4jJZrpd1e/lib/python3.13/site-packages/PyInstaller/hooks'
3321 INFO: Processing standard module hook 'hook-multiprocessing.util.py' from '/Users/ikamen/.cache/uv/archive-v0/doFjt-A7lDwf4jJZrpd1e/lib/python3.13/site-packages/PyInstaller/hooks'
3822 INFO: Processing standard module hook 'hook-sysconfig.py' from '/Users/ikamen/.cache/uv/archive-v0/doFjt-A7lDwf4jJZrpd1e/lib/python3.13/site-packages/PyInstaller/hooks'
3828 INFO: Processing standard module hook 'hook-_osx_support.py' from '/Users/ikamen/.cache/uv/archive-v0/doFjt-A7lDwf4jJZrpd1e/lib/python3.13/site-packages/PyInstaller/hooks'
4091 INFO: Processing standard module hook 'hook-webbrowser.py' from '/Users/ikamen/.cache/uv/archive-v0/doFjt-A7lDwf4jJZrpd1e/lib/python3.13/site-packages/PyInstaller/hooks'
4351 INFO: Processing pre-safe-import-module hook 'hook-typing_extensions.py' from '/Users/ikamen/.cache/uv/archive-v0/doFjt-A7lDwf4jJZrpd1e/lib/python3.13/site-packages/PyInstaller/hooks/pre_safe_import_module'
4351 INFO: SetuptoolsInfo: initializing cached setuptools info...
4818 INFO: Processing standard module hook 'hook-xml.etree.cElementTree.py' from '/Users/ikamen/.cache/uv/archive-v0/doFjt-A7lDwf4jJZrpd1e/lib/python3.13/site-packages/PyInstaller/hooks'
4908 INFO: Processing standard module hook 'hook-PIL.ImageFilter.py' from '/Users/ikamen/.cache/uv/archive-v0/doFjt-A7lDwf4jJZrpd1e/lib/python3.13/site-packages/PyInstaller/hooks'
5213 INFO: Processing pre-safe-import-module hook 'hook-gi.py' from '/Users/ikamen/.cache/uv/archive-v0/doFjt-A7lDwf4jJZrpd1e/lib/python3.13/site-packages/PyInstaller/hooks/pre_safe_import_module'
5897 INFO: Processing standard module hook 'hook-websockets.py' from '/Users/ikamen/.cache/uv/archive-v0/doFjt-A7lDwf4jJZrpd1e/lib/python3.13/site-packages/_pyinstaller_hooks_contrib/stdhooks'
6533 INFO: Processing module hooks (post-graph stage)...
6777 INFO: Processing standard module hook 'hook-PIL.SpiderImagePlugin.py' from '/Users/ikamen/.cache/uv/archive-v0/doFjt-A7lDwf4jJZrpd1e/lib/python3.13/site-packages/PyInstaller/hooks'
6828 INFO: Performing binary vs. data reclassification (148 entries)
6836 INFO: Looking for ctypes DLLs
6888 WARNING: Library libc.so.6 required via ctypes not found
6996 WARNING: Library winmm required via ctypes not found
7019 INFO: Analyzing run-time hooks ...
7021 INFO: Including run-time hook 'pyi_rth_inspect.py' from '/Users/ikamen/.cache/uv/archive-v0/doFjt-A7lDwf4jJZrpd1e/lib/python3.13/site-packages/PyInstaller/hooks/rthooks'
7022 INFO: Including run-time hook 'pyi_rth_pkgutil.py' from '/Users/ikamen/.cache/uv/archive-v0/doFjt-A7lDwf4jJZrpd1e/lib/python3.13/site-packages/PyInstaller/hooks/rthooks'
7023 INFO: Including run-time hook 'pyi_rth_multiprocessing.py' from '/Users/ikamen/.cache/uv/archive-v0/doFjt-A7lDwf4jJZrpd1e/lib/python3.13/site-packages/PyInstaller/hooks/rthooks'
7028 INFO: Creating base_library.zip...
7037 INFO: Looking for dynamic libraries
7083 INFO: Warnings written to /private/tmp/saga2d-candidate-bbb63492b4e5/build/shardbound/pyinstaller/shardbound/warn-shardbound.txt
7097 INFO: Graph cross-reference written to /private/tmp/saga2d-candidate-bbb63492b4e5/build/shardbound/pyinstaller/shardbound/xref-shardbound.html
7122 INFO: checking PYZ
7123 INFO: Building PYZ because PYZ-00.toc is non existent
7123 INFO: Building PYZ (ZlibArchive) /private/tmp/saga2d-candidate-bbb63492b4e5/build/shardbound/pyinstaller/shardbound/PYZ-00.pyz
7559 INFO: Building PYZ (ZlibArchive) /private/tmp/saga2d-candidate-bbb63492b4e5/build/shardbound/pyinstaller/shardbound/PYZ-00.pyz completed successfully.
7564 INFO: EXE target arch: arm64
7564 INFO: Code signing identity: None
7565 INFO: checking PKG
7565 INFO: Building PKG because PKG-00.toc is non existent
7565 INFO: Building PKG (CArchive) Shardbound.pkg
7580 INFO: Building PKG (CArchive) Shardbound.pkg completed successfully.
7580 INFO: Bootloader /Users/ikamen/.cache/uv/archive-v0/doFjt-A7lDwf4jJZrpd1e/lib/python3.13/site-packages/PyInstaller/bootloader/Darwin-64bit/runw
7580 INFO: checking EXE
7580 INFO: Building EXE because EXE-00.toc is non existent
7580 INFO: Building EXE from EXE-00.toc
7580 INFO: Copying bootloader EXE to /private/tmp/saga2d-candidate-bbb63492b4e5/build/shardbound/pyinstaller/shardbound/Shardbound
7581 INFO: Converting EXE to target arch (arm64)
7609 INFO: Removing signature(s) from EXE
7625 INFO: Modifying Mach-O image UUID(s) in EXE
7628 INFO: Appending PKG archive to EXE
7632 INFO: Fixing EXE headers for code signing
7636 INFO: Rewriting the executable's macOS SDK version (26.2.0) to match the SDK version of the Python library (14.2.0) in order to avoid inconsistent behavior and potential UI issues in the frozen application.
7636 INFO: Re-signing the EXE
7661 INFO: Building EXE from EXE-00.toc completed successfully.
7662 INFO: checking COLLECT
7662 INFO: Building COLLECT because COLLECT-00.toc is non existent
7662 INFO: Building COLLECT COLLECT-00.toc
8627 INFO: Building COLLECT COLLECT-00.toc completed successfully.
8629 INFO: checking BUNDLE
8629 INFO: Building BUNDLE because BUNDLE-00.toc is non existent
8629 INFO: Building BUNDLE BUNDLE-00.toc
8703 INFO: Signing the BUNDLE...
8775 INFO: Building BUNDLE BUNDLE-00.toc completed successfully.
8777 INFO: Build complete! The results are available in: /private/tmp/saga2d-candidate-bbb63492b4e5/dist/shardbound
2026-09-08 08:22:24.668 Shardbound[26376:28067993] ApplePersistenceIgnoreState: Existing state will not be touched. New state will be written to /var/folders/nd/kyv94clx4psdrhs6wz131gz40000gn/T/org.saga2d.shardbound.savedState
2026-09-08 08:22:39.587 Shardbound[26497:28069372] ApplePersistenceIgnoreState: Existing state will not be touched. New state will be written to /var/folders/nd/kyv94clx4psdrhs6wz131gz40000gn/T/org.saga2d.shardbound.savedState
2026-09-08 08:23:03.180 Shardbound[26685:28070938] ApplePersistenceIgnoreState: Existing state will not be touched. New state will be written to /var/folders/nd/kyv94clx4psdrhs6wz131gz40000gn/T/org.saga2d.shardbound.savedState
2026-09-08 08:23:30.482 Shardbound[26934:28072961] ApplePersistenceIgnoreState: Existing state will not be touched. New state will be written to /var/folders/nd/kyv94clx4psdrhs6wz131gz40000gn/T/org.saga2d.shardbound.savedState
2026-09-08 08:23:55.868 Shardbound[27081:28074417] ApplePersistenceIgnoreState: Existing state will not be touched. New state will be written to /var/folders/nd/kyv94clx4psdrhs6wz131gz40000gn/T/org.saga2d.shardbound.savedState
2026-09-08 08:23:57.212 Shardbound[27106:28074598] ApplePersistenceIgnoreState: Existing state will not be touched. New state will be written to /var/folders/nd/kyv94clx4psdrhs6wz131gz40000gn/T/org.saga2d.shardbound.savedState
2026-09-08 08:24:21.368 Shardbound[27294:28076366] ApplePersistenceIgnoreState: Existing state will not be touched. New state will be written to /var/folders/nd/kyv94clx4psdrhs6wz131gz40000gn/T/org.saga2d.shardbound.savedState
2026-09-08 08:24:30.912 Shardbound[27331:28076865] ApplePersistenceIgnoreState: Existing state will not be touched. New state will be written to /var/folders/nd/kyv94clx4psdrhs6wz131gz40000gn/T/org.saga2d.shardbound.savedState
2026-09-08 08:24:57.814 Shardbound[27577:28078786] ApplePersistenceIgnoreState: Existing state will not be touched. New state will be written to /var/folders/nd/kyv94clx4psdrhs6wz131gz40000gn/T/org.saga2d.shardbound.savedState
2026-09-08 08:25:23.396 Shardbound[27798:28080791] ApplePersistenceIgnoreState: Existing state will not be touched. New state will be written to /var/folders/nd/kyv94clx4psdrhs6wz131gz40000gn/T/org.saga2d.shardbound.savedState
Built /private/tmp/saga2d-candidate-bbb63492b4e5/dist/shardbound/Shardbound-macos-arm64.zip
SHA256 45b6e8981adcd1817622c7af16095e68cf9a58533a7c429228f76bced765969d
Manifest /private/tmp/saga2d-candidate-bbb63492b4e5/dist/shardbound/build-manifest.json
