Input #0, mov,mp4,m4a,3gp,3g2,mj2, from '/tmp/shardbound-gameplay-393359f/gameplay.mp4':
  Metadata:
    major_brand     : isom
    minor_version   : 512
    compatible_brands: isomiso2avc1mp41
    encoder         : Lavf61.7.100
  Duration: 00:00:38.90, start: 0.000000, bitrate: 429 kb/s
  Stream #0:0[0x1](und): Video: h264 (High) (avc1 / 0x31637661), yuv420p(progressive), 1280x800, 236 kb/s, 30 fps, 30 tbr, 15360 tbn (default)
      Metadata:
        handler_name    : VideoHandler
        vendor_id       : [0][0][0][0]
        encoder         : Lavc61.19.100 libx264
  Stream #0:1[0x2](und): Audio: aac (LC) (mp4a / 0x6134706D), 44100 Hz, stereo, fltp, 183 kb/s (default)
      Metadata:
        handler_name    : SoundHandler
        vendor_id       : [0][0][0][0]
Stream mapping:
  Stream #0:0 -> #0:0 (h264 (native) -> png (native))
Press [q] to stop, [?] for help
[swscaler @ 0x110208000] No accelerated colorspace conversion found from yuv420p to rgb24.
Output #0, image2, to '/tmp/shardbound-gameplay-readback/%03d.png':
  Metadata:
    major_brand     : isom
    minor_version   : 512
    compatible_brands: isomiso2avc1mp41
    encoder         : Lavf61.7.100
  Stream #0:0(und): Video: png, rgb24(pc, gbr/unknown/unknown, progressive), 1280x800, q=2-31, 200 kb/s, 30 fps, 30 tbn (default)
      Metadata:
        handler_name    : VideoHandler
        vendor_id       : [0][0][0][0]
        encoder         : Lavc61.19.100 png
frame=    2 fps=0.0 q=-0.0 size=N/A time=00:00:05.06 bitrate=N/A speed=8.23x    frame=    6 fps=4.8 q=-0.0 size=N/A time=00:00:15.80 bitrate=N/A speed=12.7x    frame=    9 fps=4.8 q=-0.0 size=N/A time=00:00:21.46 bitrate=N/A speed=11.5x    frame=   12 fps=4.8 q=-0.0 size=N/A time=00:00:30.90 bitrate=N/A speed=12.5x    [out#0/image2 @ 0x11ef05560] video:6818KiB audio:0KiB subtitle:0KiB other streams:0KiB global headers:0KiB muxing overhead: unknown
frame=   13 fps=4.8 q=-0.0 Lsize=N/A time=00:00:38.90 bitrate=N/A speed=14.4x    
