2026-09-08 10:39:12.266   Log opened. (Time zone: UTC+00:00)
2026-09-08 10:39:12.266   Setup version: Inno Setup version 6.7.1
2026-09-08 10:39:12.266   Original Setup EXE: D:\a\saga2d\saga2d\dist\warband\Warband-0.1.0-preview.3-windows-x64-setup.exe
2026-09-08 10:39:12.266   Setup command line: /SL5="$A001E,25845685,893952,D:\a\saga2d\saga2d\dist\warband\Warband-0.1.0-preview.3-windows-x64-setup.exe" /VERYSILENT /SUPPRESSMSGBOXES /NORESTART /SP- "/DIR=C:\Users\RUNNER~1\AppData\Local\Temp\warband-extracted-11gds334\Installed Warband" /LOG=D:\a\saga2d\saga2d\dist\warband\verification\install.log
2026-09-08 10:39:12.266   Windows version: 10.0.26100
2026-09-08 10:39:12.266   Windows architecture: x64 (64-bit)
2026-09-08 10:39:12.266   Machine types supported by system: x86 x64
2026-09-08 10:39:12.266   User privileges: Administrative
2026-09-08 10:39:12.270   Administrative install mode: No
2026-09-08 10:39:12.270   Install mode root key: HKEY_CURRENT_USER
2026-09-08 10:39:12.270   64-bit install mode: Yes
2026-09-08 10:39:12.272   RedirectionGuard status for current process: Enabled in enforcing mode
2026-09-08 10:39:12.272   Created protected temporary directory: C:\Users\RUNNER~1\AppData\Local\Temp\is-1WN3KX4E03.tmp
2026-09-08 10:39:12.894   Found 55 files to register with RestartManager.
2026-09-08 10:39:12.894   Calling RestartManager's RmGetList.
2026-09-08 10:39:12.900   RmGetList finished successfully.
2026-09-08 10:39:12.900   RestartManager found no applications using one of our files.
2026-09-08 10:39:12.903   Starting the installation process.
2026-09-08 10:39:12.905   Creating directory: C:\Users\RUNNER~1\AppData\Local\Temp\warband-extracted-11gds334\Installed Warband
2026-09-08 10:39:12.907   Directory for uninstall files: C:\Users\RUNNER~1\AppData\Local\Temp\warband-extracted-11gds334\Installed Warband
2026-09-08 10:39:12.907   Creating new uninstall log: C:\Users\RUNNER~1\AppData\Local\Temp\warband-extracted-11gds334\Installed Warband\unins000.dat
2026-09-08 10:39:12.979   -- File entry --
2026-09-08 10:39:12.979   Dest filename: C:\Users\RUNNER~1\AppData\Local\Temp\warband-extracted-11gds334\Installed Warband\unins000.exe
2026-09-08 10:39:12.979   Non-default bitness: 32-bit
2026-09-08 10:39:13.090   Time stamp of our file: 2026-09-08 10:39:11.986
2026-09-08 10:39:13.090   Installing the file.
2026-09-08 10:39:13.101   Successfully installed the file.
2026-09-08 10:39:13.101   -- File entry --
2026-09-08 10:39:13.101   Dest filename: C:\Users\RUNNER~1\AppData\Local\Temp\warband-extracted-11gds334\Installed Warband\Warband.exe
2026-09-08 10:39:13.101   Time stamp of our file: 2026-09-08 10:38:42.000
2026-09-08 10:39:13.101   Installing the file.
2026-09-08 10:39:13.228   Successfully installed the file.
2026-09-08 10:39:13.228   -- File entry --
2026-09-08 10:39:13.228   Dest filename: C:\Users\RUNNER~1\AppData\Local\Temp\warband-extracted-11gds334\Installed Warband\_internal\api-ms-win-core-console-l1-1-0.dll
2026-09-08 10:39:13.228   Time stamp of our file: 2026-09-08 10:38:42.000
2026-09-08 10:39:13.228   Installing the file.
2026-09-08 10:39:13.228   Creating directory: C:\Users\RUNNER~1\AppData\Local\Temp\warband-extracted-11gds334\Installed Warband\_internal
2026-09-08 10:39:13.230   Successfully installed the file.
2026-09-08 10:39:13.230   -- File entry --
2026-09-08 10:39:13.230   Dest filename: C:\Users\RUNNER~1\AppData\Local\Temp\warband-extracted-11gds334\Installed Warband\_internal\api-ms-win-core-datetime-l1-1-0.dll
2026-09-08 10:39:13.230   Time stamp of our file: 2026-09-08 10:38:42.000
2026-09-08 10:39:13.230   Installing the file.
2026-09-08 10:39:13.232   Successfully installed the file.
2026-09-08 10:39:13.232   -- File entry --
2026-09-08 10:39:13.232   Dest filename: C:\Users\RUNNER~1\AppData\Local\Temp\warband-extracted-11gds334\Installed Warband\_internal\api-ms-win-core-debug-l1-1-0.dll
2026-09-08 10:39:13.232   Time stamp of our file: 2026-09-08 10:38:42.000
2026-09-08 10:39:13.232   Installing the file.
2026-09-08 10:39:13.236   Successfully installed the file.
2026-09-08 10:39:13.236   -- File entry --
2026-09-08 10:39:13.236   Dest filename: C:\Users\RUNNER~1\AppData\Local\Temp\warband-extracted-11gds334\Installed Warband\_internal\api-ms-win-core-errorhandling-l1-1-0.dll
2026-09-08 10:39:13.236   Time stamp of our file: 2026-09-08 10:38:42.000
2026-09-08 10:39:13.236   Installing the file.
2026-09-08 10:39:13.238   Successfully installed the file.
2026-09-08 10:39:13.238   -- File entry --
2026-09-08 10:39:13.238   Dest filename: C:\Users\RUNNER~1\AppData\Local\Temp\warband-extracted-11gds334\Installed Warband\_internal\api-ms-win-core-fibers-l1-1-0.dll
2026-09-08 10:39:13.238   Time stamp of our file: 2026-09-08 10:38:42.000
2026-09-08 10:39:13.238   Installing the file.
2026-09-08 10:39:13.240   Successfully installed the file.
2026-09-08 10:39:13.240   -- File entry --
2026-09-08 10:39:13.240   Dest filename: C:\Users\RUNNER~1\AppData\Local\Temp\warband-extracted-11gds334\Installed Warband\_internal\api-ms-win-core-fibers-l1-1-1.dll
2026-09-08 10:39:13.240   Time stamp of our file: 2026-09-08 10:38:42.000
2026-09-08 10:39:13.240   Installing the file.
2026-09-08 10:39:13.240   Successfully installed the file.
2026-09-08 10:39:13.240   -- File entry --
2026-09-08 10:39:13.240   Dest filename: C:\Users\RUNNER~1\AppData\Local\Temp\warband-extracted-11gds334\Installed Warband\_internal\api-ms-win-core-file-l1-1-0.dll
2026-09-08 10:39:13.240   Time stamp of our file: 2026-09-08 10:38:42.000
2026-09-08 10:39:13.240   Installing the file.
2026-09-08 10:39:13.242   Successfully installed the file.
2026-09-08 10:39:13.242   -- File entry --
2026-09-08 10:39:13.242   Dest filename: C:\Users\RUNNER~1\AppData\Local\Temp\warband-extracted-11gds334\Installed Warband\_internal\api-ms-win-core-file-l1-2-0.dll
2026-09-08 10:39:13.242   Time stamp of our file: 2026-09-08 10:38:42.000
2026-09-08 10:39:13.242   Installing the file.
2026-09-08 10:39:13.244   Successfully installed the file.
2026-09-08 10:39:13.244   -- File entry --
2026-09-08 10:39:13.244   Dest filename: C:\Users\RUNNER~1\AppData\Local\Temp\warband-extracted-11gds334\Installed Warband\_internal\api-ms-win-core-file-l2-1-0.dll
2026-09-08 10:39:13.244   Time stamp of our file: 2026-09-08 10:38:42.000
2026-09-08 10:39:13.244   Installing the file.
2026-09-08 10:39:13.244   Successfully installed the file.
2026-09-08 10:39:13.244   -- File entry --
2026-09-08 10:39:13.244   Dest filename: C:\Users\RUNNER~1\AppData\Local\Temp\warband-extracted-11gds334\Installed Warband\_internal\api-ms-win-core-handle-l1-1-0.dll
2026-09-08 10:39:13.246   Time stamp of our file: 2026-09-08 10:38:42.000
2026-09-08 10:39:13.246   Installing the file.
2026-09-08 10:39:13.246   Successfully installed the file.
2026-09-08 10:39:13.246   -- File entry --
2026-09-08 10:39:13.246   Dest filename: C:\Users\RUNNER~1\AppData\Local\Temp\warband-extracted-11gds334\Installed Warband\_internal\api-ms-win-core-heap-l1-1-0.dll
2026-09-08 10:39:13.246   Time stamp of our file: 2026-09-08 10:38:42.000
2026-09-08 10:39:13.246   Installing the file.
2026-09-08 10:39:13.248   Successfully installed the file.
2026-09-08 10:39:13.248   -- File entry --
2026-09-08 10:39:13.248   Dest filename: C:\Users\RUNNER~1\AppData\Local\Temp\warband-extracted-11gds334\Installed Warband\_internal\api-ms-win-core-interlocked-l1-1-0.dll
2026-09-08 10:39:13.248   Time stamp of our file: 2026-09-08 10:38:42.000
2026-09-08 10:39:13.248   Installing the file.
2026-09-08 10:39:13.248   Successfully installed the file.
2026-09-08 10:39:13.248   -- File entry --
2026-09-08 10:39:13.248   Dest filename: C:\Users\RUNNER~1\AppData\Local\Temp\warband-extracted-11gds334\Installed Warband\_internal\api-ms-win-core-kernel32-legacy-l1-1-1.dll
2026-09-08 10:39:13.250   Time stamp of our file: 2026-09-08 10:38:42.000
2026-09-08 10:39:13.250   Installing the file.
2026-09-08 10:39:13.250   Successfully installed the file.
2026-09-08 10:39:13.250   -- File entry --
2026-09-08 10:39:13.250   Dest filename: C:\Users\RUNNER~1\AppData\Local\Temp\warband-extracted-11gds334\Installed Warband\_internal\api-ms-win-core-libraryloader-l1-1-0.dll
2026-09-08 10:39:13.250   Time stamp of our file: 2026-09-08 10:38:42.000
2026-09-08 10:39:13.250   Installing the file.
2026-09-08 10:39:13.252   Successfully installed the file.
2026-09-08 10:39:13.252   -- File entry --
2026-09-08 10:39:13.252   Dest filename: C:\Users\RUNNER~1\AppData\Local\Temp\warband-extracted-11gds334\Installed Warband\_internal\api-ms-win-core-localization-l1-2-0.dll
2026-09-08 10:39:13.252   Time stamp of our file: 2026-09-08 10:38:42.000
2026-09-08 10:39:13.252   Installing the file.
2026-09-08 10:39:13.254   Successfully installed the file.
2026-09-08 10:39:13.254   -- File entry --
2026-09-08 10:39:13.254   Dest filename: C:\Users\RUNNER~1\AppData\Local\Temp\warband-extracted-11gds334\Installed Warband\_internal\api-ms-win-core-memory-l1-1-0.dll
2026-09-08 10:39:13.254   Time stamp of our file: 2026-09-08 10:38:42.000
2026-09-08 10:39:13.254   Installing the file.
2026-09-08 10:39:13.256   Successfully installed the file.
2026-09-08 10:39:13.256   -- File entry --
2026-09-08 10:39:13.256   Dest filename: C:\Users\RUNNER~1\AppData\Local\Temp\warband-extracted-11gds334\Installed Warband\_internal\api-ms-win-core-namedpipe-l1-1-0.dll
2026-09-08 10:39:13.256   Time stamp of our file: 2026-09-08 10:38:42.000
2026-09-08 10:39:13.256   Installing the file.
2026-09-08 10:39:13.258   Successfully installed the file.
2026-09-08 10:39:13.258   -- File entry --
2026-09-08 10:39:13.258   Dest filename: C:\Users\RUNNER~1\AppData\Local\Temp\warband-extracted-11gds334\Installed Warband\_internal\api-ms-win-core-processenvironment-l1-1-0.dll
2026-09-08 10:39:13.258   Time stamp of our file: 2026-09-08 10:38:42.000
2026-09-08 10:39:13.258   Installing the file.
2026-09-08 10:39:13.260   Successfully installed the file.
2026-09-08 10:39:13.260   -- File entry --
2026-09-08 10:39:13.260   Dest filename: C:\Users\RUNNER~1\AppData\Local\Temp\warband-extracted-11gds334\Installed Warband\_internal\api-ms-win-core-processthreads-l1-1-0.dll
2026-09-08 10:39:13.260   Time stamp of our file: 2026-09-08 10:38:42.000
2026-09-08 10:39:13.260   Installing the file.
2026-09-08 10:39:13.261   Successfully installed the file.
2026-09-08 10:39:13.261   -- File entry --
2026-09-08 10:39:13.261   Dest filename: C:\Users\RUNNER~1\AppData\Local\Temp\warband-extracted-11gds334\Installed Warband\_internal\api-ms-win-core-processthreads-l1-1-1.dll
2026-09-08 10:39:13.261   Time stamp of our file: 2026-09-08 10:38:42.000
2026-09-08 10:39:13.261   Installing the file.
2026-09-08 10:39:13.263   Successfully installed the file.
2026-09-08 10:39:13.263   -- File entry --
2026-09-08 10:39:13.263   Dest filename: C:\Users\RUNNER~1\AppData\Local\Temp\warband-extracted-11gds334\Installed Warband\_internal\api-ms-win-core-profile-l1-1-0.dll
2026-09-08 10:39:13.263   Time stamp of our file: 2026-09-08 10:38:42.000
2026-09-08 10:39:13.263   Installing the file.
2026-09-08 10:39:13.264   Successfully installed the file.
2026-09-08 10:39:13.264   -- File entry --
2026-09-08 10:39:13.264   Dest filename: C:\Users\RUNNER~1\AppData\Local\Temp\warband-extracted-11gds334\Installed Warband\_internal\api-ms-win-core-rtlsupport-l1-1-0.dll
2026-09-08 10:39:13.264   Time stamp of our file: 2026-09-08 10:38:42.000
2026-09-08 10:39:13.264   Installing the file.
2026-09-08 10:39:13.265   Successfully installed the file.
2026-09-08 10:39:13.265   -- File entry --
2026-09-08 10:39:13.265   Dest filename: C:\Users\RUNNER~1\AppData\Local\Temp\warband-extracted-11gds334\Installed Warband\_internal\api-ms-win-core-string-l1-1-0.dll
2026-09-08 10:39:13.265   Time stamp of our file: 2026-09-08 10:38:42.000
2026-09-08 10:39:13.265   Installing the file.
2026-09-08 10:39:13.266   Successfully installed the file.
2026-09-08 10:39:13.267   -- File entry --
2026-09-08 10:39:13.267   Dest filename: C:\Users\RUNNER~1\AppData\Local\Temp\warband-extracted-11gds334\Installed Warband\_internal\api-ms-win-core-synch-l1-1-0.dll
2026-09-08 10:39:13.267   Time stamp of our file: 2026-09-08 10:38:42.000
2026-09-08 10:39:13.267   Installing the file.
2026-09-08 10:39:13.268   Successfully installed the file.
2026-09-08 10:39:13.268   -- File entry --
2026-09-08 10:39:13.268   Dest filename: C:\Users\RUNNER~1\AppData\Local\Temp\warband-extracted-11gds334\Installed Warband\_internal\api-ms-win-core-synch-l1-2-0.dll
2026-09-08 10:39:13.268   Time stamp of our file: 2026-09-08 10:38:42.000
2026-09-08 10:39:13.268   Installing the file.
2026-09-08 10:39:13.268   Successfully installed the file.
2026-09-08 10:39:13.268   -- File entry --
2026-09-08 10:39:13.268   Dest filename: C:\Users\RUNNER~1\AppData\Local\Temp\warband-extracted-11gds334\Installed Warband\_internal\api-ms-win-core-sysinfo-l1-1-0.dll
2026-09-08 10:39:13.270   Time stamp of our file: 2026-09-08 10:38:42.000
2026-09-08 10:39:13.270   Installing the file.
2026-09-08 10:39:13.270   Successfully installed the file.
2026-09-08 10:39:13.270   -- File entry --
2026-09-08 10:39:13.270   Dest filename: C:\Users\RUNNER~1\AppData\Local\Temp\warband-extracted-11gds334\Installed Warband\_internal\api-ms-win-core-sysinfo-l1-2-0.dll
2026-09-08 10:39:13.270   Time stamp of our file: 2026-09-08 10:38:42.000
2026-09-08 10:39:13.270   Installing the file.
2026-09-08 10:39:13.272   Successfully installed the file.
2026-09-08 10:39:13.272   -- File entry --
2026-09-08 10:39:13.272   Dest filename: C:\Users\RUNNER~1\AppData\Local\Temp\warband-extracted-11gds334\Installed Warband\_internal\api-ms-win-core-timezone-l1-1-0.dll
2026-09-08 10:39:13.272   Time stamp of our file: 2026-09-08 10:38:42.000
2026-09-08 10:39:13.272   Installing the file.
2026-09-08 10:39:13.274   Successfully installed the file.
2026-09-08 10:39:13.274   -- File entry --
2026-09-08 10:39:13.274   Dest filename: C:\Users\RUNNER~1\AppData\Local\Temp\warband-extracted-11gds334\Installed Warband\_internal\api-ms-win-core-util-l1-1-0.dll
2026-09-08 10:39:13.274   Time stamp of our file: 2026-09-08 10:38:42.000
2026-09-08 10:39:13.274   Installing the file.
2026-09-08 10:39:13.276   Successfully installed the file.
2026-09-08 10:39:13.276   -- File entry --
2026-09-08 10:39:13.276   Dest filename: C:\Users\RUNNER~1\AppData\Local\Temp\warband-extracted-11gds334\Installed Warband\_internal\api-ms-win-crt-conio-l1-1-0.dll
2026-09-08 10:39:13.276   Time stamp of our file: 2026-09-08 10:38:42.000
2026-09-08 10:39:13.276   Installing the file.
2026-09-08 10:39:13.278   Successfully installed the file.
2026-09-08 10:39:13.278   -- File entry --
2026-09-08 10:39:13.278   Dest filename: C:\Users\RUNNER~1\AppData\Local\Temp\warband-extracted-11gds334\Installed Warband\_internal\api-ms-win-crt-convert-l1-1-0.dll
2026-09-08 10:39:13.278   Time stamp of our file: 2026-09-08 10:38:42.000
2026-09-08 10:39:13.278   Installing the file.
2026-09-08 10:39:13.278   Successfully installed the file.
2026-09-08 10:39:13.278   -- File entry --
2026-09-08 10:39:13.278   Dest filename: C:\Users\RUNNER~1\AppData\Local\Temp\warband-extracted-11gds334\Installed Warband\_internal\api-ms-win-crt-environment-l1-1-0.dll
2026-09-08 10:39:13.280   Time stamp of our file: 2026-09-08 10:38:42.000
2026-09-08 10:39:13.280   Installing the file.
2026-09-08 10:39:13.280   Successfully installed the file.
2026-09-08 10:39:13.280   -- File entry --
2026-09-08 10:39:13.280   Dest filename: C:\Users\RUNNER~1\AppData\Local\Temp\warband-extracted-11gds334\Installed Warband\_internal\api-ms-win-crt-filesystem-l1-1-0.dll
2026-09-08 10:39:13.280   Time stamp of our file: 2026-09-08 10:38:42.000
2026-09-08 10:39:13.280   Installing the file.
2026-09-08 10:39:13.282   Successfully installed the file.
2026-09-08 10:39:13.282   -- File entry --
2026-09-08 10:39:13.282   Dest filename: C:\Users\RUNNER~1\AppData\Local\Temp\warband-extracted-11gds334\Installed Warband\_internal\api-ms-win-crt-heap-l1-1-0.dll
2026-09-08 10:39:13.282   Time stamp of our file: 2026-09-08 10:38:42.000
2026-09-08 10:39:13.282   Installing the file.
2026-09-08 10:39:13.283   Successfully installed the file.
2026-09-08 10:39:13.283   -- File entry --
2026-09-08 10:39:13.283   Dest filename: C:\Users\RUNNER~1\AppData\Local\Temp\warband-extracted-11gds334\Installed Warband\_internal\api-ms-win-crt-locale-l1-1-0.dll
2026-09-08 10:39:13.283   Time stamp of our file: 2026-09-08 10:38:42.000
2026-09-08 10:39:13.283   Installing the file.
2026-09-08 10:39:13.290   Successfully installed the file.
2026-09-08 10:39:13.290   -- File entry --
2026-09-08 10:39:13.290   Dest filename: C:\Users\RUNNER~1\AppData\Local\Temp\warband-extracted-11gds334\Installed Warband\_internal\api-ms-win-crt-math-l1-1-0.dll
2026-09-08 10:39:13.290   Time stamp of our file: 2026-09-08 10:38:42.000
2026-09-08 10:39:13.290   Installing the file.
2026-09-08 10:39:13.292   Successfully installed the file.
2026-09-08 10:39:13.292   -- File entry --
2026-09-08 10:39:13.292   Dest filename: C:\Users\RUNNER~1\AppData\Local\Temp\warband-extracted-11gds334\Installed Warband\_internal\api-ms-win-crt-private-l1-1-0.dll
2026-09-08 10:39:13.292   Time stamp of our file: 2026-09-08 10:38:42.000
2026-09-08 10:39:13.292   Installing the file.
2026-09-08 10:39:13.294   Successfully installed the file.
2026-09-08 10:39:13.294   -- File entry --
2026-09-08 10:39:13.294   Dest filename: C:\Users\RUNNER~1\AppData\Local\Temp\warband-extracted-11gds334\Installed Warband\_internal\api-ms-win-crt-process-l1-1-0.dll
2026-09-08 10:39:13.296   Time stamp of our file: 2026-09-08 10:38:42.000
2026-09-08 10:39:13.296   Installing the file.
2026-09-08 10:39:13.296   Successfully installed the file.
2026-09-08 10:39:13.296   -- File entry --
2026-09-08 10:39:13.296   Dest filename: C:\Users\RUNNER~1\AppData\Local\Temp\warband-extracted-11gds334\Installed Warband\_internal\api-ms-win-crt-runtime-l1-1-0.dll
2026-09-08 10:39:13.296   Time stamp of our file: 2026-09-08 10:38:42.000
2026-09-08 10:39:13.296   Installing the file.
2026-09-08 10:39:13.298   Successfully installed the file.
2026-09-08 10:39:13.298   -- File entry --
2026-09-08 10:39:13.298   Dest filename: C:\Users\RUNNER~1\AppData\Local\Temp\warband-extracted-11gds334\Installed Warband\_internal\api-ms-win-crt-stdio-l1-1-0.dll
2026-09-08 10:39:13.298   Time stamp of our file: 2026-09-08 10:38:42.000
2026-09-08 10:39:13.298   Installing the file.
2026-09-08 10:39:13.299   Successfully installed the file.
2026-09-08 10:39:13.299   -- File entry --
2026-09-08 10:39:13.299   Dest filename: C:\Users\RUNNER~1\AppData\Local\Temp\warband-extracted-11gds334\Installed Warband\_internal\api-ms-win-crt-string-l1-1-0.dll
2026-09-08 10:39:13.299   Time stamp of our file: 2026-09-08 10:38:42.000
2026-09-08 10:39:13.299   Installing the file.
2026-09-08 10:39:13.301   Successfully installed the file.
2026-09-08 10:39:13.301   -- File entry --
2026-09-08 10:39:13.301   Dest filename: C:\Users\RUNNER~1\AppData\Local\Temp\warband-extracted-11gds334\Installed Warband\_internal\api-ms-win-crt-time-l1-1-0.dll
2026-09-08 10:39:13.301   Time stamp of our file: 2026-09-08 10:38:42.000
2026-09-08 10:39:13.301   Installing the file.
2026-09-08 10:39:13.303   Successfully installed the file.
2026-09-08 10:39:13.303   -- File entry --
2026-09-08 10:39:13.303   Dest filename: C:\Users\RUNNER~1\AppData\Local\Temp\warband-extracted-11gds334\Installed Warband\_internal\api-ms-win-crt-utility-l1-1-0.dll
2026-09-08 10:39:13.303   Time stamp of our file: 2026-09-08 10:38:42.000
2026-09-08 10:39:13.303   Installing the file.
2026-09-08 10:39:13.305   Successfully installed the file.
2026-09-08 10:39:13.305   -- File entry --
2026-09-08 10:39:13.305   Dest filename: C:\Users\RUNNER~1\AppData\Local\Temp\warband-extracted-11gds334\Installed Warband\_internal\base_library.zip
2026-09-08 10:39:13.305   Time stamp of our file: 2026-09-08 10:38:42.000
2026-09-08 10:39:13.305   Installing the file.
2026-09-08 10:39:13.337   Successfully installed the file.
2026-09-08 10:39:13.337   -- File entry --
2026-09-08 10:39:13.337   Dest filename: C:\Users\RUNNER~1\AppData\Local\Temp\warband-extracted-11gds334\Installed Warband\_internal\libcrypto-3-x64.dll
2026-09-08 10:39:13.337   Time stamp of our file: 2026-09-08 10:38:42.000
2026-09-08 10:39:13.337   Installing the file.
2026-09-08 10:39:13.466   Successfully installed the file.
2026-09-08 10:39:13.466   -- File entry --
2026-09-08 10:39:13.466   Dest filename: C:\Users\RUNNER~1\AppData\Local\Temp\warband-extracted-11gds334\Installed Warband\_internal\libffi-8.dll
2026-09-08 10:39:13.466   Time stamp of our file: 2026-09-08 10:38:42.000
2026-09-08 10:39:13.466   Installing the file.
2026-09-08 10:39:13.468   Successfully installed the file.
2026-09-08 10:39:13.468   -- File entry --
2026-09-08 10:39:13.468   Dest filename: C:\Users\RUNNER~1\AppData\Local\Temp\warband-extracted-11gds334\Installed Warband\_internal\libscipy_openblas64_-74a408729250596b0973e69fdd954eea.dll
2026-09-08 10:39:13.468   Time stamp of our file: 2026-09-08 10:38:42.000
2026-09-08 10:39:13.468   Installing the file.
2026-09-08 10:39:13.901   Successfully installed the file.
2026-09-08 10:39:13.901   -- File entry --
2026-09-08 10:39:13.901   Dest filename: C:\Users\RUNNER~1\AppData\Local\Temp\warband-extracted-11gds334\Installed Warband\_internal\libssl-3-x64.dll
2026-09-08 10:39:13.901   Time stamp of our file: 2026-09-08 10:38:42.000
2026-09-08 10:39:13.901   Installing the file.
2026-09-08 10:39:13.923   Successfully installed the file.
2026-09-08 10:39:13.923   -- File entry --
2026-09-08 10:39:13.923   Dest filename: C:\Users\RUNNER~1\AppData\Local\Temp\warband-extracted-11gds334\Installed Warband\_internal\msvcp140-a4c2229bdc2a2a630acdc095b4d86008.dll
2026-09-08 10:39:13.923   Time stamp of our file: 2026-09-08 10:38:42.000
2026-09-08 10:39:13.923   Installing the file.
2026-09-08 10:39:13.939   Successfully installed the file.
2026-09-08 10:39:13.939   -- File entry --
2026-09-08 10:39:13.939   Dest filename: C:\Users\RUNNER~1\AppData\Local\Temp\warband-extracted-11gds334\Installed Warband\_internal\pyexpat.pyd
2026-09-08 10:39:13.939   Time stamp of our file: 2026-09-08 10:38:42.000
2026-09-08 10:39:13.939   Installing the file.
2026-09-08 10:39:13.945   Successfully installed the file.
2026-09-08 10:39:13.945   -- File entry --
2026-09-08 10:39:13.945   Dest filename: C:\Users\RUNNER~1\AppData\Local\Temp\warband-extracted-11gds334\Installed Warband\_internal\python313.dll
2026-09-08 10:39:13.945   Time stamp of our file: 2026-09-08 10:38:42.000
2026-09-08 10:39:13.945   Installing the file.
2026-09-08 10:39:14.115   Successfully installed the file.
2026-09-08 10:39:14.115   -- File entry --
2026-09-08 10:39:14.115   Dest filename: C:\Users\RUNNER~1\AppData\Local\Temp\warband-extracted-11gds334\Installed Warband\_internal\select.pyd
2026-09-08 10:39:14.117   Time stamp of our file: 2026-09-08 10:38:42.000
2026-09-08 10:39:14.117   Installing the file.
2026-09-08 10:39:14.119   Successfully installed the file.
2026-09-08 10:39:14.119   -- File entry --
2026-09-08 10:39:14.119   Dest filename: C:\Users\RUNNER~1\AppData\Local\Temp\warband-extracted-11gds334\Installed Warband\_internal\ucrtbase.dll
2026-09-08 10:39:14.119   Time stamp of our file: 2026-09-08 10:38:42.000
2026-09-08 10:39:14.119   Installing the file.
2026-09-08 10:39:14.161   Successfully installed the file.
2026-09-08 10:39:14.161   -- File entry --
2026-09-08 10:39:14.161   Dest filename: C:\Users\RUNNER~1\AppData\Local\Temp\warband-extracted-11gds334\Installed Warband\_internal\unicodedata.pyd
2026-09-08 10:39:14.161   Time stamp of our file: 2026-09-08 10:38:42.000
2026-09-08 10:39:14.161   Installing the file.
2026-09-08 10:39:14.185   Successfully installed the file.
2026-09-08 10:39:14.185   -- File entry --
2026-09-08 10:39:14.185   Dest filename: C:\Users\RUNNER~1\AppData\Local\Temp\warband-extracted-11gds334\Installed Warband\_internal\VCRUNTIME140.dll
2026-09-08 10:39:14.185   Time stamp of our file: 2026-09-08 10:38:42.000
2026-09-08 10:39:14.185   Installing the file.
2026-09-08 10:39:14.188   Successfully installed the file.
2026-09-08 10:39:14.188   -- File entry --
2026-09-08 10:39:14.188   Dest filename: C:\Users\RUNNER~1\AppData\Local\Temp\warband-extracted-11gds334\Installed Warband\_internal\VCRUNTIME140_1.dll
2026-09-08 10:39:14.188   Time stamp of our file: 2026-09-08 10:38:42.000
2026-09-08 10:39:14.188   Installing the file.
2026-09-08 10:39:14.190   Successfully installed the file.
2026-09-08 10:39:14.190   -- File entry --
2026-09-08 10:39:14.190   Dest filename: C:\Users\RUNNER~1\AppData\Local\Temp\warband-extracted-11gds334\Installed Warband\_internal\_asyncio.pyd
2026-09-08 10:39:14.190   Time stamp of our file: 2026-09-08 10:38:42.000
2026-09-08 10:39:14.190   Installing the file.
2026-09-08 10:39:14.192   Successfully installed the file.
2026-09-08 10:39:14.192   -- File entry --
2026-09-08 10:39:14.192   Dest filename: C:\Users\RUNNER~1\AppData\Local\Temp\warband-extracted-11gds334\Installed Warband\_internal\_bz2.pyd
2026-09-08 10:39:14.192   Time stamp of our file: 2026-09-08 10:38:42.000
2026-09-08 10:39:14.192   Installing the file.
2026-09-08 10:39:14.194   Successfully installed the file.
2026-09-08 10:39:14.194   -- File entry --
2026-09-08 10:39:14.196   Dest filename: C:\Users\RUNNER~1\AppData\Local\Temp\warband-extracted-11gds334\Installed Warband\_internal\_ctypes.pyd
2026-09-08 10:39:14.196   Time stamp of our file: 2026-09-08 10:38:42.000
2026-09-08 10:39:14.196   Installing the file.
2026-09-08 10:39:14.201   Successfully installed the file.
2026-09-08 10:39:14.201   -- File entry --
2026-09-08 10:39:14.201   Dest filename: C:\Users\RUNNER~1\AppData\Local\Temp\warband-extracted-11gds334\Installed Warband\_internal\_decimal.pyd
2026-09-08 10:39:14.201   Time stamp of our file: 2026-09-08 10:38:42.000
2026-09-08 10:39:14.201   Installing the file.
2026-09-08 10:39:14.208   Successfully installed the file.
2026-09-08 10:39:14.208   -- File entry --
2026-09-08 10:39:14.208   Dest filename: C:\Users\RUNNER~1\AppData\Local\Temp\warband-extracted-11gds334\Installed Warband\_internal\_elementtree.pyd
2026-09-08 10:39:14.210   Time stamp of our file: 2026-09-08 10:38:42.000
2026-09-08 10:39:14.210   Installing the file.
2026-09-08 10:39:14.214   Successfully installed the file.
2026-09-08 10:39:14.214   -- File entry --
2026-09-08 10:39:14.214   Dest filename: C:\Users\RUNNER~1\AppData\Local\Temp\warband-extracted-11gds334\Installed Warband\_internal\_hashlib.pyd
2026-09-08 10:39:14.214   Time stamp of our file: 2026-09-08 10:38:42.000
2026-09-08 10:39:14.214   Installing the file.
2026-09-08 10:39:14.216   Successfully installed the file.
2026-09-08 10:39:14.216   -- File entry --
2026-09-08 10:39:14.216   Dest filename: C:\Users\RUNNER~1\AppData\Local\Temp\warband-extracted-11gds334\Installed Warband\_internal\_lzma.pyd
2026-09-08 10:39:14.216   Time stamp of our file: 2026-09-08 10:38:42.000
2026-09-08 10:39:14.216   Installing the file.
2026-09-08 10:39:14.222   Successfully installed the file.
2026-09-08 10:39:14.222   -- File entry --
2026-09-08 10:39:14.222   Dest filename: C:\Users\RUNNER~1\AppData\Local\Temp\warband-extracted-11gds334\Installed Warband\_internal\_multiprocessing.pyd
2026-09-08 10:39:14.222   Time stamp of our file: 2026-09-08 10:38:42.000
2026-09-08 10:39:14.222   Installing the file.
2026-09-08 10:39:14.224   Successfully installed the file.
2026-09-08 10:39:14.224   -- File entry --
2026-09-08 10:39:14.224   Dest filename: C:\Users\RUNNER~1\AppData\Local\Temp\warband-extracted-11gds334\Installed Warband\_internal\_overlapped.pyd
2026-09-08 10:39:14.224   Time stamp of our file: 2026-09-08 10:38:42.000
2026-09-08 10:39:14.224   Installing the file.
2026-09-08 10:39:14.226   Successfully installed the file.
2026-09-08 10:39:14.226   -- File entry --
2026-09-08 10:39:14.226   Dest filename: C:\Users\RUNNER~1\AppData\Local\Temp\warband-extracted-11gds334\Installed Warband\_internal\_queue.pyd
2026-09-08 10:39:14.226   Time stamp of our file: 2026-09-08 10:38:42.000
2026-09-08 10:39:14.226   Installing the file.
2026-09-08 10:39:14.228   Successfully installed the file.
2026-09-08 10:39:14.228   -- File entry --
2026-09-08 10:39:14.228   Dest filename: C:\Users\RUNNER~1\AppData\Local\Temp\warband-extracted-11gds334\Installed Warband\_internal\_socket.pyd
2026-09-08 10:39:14.228   Time stamp of our file: 2026-09-08 10:38:42.000
2026-09-08 10:39:14.228   Installing the file.
2026-09-08 10:39:14.232   Successfully installed the file.
2026-09-08 10:39:14.232   -- File entry --
2026-09-08 10:39:14.232   Dest filename: C:\Users\RUNNER~1\AppData\Local\Temp\warband-extracted-11gds334\Installed Warband\_internal\_ssl.pyd
2026-09-08 10:39:14.232   Time stamp of our file: 2026-09-08 10:38:42.000
2026-09-08 10:39:14.232   Installing the file.
2026-09-08 10:39:14.237   Successfully installed the file.
2026-09-08 10:39:14.237   -- File entry --
2026-09-08 10:39:14.237   Dest filename: C:\Users\RUNNER~1\AppData\Local\Temp\warband-extracted-11gds334\Installed Warband\_internal\_uuid.pyd
2026-09-08 10:39:14.237   Time stamp of our file: 2026-09-08 10:38:42.000
2026-09-08 10:39:14.237   Installing the file.
2026-09-08 10:39:14.239   Successfully installed the file.
2026-09-08 10:39:14.239   -- File entry --
2026-09-08 10:39:14.239   Dest filename: C:\Users\RUNNER~1\AppData\Local\Temp\warband-extracted-11gds334\Installed Warband\_internal\_wmi.pyd
2026-09-08 10:39:14.239   Time stamp of our file: 2026-09-08 10:38:42.000
2026-09-08 10:39:14.239   Installing the file.
2026-09-08 10:39:14.241   Successfully installed the file.
2026-09-08 10:39:14.241   -- File entry --
2026-09-08 10:39:14.241   Dest filename: C:\Users\RUNNER~1\AppData\Local\Temp\warband-extracted-11gds334\Installed Warband\_internal\numpy\fft\_pocketfft_umath.cp313-win_amd64.pyd
2026-09-08 10:39:14.241   Time stamp of our file: 2026-09-08 10:38:42.000
2026-09-08 10:39:14.241   Installing the file.
2026-09-08 10:39:14.241   Creating directory: C:\Users\RUNNER~1\AppData\Local\Temp\warband-extracted-11gds334\Installed Warband\_internal\numpy
2026-09-08 10:39:14.241   Creating directory: C:\Users\RUNNER~1\AppData\Local\Temp\warband-extracted-11gds334\Installed Warband\_internal\numpy\fft
2026-09-08 10:39:14.250   Successfully installed the file.
2026-09-08 10:39:14.250   -- File entry --
2026-09-08 10:39:14.250   Dest filename: C:\Users\RUNNER~1\AppData\Local\Temp\warband-extracted-11gds334\Installed Warband\_internal\numpy\linalg\_umath_linalg.cp313-win_amd64.pyd
2026-09-08 10:39:14.250   Time stamp of our file: 2026-09-08 10:38:42.000
2026-09-08 10:39:14.250   Installing the file.
2026-09-08 10:39:14.250   Creating directory: C:\Users\RUNNER~1\AppData\Local\Temp\warband-extracted-11gds334\Installed Warband\_internal\numpy\linalg
2026-09-08 10:39:14.255   Successfully installed the file.
2026-09-08 10:39:14.255   -- File entry --
2026-09-08 10:39:14.255   Dest filename: C:\Users\RUNNER~1\AppData\Local\Temp\warband-extracted-11gds334\Installed Warband\_internal\numpy\random\bit_generator.cp313-win_amd64.pyd
2026-09-08 10:39:14.255   Time stamp of our file: 2026-09-08 10:38:42.000
2026-09-08 10:39:14.255   Installing the file.
2026-09-08 10:39:14.255   Creating directory: C:\Users\RUNNER~1\AppData\Local\Temp\warband-extracted-11gds334\Installed Warband\_internal\numpy\random
2026-09-08 10:39:14.261   Successfully installed the file.
2026-09-08 10:39:14.261   -- File entry --
2026-09-08 10:39:14.261   Dest filename: C:\Users\RUNNER~1\AppData\Local\Temp\warband-extracted-11gds334\Installed Warband\_internal\numpy\random\mtrand.cp313-win_amd64.pyd
2026-09-08 10:39:14.261   Time stamp of our file: 2026-09-08 10:38:42.000
2026-09-08 10:39:14.261   Installing the file.
2026-09-08 10:39:14.276   Successfully installed the file.
2026-09-08 10:39:14.276   -- File entry --
2026-09-08 10:39:14.276   Dest filename: C:\Users\RUNNER~1\AppData\Local\Temp\warband-extracted-11gds334\Installed Warband\_internal\numpy\random\_bounded_integers.cp313-win_amd64.pyd
2026-09-08 10:39:14.276   Time stamp of our file: 2026-09-08 10:38:42.000
2026-09-08 10:39:14.276   Installing the file.
2026-09-08 10:39:14.282   Successfully installed the file.
2026-09-08 10:39:14.282   -- File entry --
2026-09-08 10:39:14.282   Dest filename: C:\Users\RUNNER~1\AppData\Local\Temp\warband-extracted-11gds334\Installed Warband\_internal\numpy\random\_common.cp313-win_amd64.pyd
2026-09-08 10:39:14.282   Time stamp of our file: 2026-09-08 10:38:42.000
2026-09-08 10:39:14.282   Installing the file.
2026-09-08 10:39:14.288   Successfully installed the file.
2026-09-08 10:39:14.288   -- File entry --
2026-09-08 10:39:14.288   Dest filename: C:\Users\RUNNER~1\AppData\Local\Temp\warband-extracted-11gds334\Installed Warband\_internal\numpy\random\_generator.cp313-win_amd64.pyd
2026-09-08 10:39:14.288   Time stamp of our file: 2026-09-08 10:38:42.000
2026-09-08 10:39:14.288   Installing the file.
2026-09-08 10:39:14.304   Successfully installed the file.
2026-09-08 10:39:14.304   -- File entry --
2026-09-08 10:39:14.304   Dest filename: C:\Users\RUNNER~1\AppData\Local\Temp\warband-extracted-11gds334\Installed Warband\_internal\numpy\random\_mt19937.cp313-win_amd64.pyd
2026-09-08 10:39:14.304   Time stamp of our file: 2026-09-08 10:38:42.000
2026-09-08 10:39:14.304   Installing the file.
2026-09-08 10:39:14.308   Successfully installed the file.
2026-09-08 10:39:14.308   -- File entry --
2026-09-08 10:39:14.308   Dest filename: C:\Users\RUNNER~1\AppData\Local\Temp\warband-extracted-11gds334\Installed Warband\_internal\numpy\random\_pcg64.cp313-win_amd64.pyd
2026-09-08 10:39:14.308   Time stamp of our file: 2026-09-08 10:38:42.000
2026-09-08 10:39:14.308   Installing the file.
2026-09-08 10:39:14.310   Successfully installed the file.
2026-09-08 10:39:14.310   -- File entry --
2026-09-08 10:39:14.310   Dest filename: C:\Users\RUNNER~1\AppData\Local\Temp\warband-extracted-11gds334\Installed Warband\_internal\numpy\random\_philox.cp313-win_amd64.pyd
2026-09-08 10:39:14.310   Time stamp of our file: 2026-09-08 10:38:42.000
2026-09-08 10:39:14.310   Installing the file.
2026-09-08 10:39:14.313   Successfully installed the file.
2026-09-08 10:39:14.313   -- File entry --
2026-09-08 10:39:14.313   Dest filename: C:\Users\RUNNER~1\AppData\Local\Temp\warband-extracted-11gds334\Installed Warband\_internal\numpy\random\_sfc64.cp313-win_amd64.pyd
2026-09-08 10:39:14.313   Time stamp of our file: 2026-09-08 10:38:42.000
2026-09-08 10:39:14.313   Installing the file.
2026-09-08 10:39:14.315   Successfully installed the file.
2026-09-08 10:39:14.315   -- File entry --
2026-09-08 10:39:14.315   Dest filename: C:\Users\RUNNER~1\AppData\Local\Temp\warband-extracted-11gds334\Installed Warband\_internal\numpy\_core\_multiarray_tests.cp313-win_amd64.pyd
2026-09-08 10:39:14.315   Time stamp of our file: 2026-09-08 10:38:42.000
2026-09-08 10:39:14.315   Installing the file.
2026-09-08 10:39:14.315   Creating directory: C:\Users\RUNNER~1\AppData\Local\Temp\warband-extracted-11gds334\Installed Warband\_internal\numpy\_core
2026-09-08 10:39:14.317   Successfully installed the file.
2026-09-08 10:39:14.317   -- File entry --
2026-09-08 10:39:14.317   Dest filename: C:\Users\RUNNER~1\AppData\Local\Temp\warband-extracted-11gds334\Installed Warband\_internal\numpy\_core\_multiarray_umath.cp313-win_amd64.pyd
2026-09-08 10:39:14.317   Time stamp of our file: 2026-09-08 10:38:42.000
2026-09-08 10:39:14.317   Installing the file.
2026-09-08 10:39:14.411   Successfully installed the file.
2026-09-08 10:39:14.411   -- File entry --
2026-09-08 10:39:14.411   Dest filename: C:\Users\RUNNER~1\AppData\Local\Temp\warband-extracted-11gds334\Installed Warband\_internal\numpy-2.4.2.dist-info\DELVEWHEEL
2026-09-08 10:39:14.411   Time stamp of our file: 2026-09-08 10:38:42.000
2026-09-08 10:39:14.411   Installing the file.
2026-09-08 10:39:14.411   Creating directory: C:\Users\RUNNER~1\AppData\Local\Temp\warband-extracted-11gds334\Installed Warband\_internal\numpy-2.4.2.dist-info
2026-09-08 10:39:14.412   Successfully installed the file.
2026-09-08 10:39:14.412   -- File entry --
2026-09-08 10:39:14.412   Dest filename: C:\Users\RUNNER~1\AppData\Local\Temp\warband-extracted-11gds334\Installed Warband\_internal\numpy-2.4.2.dist-info\entry_points.txt
2026-09-08 10:39:14.412   Time stamp of our file: 2026-09-08 10:38:42.000
2026-09-08 10:39:14.412   Installing the file.
2026-09-08 10:39:14.413   Successfully installed the file.
2026-09-08 10:39:14.413   -- File entry --
2026-09-08 10:39:14.413   Dest filename: C:\Users\RUNNER~1\AppData\Local\Temp\warband-extracted-11gds334\Installed Warband\_internal\numpy-2.4.2.dist-info\INSTALLER
2026-09-08 10:39:14.413   Time stamp of our file: 2026-09-08 10:38:42.000
2026-09-08 10:39:14.413   Installing the file.
2026-09-08 10:39:14.419   Successfully installed the file.
2026-09-08 10:39:14.419   -- File entry --
2026-09-08 10:39:14.419   Dest filename: C:\Users\RUNNER~1\AppData\Local\Temp\warband-extracted-11gds334\Installed Warband\_internal\numpy-2.4.2.dist-info\METADATA
2026-09-08 10:39:14.419   Time stamp of our file: 2026-09-08 10:38:42.000
2026-09-08 10:39:14.419   Installing the file.
2026-09-08 10:39:14.420   Successfully installed the file.
2026-09-08 10:39:14.420   -- File entry --
2026-09-08 10:39:14.420   Dest filename: C:\Users\RUNNER~1\AppData\Local\Temp\warband-extracted-11gds334\Installed Warband\_internal\numpy-2.4.2.dist-info\RECORD
2026-09-08 10:39:14.421   Time stamp of our file: 2026-09-08 10:38:42.000
2026-09-08 10:39:14.421   Installing the file.
2026-09-08 10:39:14.424   Successfully installed the file.
2026-09-08 10:39:14.424   -- File entry --
2026-09-08 10:39:14.424   Dest filename: C:\Users\RUNNER~1\AppData\Local\Temp\warband-extracted-11gds334\Installed Warband\_internal\numpy-2.4.2.dist-info\REQUESTED
2026-09-08 10:39:14.424   Time stamp of our file: 2026-09-08 10:38:42.000
2026-09-08 10:39:14.424   Installing the file.
2026-09-08 10:39:14.424   Successfully installed the file.
2026-09-08 10:39:14.424   -- File entry --
2026-09-08 10:39:14.424   Dest filename: C:\Users\RUNNER~1\AppData\Local\Temp\warband-extracted-11gds334\Installed Warband\_internal\numpy-2.4.2.dist-info\WHEEL
2026-09-08 10:39:14.426   Time stamp of our file: 2026-09-08 10:38:42.000
2026-09-08 10:39:14.426   Installing the file.
2026-09-08 10:39:14.426   Successfully installed the file.
2026-09-08 10:39:14.426   -- File entry --
2026-09-08 10:39:14.426   Dest filename: C:\Users\RUNNER~1\AppData\Local\Temp\warband-extracted-11gds334\Installed Warband\_internal\numpy-2.4.2.dist-info\licenses\LICENSE.txt
2026-09-08 10:39:14.426   Time stamp of our file: 2026-09-08 10:38:42.000
2026-09-08 10:39:14.426   Installing the file.
2026-09-08 10:39:14.426   Creating directory: C:\Users\RUNNER~1\AppData\Local\Temp\warband-extracted-11gds334\Installed Warband\_internal\numpy-2.4.2.dist-info\licenses
2026-09-08 10:39:14.428   Successfully installed the file.
2026-09-08 10:39:14.428   -- File entry --
2026-09-08 10:39:14.428   Dest filename: C:\Users\RUNNER~1\AppData\Local\Temp\warband-extracted-11gds334\Installed Warband\_internal\numpy-2.4.2.dist-info\licenses\numpy\fft\pocketfft\LICENSE.md
2026-09-08 10:39:14.428   Time stamp of our file: 2026-09-08 10:38:42.000
2026-09-08 10:39:14.428   Installing the file.
2026-09-08 10:39:14.428   Creating directory: C:\Users\RUNNER~1\AppData\Local\Temp\warband-extracted-11gds334\Installed Warband\_internal\numpy-2.4.2.dist-info\licenses\numpy
2026-09-08 10:39:14.428   Creating directory: C:\Users\RUNNER~1\AppData\Local\Temp\warband-extracted-11gds334\Installed Warband\_internal\numpy-2.4.2.dist-info\licenses\numpy\fft
2026-09-08 10:39:14.430   Creating directory: C:\Users\RUNNER~1\AppData\Local\Temp\warband-extracted-11gds334\Installed Warband\_internal\numpy-2.4.2.dist-info\licenses\numpy\fft\pocketfft
2026-09-08 10:39:14.430   Successfully installed the file.
2026-09-08 10:39:14.430   -- File entry --
2026-09-08 10:39:14.430   Dest filename: C:\Users\RUNNER~1\AppData\Local\Temp\warband-extracted-11gds334\Installed Warband\_internal\numpy-2.4.2.dist-info\licenses\numpy\linalg\lapack_lite\LICENSE.txt
2026-09-08 10:39:14.430   Time stamp of our file: 2026-09-08 10:38:42.000
2026-09-08 10:39:14.430   Installing the file.
2026-09-08 10:39:14.430   Creating directory: C:\Users\RUNNER~1\AppData\Local\Temp\warband-extracted-11gds334\Installed Warband\_internal\numpy-2.4.2.dist-info\licenses\numpy\linalg
2026-09-08 10:39:14.430   Creating directory: C:\Users\RUNNER~1\AppData\Local\Temp\warband-extracted-11gds334\Installed Warband\_internal\numpy-2.4.2.dist-info\licenses\numpy\linalg\lapack_lite
2026-09-08 10:39:14.432   Successfully installed the file.
2026-09-08 10:39:14.432   -- File entry --
2026-09-08 10:39:14.432   Dest filename: C:\Users\RUNNER~1\AppData\Local\Temp\warband-extracted-11gds334\Installed Warband\_internal\numpy-2.4.2.dist-info\licenses\numpy\ma\LICENSE
2026-09-08 10:39:14.432   Time stamp of our file: 2026-09-08 10:38:42.000
2026-09-08 10:39:14.432   Installing the file.
2026-09-08 10:39:14.432   Creating directory: C:\Users\RUNNER~1\AppData\Local\Temp\warband-extracted-11gds334\Installed Warband\_internal\numpy-2.4.2.dist-info\licenses\numpy\ma
2026-09-08 10:39:14.432   Successfully installed the file.
2026-09-08 10:39:14.434   -- File entry --
2026-09-08 10:39:14.434   Dest filename: C:\Users\RUNNER~1\AppData\Local\Temp\warband-extracted-11gds334\Installed Warband\_internal\numpy-2.4.2.dist-info\licenses\numpy\random\LICENSE.md
2026-09-08 10:39:14.434   Time stamp of our file: 2026-09-08 10:38:42.000
2026-09-08 10:39:14.434   Installing the file.
2026-09-08 10:39:14.434   Creating directory: C:\Users\RUNNER~1\AppData\Local\Temp\warband-extracted-11gds334\Installed Warband\_internal\numpy-2.4.2.dist-info\licenses\numpy\random
2026-09-08 10:39:14.434   Successfully installed the file.
2026-09-08 10:39:14.434   -- File entry --
2026-09-08 10:39:14.434   Dest filename: C:\Users\RUNNER~1\AppData\Local\Temp\warband-extracted-11gds334\Installed Warband\_internal\numpy-2.4.2.dist-info\licenses\numpy\random\src\distributions\LICENSE.md
2026-09-08 10:39:14.434   Time stamp of our file: 2026-09-08 10:38:42.000
2026-09-08 10:39:14.434   Installing the file.
2026-09-08 10:39:14.434   Creating directory: C:\Users\RUNNER~1\AppData\Local\Temp\warband-extracted-11gds334\Installed Warband\_internal\numpy-2.4.2.dist-info\licenses\numpy\random\src
2026-09-08 10:39:14.434   Creating directory: C:\Users\RUNNER~1\AppData\Local\Temp\warband-extracted-11gds334\Installed Warband\_internal\numpy-2.4.2.dist-info\licenses\numpy\random\src\distributions
2026-09-08 10:39:14.436   Successfully installed the file.
2026-09-08 10:39:14.436   -- File entry --
2026-09-08 10:39:14.436   Dest filename: C:\Users\RUNNER~1\AppData\Local\Temp\warband-extracted-11gds334\Installed Warband\_internal\numpy-2.4.2.dist-info\licenses\numpy\random\src\mt19937\LICENSE.md
2026-09-08 10:39:14.436   Time stamp of our file: 2026-09-08 10:38:42.000
2026-09-08 10:39:14.436   Installing the file.
2026-09-08 10:39:14.436   Creating directory: C:\Users\RUNNER~1\AppData\Local\Temp\warband-extracted-11gds334\Installed Warband\_internal\numpy-2.4.2.dist-info\licenses\numpy\random\src\mt19937
2026-09-08 10:39:14.438   Successfully installed the file.
2026-09-08 10:39:14.438   -- File entry --
2026-09-08 10:39:14.438   Dest filename: C:\Users\RUNNER~1\AppData\Local\Temp\warband-extracted-11gds334\Installed Warband\_internal\numpy-2.4.2.dist-info\licenses\numpy\random\src\pcg64\LICENSE.md
2026-09-08 10:39:14.438   Time stamp of our file: 2026-09-08 10:38:42.000
2026-09-08 10:39:14.438   Installing the file.
2026-09-08 10:39:14.438   Creating directory: C:\Users\RUNNER~1\AppData\Local\Temp\warband-extracted-11gds334\Installed Warband\_internal\numpy-2.4.2.dist-info\licenses\numpy\random\src\pcg64
2026-09-08 10:39:14.440   Successfully installed the file.
2026-09-08 10:39:14.440   -- File entry --
2026-09-08 10:39:14.440   Dest filename: C:\Users\RUNNER~1\AppData\Local\Temp\warband-extracted-11gds334\Installed Warband\_internal\numpy-2.4.2.dist-info\licenses\numpy\random\src\philox\LICENSE.md
2026-09-08 10:39:14.440   Time stamp of our file: 2026-09-08 10:38:42.000
2026-09-08 10:39:14.440   Installing the file.
2026-09-08 10:39:14.440   Creating directory: C:\Users\RUNNER~1\AppData\Local\Temp\warband-extracted-11gds334\Installed Warband\_internal\numpy-2.4.2.dist-info\licenses\numpy\random\src\philox
2026-09-08 10:39:14.440   Successfully installed the file.
2026-09-08 10:39:14.440   -- File entry --
2026-09-08 10:39:14.440   Dest filename: C:\Users\RUNNER~1\AppData\Local\Temp\warband-extracted-11gds334\Installed Warband\_internal\numpy-2.4.2.dist-info\licenses\numpy\random\src\sfc64\LICENSE.md
2026-09-08 10:39:14.442   Time stamp of our file: 2026-09-08 10:38:42.000
2026-09-08 10:39:14.442   Installing the file.
2026-09-08 10:39:14.442   Creating directory: C:\Users\RUNNER~1\AppData\Local\Temp\warband-extracted-11gds334\Installed Warband\_internal\numpy-2.4.2.dist-info\licenses\numpy\random\src\sfc64
2026-09-08 10:39:14.442   Successfully installed the file.
2026-09-08 10:39:14.442   -- File entry --
2026-09-08 10:39:14.442   Dest filename: C:\Users\RUNNER~1\AppData\Local\Temp\warband-extracted-11gds334\Installed Warband\_internal\numpy-2.4.2.dist-info\licenses\numpy\random\src\splitmix64\LICENSE.md
2026-09-08 10:39:14.442   Time stamp of our file: 2026-09-08 10:38:42.000
2026-09-08 10:39:14.442   Installing the file.
2026-09-08 10:39:14.442   Creating directory: C:\Users\RUNNER~1\AppData\Local\Temp\warband-extracted-11gds334\Installed Warband\_internal\numpy-2.4.2.dist-info\licenses\numpy\random\src\splitmix64
2026-09-08 10:39:14.444   Successfully installed the file.
2026-09-08 10:39:14.444   -- File entry --
2026-09-08 10:39:14.444   Dest filename: C:\Users\RUNNER~1\AppData\Local\Temp\warband-extracted-11gds334\Installed Warband\_internal\numpy-2.4.2.dist-info\licenses\numpy\_core\include\numpy\libdivide\LICENSE.txt
2026-09-08 10:39:14.446   Time stamp of our file: 2026-09-08 10:38:42.000
2026-09-08 10:39:14.446   Installing the file.
2026-09-08 10:39:14.446   Creating directory: C:\Users\RUNNER~1\AppData\Local\Temp\warband-extracted-11gds334\Installed Warband\_internal\numpy-2.4.2.dist-info\licenses\numpy\_core
2026-09-08 10:39:14.446   Creating directory: C:\Users\RUNNER~1\AppData\Local\Temp\warband-extracted-11gds334\Installed Warband\_internal\numpy-2.4.2.dist-info\licenses\numpy\_core\include
2026-09-08 10:39:14.446   Creating directory: C:\Users\RUNNER~1\AppData\Local\Temp\warband-extracted-11gds334\Installed Warband\_internal\numpy-2.4.2.dist-info\licenses\numpy\_core\include\numpy
2026-09-08 10:39:14.446   Creating directory: C:\Users\RUNNER~1\AppData\Local\Temp\warband-extracted-11gds334\Installed Warband\_internal\numpy-2.4.2.dist-info\licenses\numpy\_core\include\numpy\libdivide
2026-09-08 10:39:14.446   Successfully installed the file.
2026-09-08 10:39:14.448   -- File entry --
2026-09-08 10:39:14.448   Dest filename: C:\Users\RUNNER~1\AppData\Local\Temp\warband-extracted-11gds334\Installed Warband\_internal\numpy-2.4.2.dist-info\licenses\numpy\_core\src\common\pythoncapi-compat\COPYING
2026-09-08 10:39:14.448   Time stamp of our file: 2026-09-08 10:38:42.000
2026-09-08 10:39:14.448   Installing the file.
2026-09-08 10:39:14.448   Creating directory: C:\Users\RUNNER~1\AppData\Local\Temp\warband-extracted-11gds334\Installed Warband\_internal\numpy-2.4.2.dist-info\licenses\numpy\_core\src
2026-09-08 10:39:14.448   Creating directory: C:\Users\RUNNER~1\AppData\Local\Temp\warband-extracted-11gds334\Installed Warband\_internal\numpy-2.4.2.dist-info\licenses\numpy\_core\src\common
2026-09-08 10:39:14.448   Creating directory: C:\Users\RUNNER~1\AppData\Local\Temp\warband-extracted-11gds334\Installed Warband\_internal\numpy-2.4.2.dist-info\licenses\numpy\_core\src\common\pythoncapi-compat
2026-09-08 10:39:14.448   Successfully installed the file.
2026-09-08 10:39:14.448   -- File entry --
2026-09-08 10:39:14.448   Dest filename: C:\Users\RUNNER~1\AppData\Local\Temp\warband-extracted-11gds334\Installed Warband\_internal\numpy-2.4.2.dist-info\licenses\numpy\_core\src\highway\LICENSE
2026-09-08 10:39:14.450   Time stamp of our file: 2026-09-08 10:38:42.000
2026-09-08 10:39:14.450   Installing the file.
2026-09-08 10:39:14.450   Creating directory: C:\Users\RUNNER~1\AppData\Local\Temp\warband-extracted-11gds334\Installed Warband\_internal\numpy-2.4.2.dist-info\licenses\numpy\_core\src\highway
2026-09-08 10:39:14.451   Successfully installed the file.
2026-09-08 10:39:14.451   -- File entry --
2026-09-08 10:39:14.451   Dest filename: C:\Users\RUNNER~1\AppData\Local\Temp\warband-extracted-11gds334\Installed Warband\_internal\numpy-2.4.2.dist-info\licenses\numpy\_core\src\multiarray\dragon4_LICENSE.txt
2026-09-08 10:39:14.452   Time stamp of our file: 2026-09-08 10:38:42.000
2026-09-08 10:39:14.452   Installing the file.
2026-09-08 10:39:14.452   Creating directory: C:\Users\RUNNER~1\AppData\Local\Temp\warband-extracted-11gds334\Installed Warband\_internal\numpy-2.4.2.dist-info\licenses\numpy\_core\src\multiarray
2026-09-08 10:39:14.453   Successfully installed the file.
2026-09-08 10:39:14.453   -- File entry --
2026-09-08 10:39:14.453   Dest filename: C:\Users\RUNNER~1\AppData\Local\Temp\warband-extracted-11gds334\Installed Warband\_internal\numpy-2.4.2.dist-info\licenses\numpy\_core\src\npysort\x86-simd-sort\LICENSE.md
2026-09-08 10:39:14.453   Time stamp of our file: 2026-09-08 10:38:42.000
2026-09-08 10:39:14.453   Installing the file.
2026-09-08 10:39:14.453   Creating directory: C:\Users\RUNNER~1\AppData\Local\Temp\warband-extracted-11gds334\Installed Warband\_internal\numpy-2.4.2.dist-info\licenses\numpy\_core\src\npysort
2026-09-08 10:39:14.453   Creating directory: C:\Users\RUNNER~1\AppData\Local\Temp\warband-extracted-11gds334\Installed Warband\_internal\numpy-2.4.2.dist-info\licenses\numpy\_core\src\npysort\x86-simd-sort
2026-09-08 10:39:14.454   Successfully installed the file.
2026-09-08 10:39:14.454   -- File entry --
2026-09-08 10:39:14.454   Dest filename: C:\Users\RUNNER~1\AppData\Local\Temp\warband-extracted-11gds334\Installed Warband\_internal\numpy-2.4.2.dist-info\licenses\numpy\_core\src\umath\svml\LICENSE
2026-09-08 10:39:14.455   Time stamp of our file: 2026-09-08 10:38:42.000
2026-09-08 10:39:14.455   Installing the file.
2026-09-08 10:39:14.455   Creating directory: C:\Users\RUNNER~1\AppData\Local\Temp\warband-extracted-11gds334\Installed Warband\_internal\numpy-2.4.2.dist-info\licenses\numpy\_core\src\umath
2026-09-08 10:39:14.455   Creating directory: C:\Users\RUNNER~1\AppData\Local\Temp\warband-extracted-11gds334\Installed Warband\_internal\numpy-2.4.2.dist-info\licenses\numpy\_core\src\umath\svml
2026-09-08 10:39:14.456   Successfully installed the file.
2026-09-08 10:39:14.456   -- File entry --
2026-09-08 10:39:14.456   Dest filename: C:\Users\RUNNER~1\AppData\Local\Temp\warband-extracted-11gds334\Installed Warband\_internal\numpy.libs\libscipy_openblas64_-74a408729250596b0973e69fdd954eea.dll
2026-09-08 10:39:14.456   Time stamp of our file: 2026-09-08 10:38:42.000
2026-09-08 10:39:14.456   Installing the file.
2026-09-08 10:39:14.456   Creating directory: C:\Users\RUNNER~1\AppData\Local\Temp\warband-extracted-11gds334\Installed Warband\_internal\numpy.libs
2026-09-08 10:39:14.893   Successfully installed the file.
2026-09-08 10:39:14.893   -- File entry --
2026-09-08 10:39:14.893   Dest filename: C:\Users\RUNNER~1\AppData\Local\Temp\warband-extracted-11gds334\Installed Warband\_internal\numpy.libs\msvcp140-a4c2229bdc2a2a630acdc095b4d86008.dll
2026-09-08 10:39:14.893   Time stamp of our file: 2026-09-08 10:38:42.000
2026-09-08 10:39:14.893   Installing the file.
2026-09-08 10:39:14.909   Successfully installed the file.
2026-09-08 10:39:14.911   -- File entry --
2026-09-08 10:39:14.911   Dest filename: C:\Users\RUNNER~1\AppData\Local\Temp\warband-extracted-11gds334\Installed Warband\_internal\PIL\_avif.cp313-win_amd64.pyd
2026-09-08 10:39:14.911   Time stamp of our file: 2026-09-08 10:38:42.000
2026-09-08 10:39:14.911   Installing the file.
2026-09-08 10:39:14.911   Creating directory: C:\Users\RUNNER~1\AppData\Local\Temp\warband-extracted-11gds334\Installed Warband\_internal\PIL
2026-09-08 10:39:15.104   Successfully installed the file.
2026-09-08 10:39:15.104   -- File entry --
2026-09-08 10:39:15.104   Dest filename: C:\Users\RUNNER~1\AppData\Local\Temp\warband-extracted-11gds334\Installed Warband\_internal\PIL\_imaging.cp313-win_amd64.pyd
2026-09-08 10:39:15.104   Time stamp of our file: 2026-09-08 10:38:42.000
2026-09-08 10:39:15.104   Installing the file.
2026-09-08 10:39:15.178   Successfully installed the file.
2026-09-08 10:39:15.178   -- File entry --
2026-09-08 10:39:15.178   Dest filename: C:\Users\RUNNER~1\AppData\Local\Temp\warband-extracted-11gds334\Installed Warband\_internal\PIL\_imagingcms.cp313-win_amd64.pyd
2026-09-08 10:39:15.178   Time stamp of our file: 2026-09-08 10:38:42.000
2026-09-08 10:39:15.178   Installing the file.
2026-09-08 10:39:15.190   Successfully installed the file.
2026-09-08 10:39:15.190   -- File entry --
2026-09-08 10:39:15.190   Dest filename: C:\Users\RUNNER~1\AppData\Local\Temp\warband-extracted-11gds334\Installed Warband\_internal\PIL\_imagingft.cp313-win_amd64.pyd
2026-09-08 10:39:15.190   Time stamp of our file: 2026-09-08 10:38:42.000
2026-09-08 10:39:15.190   Installing the file.
2026-09-08 10:39:15.257   Successfully installed the file.
2026-09-08 10:39:15.257   -- File entry --
2026-09-08 10:39:15.257   Dest filename: C:\Users\RUNNER~1\AppData\Local\Temp\warband-extracted-11gds334\Installed Warband\_internal\PIL\_imagingmath.cp313-win_amd64.pyd
2026-09-08 10:39:15.257   Time stamp of our file: 2026-09-08 10:38:42.000
2026-09-08 10:39:15.257   Installing the file.
2026-09-08 10:39:15.257   Successfully installed the file.
2026-09-08 10:39:15.257   -- File entry --
2026-09-08 10:39:15.257   Dest filename: C:\Users\RUNNER~1\AppData\Local\Temp\warband-extracted-11gds334\Installed Warband\_internal\PIL\_imagingtk.cp313-win_amd64.pyd
2026-09-08 10:39:15.259   Time stamp of our file: 2026-09-08 10:38:42.000
2026-09-08 10:39:15.259   Installing the file.
2026-09-08 10:39:15.259   Successfully installed the file.
2026-09-08 10:39:15.259   -- File entry --
2026-09-08 10:39:15.259   Dest filename: C:\Users\RUNNER~1\AppData\Local\Temp\warband-extracted-11gds334\Installed Warband\_internal\PIL\_webp.cp313-win_amd64.pyd
2026-09-08 10:39:15.259   Time stamp of our file: 2026-09-08 10:38:42.000
2026-09-08 10:39:15.259   Installing the file.
2026-09-08 10:39:15.267   Successfully installed the file.
2026-09-08 10:39:15.267   -- File entry --
2026-09-08 10:39:15.267   Dest filename: C:\Users\RUNNER~1\AppData\Local\Temp\warband-extracted-11gds334\Installed Warband\_internal\release\build-info.json
2026-09-08 10:39:15.267   Time stamp of our file: 2026-09-08 10:38:42.000
2026-09-08 10:39:15.267   Installing the file.
2026-09-08 10:39:15.269   Creating directory: C:\Users\RUNNER~1\AppData\Local\Temp\warband-extracted-11gds334\Installed Warband\_internal\release
2026-09-08 10:39:15.269   Successfully installed the file.
2026-09-08 10:39:15.269   -- File entry --
2026-09-08 10:39:15.269   Dest filename: C:\Users\RUNNER~1\AppData\Local\Temp\warband-extracted-11gds334\Installed Warband\_internal\release\build-tools.txt
2026-09-08 10:39:15.269   Time stamp of our file: 2026-09-08 10:38:42.000
2026-09-08 10:39:15.269   Installing the file.
2026-09-08 10:39:15.271   Successfully installed the file.
2026-09-08 10:39:15.271   -- File entry --
2026-09-08 10:39:15.271   Dest filename: C:\Users\RUNNER~1\AppData\Local\Temp\warband-extracted-11gds334\Installed Warband\_internal\release\LICENSE
2026-09-08 10:39:15.271   Time stamp of our file: 2026-09-08 10:38:42.000
2026-09-08 10:39:15.271   Installing the file.
2026-09-08 10:39:15.271   Successfully installed the file.
2026-09-08 10:39:15.271   -- File entry --
2026-09-08 10:39:15.271   Dest filename: C:\Users\RUNNER~1\AppData\Local\Temp\warband-extracted-11gds334\Installed Warband\_internal\release\uv.lock
2026-09-08 10:39:15.271   Time stamp of our file: 2026-09-08 10:38:42.000
2026-09-08 10:39:15.271   Installing the file.
2026-09-08 10:39:15.277   Successfully installed the file.
2026-09-08 10:39:15.277   -- File entry --
2026-09-08 10:39:15.277   Dest filename: C:\Users\RUNNER~1\AppData\Local\Temp\warband-extracted-11gds334\Installed Warband\_internal\release\warband-play-together.md
2026-09-08 10:39:15.277   Time stamp of our file: 2026-09-08 10:38:42.000
2026-09-08 10:39:15.277   Installing the file.
2026-09-08 10:39:15.279   Successfully installed the file.
2026-09-08 10:39:15.279   -- File entry --
2026-09-08 10:39:15.279   Dest filename: C:\Users\RUNNER~1\AppData\Local\Temp\warband-extracted-11gds334\Installed Warband\_internal\release\windows-warband.md
2026-09-08 10:39:15.279   Time stamp of our file: 2026-09-08 10:38:42.000
2026-09-08 10:39:15.279   Installing the file.
2026-09-08 10:39:15.281   Successfully installed the file.
2026-09-08 10:39:15.281   -- File entry --
2026-09-08 10:39:15.281   Dest filename: C:\Users\RUNNER~1\AppData\Local\Temp\warband-extracted-11gds334\Installed Warband\_internal\release\licenses\CPython-LICENSE.txt
2026-09-08 10:39:15.281   Time stamp of our file: 2026-09-08 10:38:42.000
2026-09-08 10:39:15.281   Installing the file.
2026-09-08 10:39:15.281   Creating directory: C:\Users\RUNNER~1\AppData\Local\Temp\warband-extracted-11gds334\Installed Warband\_internal\release\licenses
2026-09-08 10:39:15.281   Successfully installed the file.
2026-09-08 10:39:15.281   -- File entry --
2026-09-08 10:39:15.283   Dest filename: C:\Users\RUNNER~1\AppData\Local\Temp\warband-extracted-11gds334\Installed Warband\_internal\release\licenses\numpy\numpy\ma\LICENSE
2026-09-08 10:39:15.283   Time stamp of our file: 2026-09-08 10:38:42.000
2026-09-08 10:39:15.283   Installing the file.
2026-09-08 10:39:15.283   Creating directory: C:\Users\RUNNER~1\AppData\Local\Temp\warband-extracted-11gds334\Installed Warband\_internal\release\licenses\numpy
2026-09-08 10:39:15.283   Creating directory: C:\Users\RUNNER~1\AppData\Local\Temp\warband-extracted-11gds334\Installed Warband\_internal\release\licenses\numpy\numpy
2026-09-08 10:39:15.283   Creating directory: C:\Users\RUNNER~1\AppData\Local\Temp\warband-extracted-11gds334\Installed Warband\_internal\release\licenses\numpy\numpy\ma
2026-09-08 10:39:15.283   Successfully installed the file.
2026-09-08 10:39:15.283   -- File entry --
2026-09-08 10:39:15.285   Dest filename: C:\Users\RUNNER~1\AppData\Local\Temp\warband-extracted-11gds334\Installed Warband\_internal\release\licenses\numpy\numpy\random\LICENSE.md
2026-09-08 10:39:15.285   Time stamp of our file: 2026-09-08 10:38:42.000
2026-09-08 10:39:15.285   Installing the file.
2026-09-08 10:39:15.285   Creating directory: C:\Users\RUNNER~1\AppData\Local\Temp\warband-extracted-11gds334\Installed Warband\_internal\release\licenses\numpy\numpy\random
2026-09-08 10:39:15.285   Successfully installed the file.
2026-09-08 10:39:15.285   -- File entry --
2026-09-08 10:39:15.285   Dest filename: C:\Users\RUNNER~1\AppData\Local\Temp\warband-extracted-11gds334\Installed Warband\_internal\release\licenses\numpy\numpy\_core\include\numpy\random\LICENSE.txt
2026-09-08 10:39:15.285   Time stamp of our file: 2026-09-08 10:38:42.000
2026-09-08 10:39:15.285   Installing the file.
2026-09-08 10:39:15.285   Creating directory: C:\Users\RUNNER~1\AppData\Local\Temp\warband-extracted-11gds334\Installed Warband\_internal\release\licenses\numpy\numpy\_core
2026-09-08 10:39:15.287   Creating directory: C:\Users\RUNNER~1\AppData\Local\Temp\warband-extracted-11gds334\Installed Warband\_internal\release\licenses\numpy\numpy\_core\include
2026-09-08 10:39:15.287   Creating directory: C:\Users\RUNNER~1\AppData\Local\Temp\warband-extracted-11gds334\Installed Warband\_internal\release\licenses\numpy\numpy\_core\include\numpy
2026-09-08 10:39:15.287   Creating directory: C:\Users\RUNNER~1\AppData\Local\Temp\warband-extracted-11gds334\Installed Warband\_internal\release\licenses\numpy\numpy\_core\include\numpy\random
2026-09-08 10:39:15.287   Successfully installed the file.
2026-09-08 10:39:15.287   -- File entry --
2026-09-08 10:39:15.289   Dest filename: C:\Users\RUNNER~1\AppData\Local\Temp\warband-extracted-11gds334\Installed Warband\_internal\release\licenses\numpy\numpy-2.4.2.dist-info\licenses\LICENSE.txt
2026-09-08 10:39:15.289   Time stamp of our file: 2026-09-08 10:38:42.000
2026-09-08 10:39:15.289   Installing the file.
2026-09-08 10:39:15.289   Creating directory: C:\Users\RUNNER~1\AppData\Local\Temp\warband-extracted-11gds334\Installed Warband\_internal\release\licenses\numpy\numpy-2.4.2.dist-info
2026-09-08 10:39:15.289   Creating directory: C:\Users\RUNNER~1\AppData\Local\Temp\warband-extracted-11gds334\Installed Warband\_internal\release\licenses\numpy\numpy-2.4.2.dist-info\licenses
2026-09-08 10:39:15.291   Successfully installed the file.
2026-09-08 10:39:15.291   -- File entry --
2026-09-08 10:39:15.291   Dest filename: C:\Users\RUNNER~1\AppData\Local\Temp\warband-extracted-11gds334\Installed Warband\_internal\release\licenses\numpy\numpy-2.4.2.dist-info\licenses\numpy\fft\pocketfft\LICENSE.md
2026-09-08 10:39:15.292   Time stamp of our file: 2026-09-08 10:38:42.000
2026-09-08 10:39:15.292   Installing the file.
2026-09-08 10:39:15.292   Creating directory: C:\Users\RUNNER~1\AppData\Local\Temp\warband-extracted-11gds334\Installed Warband\_internal\release\licenses\numpy\numpy-2.4.2.dist-info\licenses\numpy
2026-09-08 10:39:15.292   Creating directory: C:\Users\RUNNER~1\AppData\Local\Temp\warband-extracted-11gds334\Installed Warband\_internal\release\licenses\numpy\numpy-2.4.2.dist-info\licenses\numpy\fft
2026-09-08 10:39:15.292   Creating directory: C:\Users\RUNNER~1\AppData\Local\Temp\warband-extracted-11gds334\Installed Warband\_internal\release\licenses\numpy\numpy-2.4.2.dist-info\licenses\numpy\fft\pocketfft
2026-09-08 10:39:15.293   Successfully installed the file.
2026-09-08 10:39:15.293   -- File entry --
2026-09-08 10:39:15.293   Dest filename: C:\Users\RUNNER~1\AppData\Local\Temp\warband-extracted-11gds334\Installed Warband\_internal\release\licenses\numpy\numpy-2.4.2.dist-info\licenses\numpy\linalg\lapack_lite\LICENSE.txt
2026-09-08 10:39:15.293   Time stamp of our file: 2026-09-08 10:38:42.000
2026-09-08 10:39:15.293   Installing the file.
2026-09-08 10:39:15.293   Creating directory: C:\Users\RUNNER~1\AppData\Local\Temp\warband-extracted-11gds334\Installed Warband\_internal\release\licenses\numpy\numpy-2.4.2.dist-info\licenses\numpy\linalg
2026-09-08 10:39:15.294   Creating directory: C:\Users\RUNNER~1\AppData\Local\Temp\warband-extracted-11gds334\Installed Warband\_internal\release\licenses\numpy\numpy-2.4.2.dist-info\licenses\numpy\linalg\lapack_lite
2026-09-08 10:39:15.295   Successfully installed the file.
2026-09-08 10:39:15.295   -- File entry --
2026-09-08 10:39:15.295   Dest filename: C:\Users\RUNNER~1\AppData\Local\Temp\warband-extracted-11gds334\Installed Warband\_internal\release\licenses\numpy\numpy-2.4.2.dist-info\licenses\numpy\ma\LICENSE
2026-09-08 10:39:15.295   Time stamp of our file: 2026-09-08 10:38:42.000
2026-09-08 10:39:15.295   Installing the file.
2026-09-08 10:39:15.295   Creating directory: C:\Users\RUNNER~1\AppData\Local\Temp\warband-extracted-11gds334\Installed Warband\_internal\release\licenses\numpy\numpy-2.4.2.dist-info\licenses\numpy\ma
2026-09-08 10:39:15.297   Successfully installed the file.
2026-09-08 10:39:15.297   -- File entry --
2026-09-08 10:39:15.297   Dest filename: C:\Users\RUNNER~1\AppData\Local\Temp\warband-extracted-11gds334\Installed Warband\_internal\release\licenses\numpy\numpy-2.4.2.dist-info\licenses\numpy\random\LICENSE.md
2026-09-08 10:39:15.297   Time stamp of our file: 2026-09-08 10:38:42.000
2026-09-08 10:39:15.297   Installing the file.
2026-09-08 10:39:15.298   Creating directory: C:\Users\RUNNER~1\AppData\Local\Temp\warband-extracted-11gds334\Installed Warband\_internal\release\licenses\numpy\numpy-2.4.2.dist-info\licenses\numpy\random
2026-09-08 10:39:15.299   Successfully installed the file.
2026-09-08 10:39:15.299   -- File entry --
2026-09-08 10:39:15.299   Dest filename: C:\Users\RUNNER~1\AppData\Local\Temp\warband-extracted-11gds334\Installed Warband\_internal\release\licenses\numpy\numpy-2.4.2.dist-info\licenses\numpy\random\src\distributions\LICENSE.md
2026-09-08 10:39:15.299   Time stamp of our file: 2026-09-08 10:38:42.000
2026-09-08 10:39:15.299   Installing the file.
2026-09-08 10:39:15.300   Creating directory: C:\Users\RUNNER~1\AppData\Local\Temp\warband-extracted-11gds334\Installed Warband\_internal\release\licenses\numpy\numpy-2.4.2.dist-info\licenses\numpy\random\src
2026-09-08 10:39:15.300   Creating directory: C:\Users\RUNNER~1\AppData\Local\Temp\warband-extracted-11gds334\Installed Warband\_internal\release\licenses\numpy\numpy-2.4.2.dist-info\licenses\numpy\random\src\distributions
2026-09-08 10:39:15.301   Successfully installed the file.
2026-09-08 10:39:15.301   -- File entry --
2026-09-08 10:39:15.301   Dest filename: C:\Users\RUNNER~1\AppData\Local\Temp\warband-extracted-11gds334\Installed Warband\_internal\release\licenses\numpy\numpy-2.4.2.dist-info\licenses\numpy\random\src\mt19937\LICENSE.md
2026-09-08 10:39:15.301   Time stamp of our file: 2026-09-08 10:38:42.000
2026-09-08 10:39:15.301   Installing the file.
2026-09-08 10:39:15.301   Creating directory: C:\Users\RUNNER~1\AppData\Local\Temp\warband-extracted-11gds334\Installed Warband\_internal\release\licenses\numpy\numpy-2.4.2.dist-info\licenses\numpy\random\src\mt19937
2026-09-08 10:39:15.303   Successfully installed the file.
2026-09-08 10:39:15.303   -- File entry --
2026-09-08 10:39:15.303   Dest filename: C:\Users\RUNNER~1\AppData\Local\Temp\warband-extracted-11gds334\Installed Warband\_internal\release\licenses\numpy\numpy-2.4.2.dist-info\licenses\numpy\random\src\pcg64\LICENSE.md
2026-09-08 10:39:15.303   Time stamp of our file: 2026-09-08 10:38:42.000
2026-09-08 10:39:15.303   Installing the file.
2026-09-08 10:39:15.303   Creating directory: C:\Users\RUNNER~1\AppData\Local\Temp\warband-extracted-11gds334\Installed Warband\_internal\release\licenses\numpy\numpy-2.4.2.dist-info\licenses\numpy\random\src\pcg64
2026-09-08 10:39:15.304   Successfully installed the file.
2026-09-08 10:39:15.304   -- File entry --
2026-09-08 10:39:15.304   Dest filename: C:\Users\RUNNER~1\AppData\Local\Temp\warband-extracted-11gds334\Installed Warband\_internal\release\licenses\numpy\numpy-2.4.2.dist-info\licenses\numpy\random\src\philox\LICENSE.md
2026-09-08 10:39:15.305   Time stamp of our file: 2026-09-08 10:38:42.000
2026-09-08 10:39:15.305   Installing the file.
2026-09-08 10:39:15.305   Creating directory: C:\Users\RUNNER~1\AppData\Local\Temp\warband-extracted-11gds334\Installed Warband\_internal\release\licenses\numpy\numpy-2.4.2.dist-info\licenses\numpy\random\src\philox
2026-09-08 10:39:15.306   Successfully installed the file.
2026-09-08 10:39:15.306   -- File entry --
2026-09-08 10:39:15.306   Dest filename: C:\Users\RUNNER~1\AppData\Local\Temp\warband-extracted-11gds334\Installed Warband\_internal\release\licenses\numpy\numpy-2.4.2.dist-info\licenses\numpy\random\src\sfc64\LICENSE.md
2026-09-08 10:39:15.306   Time stamp of our file: 2026-09-08 10:38:42.000
2026-09-08 10:39:15.306   Installing the file.
2026-09-08 10:39:15.306   Creating directory: C:\Users\RUNNER~1\AppData\Local\Temp\warband-extracted-11gds334\Installed Warband\_internal\release\licenses\numpy\numpy-2.4.2.dist-info\licenses\numpy\random\src\sfc64
2026-09-08 10:39:15.308   Successfully installed the file.
2026-09-08 10:39:15.308   -- File entry --
2026-09-08 10:39:15.308   Dest filename: C:\Users\RUNNER~1\AppData\Local\Temp\warband-extracted-11gds334\Installed Warband\_internal\release\licenses\numpy\numpy-2.4.2.dist-info\licenses\numpy\random\src\splitmix64\LICENSE.md
2026-09-08 10:39:15.308   Time stamp of our file: 2026-09-08 10:38:42.000
2026-09-08 10:39:15.308   Installing the file.
2026-09-08 10:39:15.308   Creating directory: C:\Users\RUNNER~1\AppData\Local\Temp\warband-extracted-11gds334\Installed Warband\_internal\release\licenses\numpy\numpy-2.4.2.dist-info\licenses\numpy\random\src\splitmix64
2026-09-08 10:39:15.311   Successfully installed the file.
2026-09-08 10:39:15.311   -- File entry --
2026-09-08 10:39:15.311   Dest filename: C:\Users\RUNNER~1\AppData\Local\Temp\warband-extracted-11gds334\Installed Warband\_internal\release\licenses\numpy\numpy-2.4.2.dist-info\licenses\numpy\_core\include\numpy\libdivide\LICENSE.txt
2026-09-08 10:39:15.311   Time stamp of our file: 2026-09-08 10:38:42.000
2026-09-08 10:39:15.311   Installing the file.
2026-09-08 10:39:15.311   Creating directory: C:\Users\RUNNER~1\AppData\Local\Temp\warband-extracted-11gds334\Installed Warband\_internal\release\licenses\numpy\numpy-2.4.2.dist-info\licenses\numpy\_core
2026-09-08 10:39:15.311   Creating directory: C:\Users\RUNNER~1\AppData\Local\Temp\warband-extracted-11gds334\Installed Warband\_internal\release\licenses\numpy\numpy-2.4.2.dist-info\licenses\numpy\_core\include
2026-09-08 10:39:15.311   Creating directory: C:\Users\RUNNER~1\AppData\Local\Temp\warband-extracted-11gds334\Installed Warband\_internal\release\licenses\numpy\numpy-2.4.2.dist-info\licenses\numpy\_core\include\numpy
2026-09-08 10:39:15.311   Creating directory: C:\Users\RUNNER~1\AppData\Local\Temp\warband-extracted-11gds334\Installed Warband\_internal\release\licenses\numpy\numpy-2.4.2.dist-info\licenses\numpy\_core\include\numpy\libdivide
2026-09-08 10:39:15.313   Successfully installed the file.
2026-09-08 10:39:15.313   -- File entry --
2026-09-08 10:39:15.313   Dest filename: C:\Users\RUNNER~1\AppData\Local\Temp\warband-extracted-11gds334\Installed Warband\_internal\release\licenses\numpy\numpy-2.4.2.dist-info\licenses\numpy\_core\src\common\pythoncapi-compat\COPYING
2026-09-08 10:39:15.313   Time stamp of our file: 2026-09-08 10:38:42.000
2026-09-08 10:39:15.313   Installing the file.
2026-09-08 10:39:15.313   Creating directory: C:\Users\RUNNER~1\AppData\Local\Temp\warband-extracted-11gds334\Installed Warband\_internal\release\licenses\numpy\numpy-2.4.2.dist-info\licenses\numpy\_core\src
2026-09-08 10:39:15.313   Creating directory: C:\Users\RUNNER~1\AppData\Local\Temp\warband-extracted-11gds334\Installed Warband\_internal\release\licenses\numpy\numpy-2.4.2.dist-info\licenses\numpy\_core\src\common
2026-09-08 10:39:15.313   Creating directory: C:\Users\RUNNER~1\AppData\Local\Temp\warband-extracted-11gds334\Installed Warband\_internal\release\licenses\numpy\numpy-2.4.2.dist-info\licenses\numpy\_core\src\common\pythoncapi-compat
2026-09-08 10:39:15.315   Successfully installed the file.
2026-09-08 10:39:15.315   -- File entry --
2026-09-08 10:39:15.315   Dest filename: C:\Users\RUNNER~1\AppData\Local\Temp\warband-extracted-11gds334\Installed Warband\_internal\release\licenses\numpy\numpy-2.4.2.dist-info\licenses\numpy\_core\src\highway\LICENSE
2026-09-08 10:39:15.315   Time stamp of our file: 2026-09-08 10:38:42.000
2026-09-08 10:39:15.315   Installing the file.
2026-09-08 10:39:15.315   Creating directory: C:\Users\RUNNER~1\AppData\Local\Temp\warband-extracted-11gds334\Installed Warband\_internal\release\licenses\numpy\numpy-2.4.2.dist-info\licenses\numpy\_core\src\highway
2026-09-08 10:39:15.317   Successfully installed the file.
2026-09-08 10:39:15.317   -- File entry --
2026-09-08 10:39:15.317   Dest filename: C:\Users\RUNNER~1\AppData\Local\Temp\warband-extracted-11gds334\Installed Warband\_internal\release\licenses\numpy\numpy-2.4.2.dist-info\licenses\numpy\_core\src\multiarray\dragon4_LICENSE.txt
2026-09-08 10:39:15.317   Time stamp of our file: 2026-09-08 10:38:42.000
2026-09-08 10:39:15.317   Installing the file.
2026-09-08 10:39:15.317   Creating directory: C:\Users\RUNNER~1\AppData\Local\Temp\warband-extracted-11gds334\Installed Warband\_internal\release\licenses\numpy\numpy-2.4.2.dist-info\licenses\numpy\_core\src\multiarray
2026-09-08 10:39:15.319   Successfully installed the file.
2026-09-08 10:39:15.319   -- File entry --
2026-09-08 10:39:15.319   Dest filename: C:\Users\RUNNER~1\AppData\Local\Temp\warband-extracted-11gds334\Installed Warband\_internal\release\licenses\numpy\numpy-2.4.2.dist-info\licenses\numpy\_core\src\npysort\x86-simd-sort\LICENSE.md
2026-09-08 10:39:15.319   Time stamp of our file: 2026-09-08 10:38:42.000
2026-09-08 10:39:15.319   Installing the file.
2026-09-08 10:39:15.319   Creating directory: C:\Users\RUNNER~1\AppData\Local\Temp\warband-extracted-11gds334\Installed Warband\_internal\release\licenses\numpy\numpy-2.4.2.dist-info\licenses\numpy\_core\src\npysort
2026-09-08 10:39:15.319   Creating directory: C:\Users\RUNNER~1\AppData\Local\Temp\warband-extracted-11gds334\Installed Warband\_internal\release\licenses\numpy\numpy-2.4.2.dist-info\licenses\numpy\_core\src\npysort\x86-simd-sort
2026-09-08 10:39:15.321   Successfully installed the file.
2026-09-08 10:39:15.321   -- File entry --
2026-09-08 10:39:15.321   Dest filename: C:\Users\RUNNER~1\AppData\Local\Temp\warband-extracted-11gds334\Installed Warband\_internal\release\licenses\numpy\numpy-2.4.2.dist-info\licenses\numpy\_core\src\umath\svml\LICENSE
2026-09-08 10:39:15.321   Time stamp of our file: 2026-09-08 10:38:42.000
2026-09-08 10:39:15.321   Installing the file.
2026-09-08 10:39:15.321   Creating directory: C:\Users\RUNNER~1\AppData\Local\Temp\warband-extracted-11gds334\Installed Warband\_internal\release\licenses\numpy\numpy-2.4.2.dist-info\licenses\numpy\_core\src\umath
2026-09-08 10:39:15.321   Creating directory: C:\Users\RUNNER~1\AppData\Local\Temp\warband-extracted-11gds334\Installed Warband\_internal\release\licenses\numpy\numpy-2.4.2.dist-info\licenses\numpy\_core\src\umath\svml
2026-09-08 10:39:15.323   Successfully installed the file.
2026-09-08 10:39:15.323   -- File entry --
2026-09-08 10:39:15.323   Dest filename: C:\Users\RUNNER~1\AppData\Local\Temp\warband-extracted-11gds334\Installed Warband\_internal\release\licenses\Pillow\pillow-12.1.1.dist-info\licenses\LICENSE
2026-09-08 10:39:15.323   Time stamp of our file: 2026-09-08 10:38:42.000
2026-09-08 10:39:15.323   Installing the file.
2026-09-08 10:39:15.323   Creating directory: C:\Users\RUNNER~1\AppData\Local\Temp\warband-extracted-11gds334\Installed Warband\_internal\release\licenses\Pillow
2026-09-08 10:39:15.323   Creating directory: C:\Users\RUNNER~1\AppData\Local\Temp\warband-extracted-11gds334\Installed Warband\_internal\release\licenses\Pillow\pillow-12.1.1.dist-info
2026-09-08 10:39:15.323   Creating directory: C:\Users\RUNNER~1\AppData\Local\Temp\warband-extracted-11gds334\Installed Warband\_internal\release\licenses\Pillow\pillow-12.1.1.dist-info\licenses
2026-09-08 10:39:15.327   Successfully installed the file.
2026-09-08 10:39:15.327   -- File entry --
2026-09-08 10:39:15.327   Dest filename: C:\Users\RUNNER~1\AppData\Local\Temp\warband-extracted-11gds334\Installed Warband\_internal\release\licenses\pyglet\pyglet-2.1.13.dist-info\licenses\LICENSE
2026-09-08 10:39:15.327   Time stamp of our file: 2026-09-08 10:38:42.000
2026-09-08 10:39:15.327   Installing the file.
2026-09-08 10:39:15.327   Creating directory: C:\Users\RUNNER~1\AppData\Local\Temp\warband-extracted-11gds334\Installed Warband\_internal\release\licenses\pyglet
2026-09-08 10:39:15.327   Creating directory: C:\Users\RUNNER~1\AppData\Local\Temp\warband-extracted-11gds334\Installed Warband\_internal\release\licenses\pyglet\pyglet-2.1.13.dist-info
2026-09-08 10:39:15.327   Creating directory: C:\Users\RUNNER~1\AppData\Local\Temp\warband-extracted-11gds334\Installed Warband\_internal\release\licenses\pyglet\pyglet-2.1.13.dist-info\licenses
2026-09-08 10:39:15.329   Successfully installed the file.
2026-09-08 10:39:15.329   -- File entry --
2026-09-08 10:39:15.329   Dest filename: C:\Users\RUNNER~1\AppData\Local\Temp\warband-extracted-11gds334\Installed Warband\_internal\release\licenses\pyinstaller\pyinstaller-6.22.2.dist-info\licenses\COPYING.txt
2026-09-08 10:39:15.329   Time stamp of our file: 2026-09-08 10:38:42.000
2026-09-08 10:39:15.329   Installing the file.
2026-09-08 10:39:15.329   Creating directory: C:\Users\RUNNER~1\AppData\Local\Temp\warband-extracted-11gds334\Installed Warband\_internal\release\licenses\pyinstaller
2026-09-08 10:39:15.331   Creating directory: C:\Users\RUNNER~1\AppData\Local\Temp\warband-extracted-11gds334\Installed Warband\_internal\release\licenses\pyinstaller\pyinstaller-6.22.2.dist-info
2026-09-08 10:39:15.331   Creating directory: C:\Users\RUNNER~1\AppData\Local\Temp\warband-extracted-11gds334\Installed Warband\_internal\release\licenses\pyinstaller\pyinstaller-6.22.2.dist-info\licenses
2026-09-08 10:39:15.333   Successfully installed the file.
2026-09-08 10:39:15.333   -- File entry --
2026-09-08 10:39:15.333   Dest filename: C:\Users\RUNNER~1\AppData\Local\Temp\warband-extracted-11gds334\Installed Warband\_internal\release\licenses\websockets\websockets-17.1.dist-info\licenses\LICENSE
2026-09-08 10:39:15.333   Time stamp of our file: 2026-09-08 10:38:42.000
2026-09-08 10:39:15.333   Installing the file.
2026-09-08 10:39:15.333   Creating directory: C:\Users\RUNNER~1\AppData\Local\Temp\warband-extracted-11gds334\Installed Warband\_internal\release\licenses\websockets
2026-09-08 10:39:15.333   Creating directory: C:\Users\RUNNER~1\AppData\Local\Temp\warband-extracted-11gds334\Installed Warband\_internal\release\licenses\websockets\websockets-17.1.dist-info
2026-09-08 10:39:15.333   Creating directory: C:\Users\RUNNER~1\AppData\Local\Temp\warband-extracted-11gds334\Installed Warband\_internal\release\licenses\websockets\websockets-17.1.dist-info\licenses
2026-09-08 10:39:15.335   Successfully installed the file.
2026-09-08 10:39:15.335   -- File entry --
2026-09-08 10:39:15.335   Dest filename: C:\Users\RUNNER~1\AppData\Local\Temp\warband-extracted-11gds334\Installed Warband\_internal\saga2d\assets\fonts\Nunito-ExtraBold.ttf
2026-09-08 10:39:15.335   Time stamp of our file: 2026-09-08 10:38:42.000
2026-09-08 10:39:15.335   Installing the file.
2026-09-08 10:39:15.335   Creating directory: C:\Users\RUNNER~1\AppData\Local\Temp\warband-extracted-11gds334\Installed Warband\_internal\saga2d
2026-09-08 10:39:15.335   Creating directory: C:\Users\RUNNER~1\AppData\Local\Temp\warband-extracted-11gds334\Installed Warband\_internal\saga2d\assets
2026-09-08 10:39:15.335   Creating directory: C:\Users\RUNNER~1\AppData\Local\Temp\warband-extracted-11gds334\Installed Warband\_internal\saga2d\assets\fonts
2026-09-08 10:39:15.341   Successfully installed the file.
2026-09-08 10:39:15.341   -- File entry --
2026-09-08 10:39:15.341   Dest filename: C:\Users\RUNNER~1\AppData\Local\Temp\warband-extracted-11gds334\Installed Warband\_internal\saga2d\assets\fonts\Nunito-SemiBold.ttf
2026-09-08 10:39:15.341   Time stamp of our file: 2026-09-08 10:38:42.000
2026-09-08 10:39:15.341   Installing the file.
2026-09-08 10:39:15.345   Successfully installed the file.
2026-09-08 10:39:15.345   -- File entry --
2026-09-08 10:39:15.345   Dest filename: C:\Users\RUNNER~1\AppData\Local\Temp\warband-extracted-11gds334\Installed Warband\_internal\saga2d\assets\fonts\Nunito.ttf
2026-09-08 10:39:15.345   Time stamp of our file: 2026-09-08 10:38:42.000
2026-09-08 10:39:15.345   Installing the file.
2026-09-08 10:39:15.351   Successfully installed the file.
2026-09-08 10:39:15.351   -- File entry --
2026-09-08 10:39:15.351   Dest filename: C:\Users\RUNNER~1\AppData\Local\Temp\warband-extracted-11gds334\Installed Warband\_internal\saga2d\assets\fonts\OFL.txt
2026-09-08 10:39:15.351   Time stamp of our file: 2026-09-08 10:38:42.000
2026-09-08 10:39:15.351   Installing the file.
2026-09-08 10:39:15.353   Successfully installed the file.
2026-09-08 10:39:15.353   -- File entry --
2026-09-08 10:39:15.353   Dest filename: C:\Users\RUNNER~1\AppData\Local\Temp\warband-extracted-11gds334\Installed Warband\_internal\websockets\speedups.cp313-win_amd64.pyd
2026-09-08 10:39:15.353   Time stamp of our file: 2026-09-08 10:38:42.000
2026-09-08 10:39:15.353   Installing the file.
2026-09-08 10:39:15.353   Creating directory: C:\Users\RUNNER~1\AppData\Local\Temp\warband-extracted-11gds334\Installed Warband\_internal\websockets
2026-09-08 10:39:15.353   Successfully installed the file.
2026-09-08 10:39:15.353   -- File entry --
2026-09-08 10:39:15.353   Dest filename: C:\Users\RUNNER~1\AppData\Local\Temp\warband-extracted-11gds334\Installed Warband\_internal\websockets-17.1.dist-info\entry_points.txt
2026-09-08 10:39:15.353   Time stamp of our file: 2026-09-08 10:38:42.000
2026-09-08 10:39:15.353   Installing the file.
2026-09-08 10:39:15.353   Creating directory: C:\Users\RUNNER~1\AppData\Local\Temp\warband-extracted-11gds334\Installed Warband\_internal\websockets-17.1.dist-info
2026-09-08 10:39:15.355   Successfully installed the file.
2026-09-08 10:39:15.355   -- File entry --
2026-09-08 10:39:15.355   Dest filename: C:\Users\RUNNER~1\AppData\Local\Temp\warband-extracted-11gds334\Installed Warband\_internal\websockets-17.1.dist-info\INSTALLER
2026-09-08 10:39:15.355   Time stamp of our file: 2026-09-08 10:38:42.000
2026-09-08 10:39:15.355   Installing the file.
2026-09-08 10:39:15.355   Successfully installed the file.
2026-09-08 10:39:15.355   -- File entry --
2026-09-08 10:39:15.355   Dest filename: C:\Users\RUNNER~1\AppData\Local\Temp\warband-extracted-11gds334\Installed Warband\_internal\websockets-17.1.dist-info\METADATA
2026-09-08 10:39:15.357   Time stamp of our file: 2026-09-08 10:38:42.000
2026-09-08 10:39:15.357   Installing the file.
2026-09-08 10:39:15.358   Successfully installed the file.
2026-09-08 10:39:15.358   -- File entry --
2026-09-08 10:39:15.358   Dest filename: C:\Users\RUNNER~1\AppData\Local\Temp\warband-extracted-11gds334\Installed Warband\_internal\websockets-17.1.dist-info\RECORD
2026-09-08 10:39:15.358   Time stamp of our file: 2026-09-08 10:38:42.000
2026-09-08 10:39:15.358   Installing the file.
2026-09-08 10:39:15.360   Successfully installed the file.
2026-09-08 10:39:15.360   -- File entry --
2026-09-08 10:39:15.360   Dest filename: C:\Users\RUNNER~1\AppData\Local\Temp\warband-extracted-11gds334\Installed Warband\_internal\websockets-17.1.dist-info\REQUESTED
2026-09-08 10:39:15.360   Time stamp of our file: 2026-09-08 10:38:42.000
2026-09-08 10:39:15.360   Installing the file.
2026-09-08 10:39:15.360   Successfully installed the file.
2026-09-08 10:39:15.360   -- File entry --
2026-09-08 10:39:15.360   Dest filename: C:\Users\RUNNER~1\AppData\Local\Temp\warband-extracted-11gds334\Installed Warband\_internal\websockets-17.1.dist-info\top_level.txt
2026-09-08 10:39:15.360   Time stamp of our file: 2026-09-08 10:38:42.000
2026-09-08 10:39:15.360   Installing the file.
2026-09-08 10:39:15.362   Successfully installed the file.
2026-09-08 10:39:15.362   -- File entry --
2026-09-08 10:39:15.362   Dest filename: C:\Users\RUNNER~1\AppData\Local\Temp\warband-extracted-11gds334\Installed Warband\_internal\websockets-17.1.dist-info\WHEEL
2026-09-08 10:39:15.362   Time stamp of our file: 2026-09-08 10:38:42.000
2026-09-08 10:39:15.362   Installing the file.
2026-09-08 10:39:15.362   Successfully installed the file.
2026-09-08 10:39:15.362   -- File entry --
2026-09-08 10:39:15.362   Dest filename: C:\Users\RUNNER~1\AppData\Local\Temp\warband-extracted-11gds334\Installed Warband\_internal\websockets-17.1.dist-info\licenses\LICENSE
2026-09-08 10:39:15.362   Time stamp of our file: 2026-09-08 10:38:42.000
2026-09-08 10:39:15.362   Installing the file.
2026-09-08 10:39:15.362   Creating directory: C:\Users\RUNNER~1\AppData\Local\Temp\warband-extracted-11gds334\Installed Warband\_internal\websockets-17.1.dist-info\licenses
2026-09-08 10:39:15.364   Successfully installed the file.
2026-09-08 10:39:15.364   -- Icon entry --
2026-09-08 10:39:15.364   Dest filename: C:\Users\runneradmin\AppData\Roaming\Microsoft\Windows\Start Menu\Programs\Warband\Warband.lnk
2026-09-08 10:39:15.364   Creating directory: C:\Users\runneradmin\AppData\Roaming\Microsoft\Windows\Start Menu\Programs\Warband
2026-09-08 10:39:15.388   Creating the icon.
2026-09-08 10:39:15.753   Successfully created the icon.
2026-09-08 10:39:15.758   Saving uninstall information.
2026-09-08 10:39:15.758   Creating new uninstall key: HKEY_CURRENT_USER\Software\Microsoft\Windows\CurrentVersion\Uninstall\{B51768BC-40A4-4705-BE86-D55131C7B414}_is1
2026-09-08 10:39:15.758   Writing uninstall key values.
2026-09-08 10:39:15.758   Detected previous administrative 64-bit install? No
2026-09-08 10:39:15.758   Detected previous administrative 32-bit install? No
2026-09-08 10:39:15.780   Installation process succeeded.
2026-09-08 10:39:15.780   Need to restart Windows? No
2026-09-08 10:39:15.782   Deinitializing Setup.
2026-09-08 10:39:15.788   Log closed.
