--prepared:/Users/ikamen/ai-workspace/experiments/by_kodo/saga2d/dist/shardbound-checkpoints/2d9520a1a871/Shardbound.app/Contents/Frameworks/liblcms2.2.dylib
--validated:/Users/ikamen/ai-workspace/experiments/by_kodo/saga2d/dist/shardbound-checkpoints/2d9520a1a871/Shardbound.app/Contents/Frameworks/liblcms2.2.dylib
--prepared:/Users/ikamen/ai-workspace/experiments/by_kodo/saga2d/dist/shardbound-checkpoints/2d9520a1a871/Shardbound.app/Contents/Frameworks/websockets/speedups.cpython-313-darwin.so
--validated:/Users/ikamen/ai-workspace/experiments/by_kodo/saga2d/dist/shardbound-checkpoints/2d9520a1a871/Shardbound.app/Contents/Frameworks/websockets/speedups.cpython-313-darwin.so
--prepared:/Users/ikamen/ai-workspace/experiments/by_kodo/saga2d/dist/shardbound-checkpoints/2d9520a1a871/Shardbound.app/Contents/Frameworks/numpy/_core/_multiarray_tests.cpython-313-darwin.so
--validated:/Users/ikamen/ai-workspace/experiments/by_kodo/saga2d/dist/shardbound-checkpoints/2d9520a1a871/Shardbound.app/Contents/Frameworks/numpy/_core/_multiarray_tests.cpython-313-darwin.so
--prepared:/Users/ikamen/ai-workspace/experiments/by_kodo/saga2d/dist/shardbound-checkpoints/2d9520a1a871/Shardbound.app/Contents/Frameworks/numpy/linalg/_umath_linalg.cpython-313-darwin.so
--validated:/Users/ikamen/ai-workspace/experiments/by_kodo/saga2d/dist/shardbound-checkpoints/2d9520a1a871/Shardbound.app/Contents/Frameworks/numpy/linalg/_umath_linalg.cpython-313-darwin.so
--prepared:/Users/ikamen/ai-workspace/experiments/by_kodo/saga2d/dist/shardbound-checkpoints/2d9520a1a871/Shardbound.app/Contents/Frameworks/libxcb.1.1.0.dylib
--validated:/Users/ikamen/ai-workspace/experiments/by_kodo/saga2d/dist/shardbound-checkpoints/2d9520a1a871/Shardbound.app/Contents/Frameworks/libxcb.1.1.0.dylib
--prepared:/Users/ikamen/ai-workspace/experiments/by_kodo/saga2d/dist/shardbound-checkpoints/2d9520a1a871/Shardbound.app/Contents/Frameworks/numpy/fft/_pocketfft_umath.cpython-313-darwin.so
--validated:/Users/ikamen/ai-workspace/experiments/by_kodo/saga2d/dist/shardbound-checkpoints/2d9520a1a871/Shardbound.app/Contents/Frameworks/numpy/fft/_pocketfft_umath.cpython-313-darwin.so
--prepared:/Users/ikamen/ai-workspace/experiments/by_kodo/saga2d/dist/shardbound-checkpoints/2d9520a1a871/Shardbound.app/Contents/Frameworks/numpy/random/_philox.cpython-313-darwin.so
--validated:/Users/ikamen/ai-workspace/experiments/by_kodo/saga2d/dist/shardbound-checkpoints/2d9520a1a871/Shardbound.app/Contents/Frameworks/numpy/random/_philox.cpython-313-darwin.so
--prepared:/Users/ikamen/ai-workspace/experiments/by_kodo/saga2d/dist/shardbound-checkpoints/2d9520a1a871/Shardbound.app/Contents/Frameworks/libjpeg.62.4.0.dylib
--validated:/Users/ikamen/ai-workspace/experiments/by_kodo/saga2d/dist/shardbound-checkpoints/2d9520a1a871/Shardbound.app/Contents/Frameworks/libjpeg.62.4.0.dylib
--prepared:/Users/ikamen/ai-workspace/experiments/by_kodo/saga2d/dist/shardbound-checkpoints/2d9520a1a871/Shardbound.app/Contents/Frameworks/numpy/random/_mt19937.cpython-313-darwin.so--prepared:/Users/ikamen/ai-workspace/experiments/by_kodo/saga2d/dist/shardbound-checkpoints/2d9520a1a871/Shardbound.app/Contents/Frameworks/numpy/random/_pcg64.cpython-313-darwin.so

--validated:/Users/ikamen/ai-workspace/experiments/by_kodo/saga2d/dist/shardbound-checkpoints/2d9520a1a871/Shardbound.app/Contents/Frameworks/numpy/random/_pcg64.cpython-313-darwin.so
--validated:/Users/ikamen/ai-workspace/experiments/by_kodo/saga2d/dist/shardbound-checkpoints/2d9520a1a871/Shardbound.app/Contents/Frameworks/numpy/random/_mt19937.cpython-313-darwin.so
--prepared:/Users/ikamen/ai-workspace/experiments/by_kodo/saga2d/dist/shardbound-checkpoints/2d9520a1a871/Shardbound.app/Contents/Frameworks/numpy/random/bit_generator.cpython-313-darwin.so
--validated:/Users/ikamen/ai-workspace/experiments/by_kodo/saga2d/dist/shardbound-checkpoints/2d9520a1a871/Shardbound.app/Contents/Frameworks/numpy/random/bit_generator.cpython-313-darwin.so
--prepared:/Users/ikamen/ai-workspace/experiments/by_kodo/saga2d/dist/shardbound-checkpoints/2d9520a1a871/Shardbound.app/Contents/Frameworks/numpy/random/_bounded_integers.cpython-313-darwin.so
--validated:/Users/ikamen/ai-workspace/experiments/by_kodo/saga2d/dist/shardbound-checkpoints/2d9520a1a871/Shardbound.app/Contents/Frameworks/numpy/random/_bounded_integers.cpython-313-darwin.so
--prepared:/Users/ikamen/ai-workspace/experiments/by_kodo/saga2d/dist/shardbound-checkpoints/2d9520a1a871/Shardbound.app/Contents/Frameworks/numpy/random/_generator.cpython-313-darwin.so
--validated:/Users/ikamen/ai-workspace/experiments/by_kodo/saga2d/dist/shardbound-checkpoints/2d9520a1a871/Shardbound.app/Contents/Frameworks/numpy/random/_generator.cpython-313-darwin.so
--prepared:/Users/ikamen/ai-workspace/experiments/by_kodo/saga2d/dist/shardbound-checkpoints/2d9520a1a871/Shardbound.app/Contents/Frameworks/PIL/_webp.cpython-313-darwin.so
--validated:/Users/ikamen/ai-workspace/experiments/by_kodo/saga2d/dist/shardbound-checkpoints/2d9520a1a871/Shardbound.app/Contents/Frameworks/PIL/_webp.cpython-313-darwin.so
--prepared:/Users/ikamen/ai-workspace/experiments/by_kodo/saga2d/dist/shardbound-checkpoints/2d9520a1a871/Shardbound.app/Contents/Frameworks/PIL/_imagingmath.cpython-313-darwin.so
--validated:/Users/ikamen/ai-workspace/experiments/by_kodo/saga2d/dist/shardbound-checkpoints/2d9520a1a871/Shardbound.app/Contents/Frameworks/PIL/_imagingmath.cpython-313-darwin.so
--prepared:/Users/ikamen/ai-workspace/experiments/by_kodo/saga2d/dist/shardbound-checkpoints/2d9520a1a871/Shardbound.app/Contents/Frameworks/libsharpyuv.0.dylib
--validated:/Users/ikamen/ai-workspace/experiments/by_kodo/saga2d/dist/shardbound-checkpoints/2d9520a1a871/Shardbound.app/Contents/Frameworks/libsharpyuv.0.dylib
--prepared:/Users/ikamen/ai-workspace/experiments/by_kodo/saga2d/dist/shardbound-checkpoints/2d9520a1a871/Shardbound.app/Contents/Frameworks/numpy/random/_sfc64.cpython-313-darwin.so
--validated:/Users/ikamen/ai-workspace/experiments/by_kodo/saga2d/dist/shardbound-checkpoints/2d9520a1a871/Shardbound.app/Contents/Frameworks/numpy/random/_sfc64.cpython-313-darwin.so
--prepared:/Users/ikamen/ai-workspace/experiments/by_kodo/saga2d/dist/shardbound-checkpoints/2d9520a1a871/Shardbound.app/Contents/Frameworks/PIL/_imagingcms.cpython-313-darwin.so
--validated:/Users/ikamen/ai-workspace/experiments/by_kodo/saga2d/dist/shardbound-checkpoints/2d9520a1a871/Shardbound.app/Contents/Frameworks/PIL/_imagingcms.cpython-313-darwin.so
--prepared:/Users/ikamen/ai-workspace/experiments/by_kodo/saga2d/dist/shardbound-checkpoints/2d9520a1a871/Shardbound.app/Contents/Frameworks/PIL/_imagingtk.cpython-313-darwin.so
--validated:/Users/ikamen/ai-workspace/experiments/by_kodo/saga2d/dist/shardbound-checkpoints/2d9520a1a871/Shardbound.app/Contents/Frameworks/PIL/_imagingtk.cpython-313-darwin.so
--prepared:/Users/ikamen/ai-workspace/experiments/by_kodo/saga2d/dist/shardbound-checkpoints/2d9520a1a871/Shardbound.app/Contents/Frameworks/numpy/random/_common.cpython-313-darwin.so
--validated:/Users/ikamen/ai-workspace/experiments/by_kodo/saga2d/dist/shardbound-checkpoints/2d9520a1a871/Shardbound.app/Contents/Frameworks/numpy/random/_common.cpython-313-darwin.so
--prepared:/Users/ikamen/ai-workspace/experiments/by_kodo/saga2d/dist/shardbound-checkpoints/2d9520a1a871/Shardbound.app/Contents/Frameworks/PIL/_avif.cpython-313-darwin.so
--validated:/Users/ikamen/ai-workspace/experiments/by_kodo/saga2d/dist/shardbound-checkpoints/2d9520a1a871/Shardbound.app/Contents/Frameworks/PIL/_avif.cpython-313-darwin.so
--prepared:/Users/ikamen/ai-workspace/experiments/by_kodo/saga2d/dist/shardbound-checkpoints/2d9520a1a871/Shardbound.app/Contents/Frameworks/libz.1.3.1.zlib-ng.dylib
--validated:/Users/ikamen/ai-workspace/experiments/by_kodo/saga2d/dist/shardbound-checkpoints/2d9520a1a871/Shardbound.app/Contents/Frameworks/libz.1.3.1.zlib-ng.dylib
--prepared:/Users/ikamen/ai-workspace/experiments/by_kodo/saga2d/dist/shardbound-checkpoints/2d9520a1a871/Shardbound.app/Contents/Frameworks/numpy/random/mtrand.cpython-313-darwin.so
--validated:/Users/ikamen/ai-workspace/experiments/by_kodo/saga2d/dist/shardbound-checkpoints/2d9520a1a871/Shardbound.app/Contents/Frameworks/numpy/random/mtrand.cpython-313-darwin.so
--prepared:/Users/ikamen/ai-workspace/experiments/by_kodo/saga2d/dist/shardbound-checkpoints/2d9520a1a871/Shardbound.app/Contents/Frameworks/PIL/_imaging.cpython-313-darwin.so
--validated:/Users/ikamen/ai-workspace/experiments/by_kodo/saga2d/dist/shardbound-checkpoints/2d9520a1a871/Shardbound.app/Contents/Frameworks/PIL/_imaging.cpython-313-darwin.so
--prepared:/Users/ikamen/ai-workspace/experiments/by_kodo/saga2d/dist/shardbound-checkpoints/2d9520a1a871/Shardbound.app/Contents/Frameworks/libXau.6.dylib
--validated:/Users/ikamen/ai-workspace/experiments/by_kodo/saga2d/dist/shardbound-checkpoints/2d9520a1a871/Shardbound.app/Contents/Frameworks/libXau.6.dylib
--prepared:/Users/ikamen/ai-workspace/experiments/by_kodo/saga2d/dist/shardbound-checkpoints/2d9520a1a871/Shardbound.app/Contents/Frameworks/libwebpmux.3.dylib
--validated:/Users/ikamen/ai-workspace/experiments/by_kodo/saga2d/dist/shardbound-checkpoints/2d9520a1a871/Shardbound.app/Contents/Frameworks/libwebpmux.3.dylib
--prepared:/Users/ikamen/ai-workspace/experiments/by_kodo/saga2d/dist/shardbound-checkpoints/2d9520a1a871/Shardbound.app/Contents/Frameworks/libwebpdemux.2.dylib
--validated:/Users/ikamen/ai-workspace/experiments/by_kodo/saga2d/dist/shardbound-checkpoints/2d9520a1a871/Shardbound.app/Contents/Frameworks/libwebpdemux.2.dylib
--prepared:/Users/ikamen/ai-workspace/experiments/by_kodo/saga2d/dist/shardbound-checkpoints/2d9520a1a871/Shardbound.app/Contents/Frameworks/libopenjp2.2.5.4.dylib
--validated:/Users/ikamen/ai-workspace/experiments/by_kodo/saga2d/dist/shardbound-checkpoints/2d9520a1a871/Shardbound.app/Contents/Frameworks/libopenjp2.2.5.4.dylib
--prepared:/Users/ikamen/ai-workspace/experiments/by_kodo/saga2d/dist/shardbound-checkpoints/2d9520a1a871/Shardbound.app/Contents/Frameworks/liblzma.5.dylib
--prepared:/Users/ikamen/ai-workspace/experiments/by_kodo/saga2d/dist/shardbound-checkpoints/2d9520a1a871/Shardbound.app/Contents/Frameworks/libwebp.7.dylib
--validated:/Users/ikamen/ai-workspace/experiments/by_kodo/saga2d/dist/shardbound-checkpoints/2d9520a1a871/Shardbound.app/Contents/Frameworks/liblzma.5.dylib
--validated:/Users/ikamen/ai-workspace/experiments/by_kodo/saga2d/dist/shardbound-checkpoints/2d9520a1a871/Shardbound.app/Contents/Frameworks/libwebp.7.dylib
--prepared:/Users/ikamen/ai-workspace/experiments/by_kodo/saga2d/dist/shardbound-checkpoints/2d9520a1a871/Shardbound.app/Contents/Frameworks/libavif.16.3.0.dylib
--validated:/Users/ikamen/ai-workspace/experiments/by_kodo/saga2d/dist/shardbound-checkpoints/2d9520a1a871/Shardbound.app/Contents/Frameworks/libavif.16.3.0.dylib
--prepared:/Users/ikamen/ai-workspace/experiments/by_kodo/saga2d/dist/shardbound-checkpoints/2d9520a1a871/Shardbound.app/Contents/Frameworks/libtiff.6.dylib
--validated:/Users/ikamen/ai-workspace/experiments/by_kodo/saga2d/dist/shardbound-checkpoints/2d9520a1a871/Shardbound.app/Contents/Frameworks/libtiff.6.dylib
--prepared:/Users/ikamen/ai-workspace/experiments/by_kodo/saga2d/dist/shardbound-checkpoints/2d9520a1a871/Shardbound.app/Contents/Frameworks/numpy/_core/_multiarray_umath.cpython-313-darwin.so
--validated:/Users/ikamen/ai-workspace/experiments/by_kodo/saga2d/dist/shardbound-checkpoints/2d9520a1a871/Shardbound.app/Contents/Frameworks/numpy/_core/_multiarray_umath.cpython-313-darwin.so
--prepared:/Users/ikamen/ai-workspace/experiments/by_kodo/saga2d/dist/shardbound-checkpoints/2d9520a1a871/Shardbound.app/Contents/Frameworks/libpython3.13.dylib
--validated:/Users/ikamen/ai-workspace/experiments/by_kodo/saga2d/dist/shardbound-checkpoints/2d9520a1a871/Shardbound.app/Contents/Frameworks/libpython3.13.dylib
/Users/ikamen/ai-workspace/experiments/by_kodo/saga2d/dist/shardbound-checkpoints/2d9520a1a871/Shardbound.app: valid on disk
/Users/ikamen/ai-workspace/experiments/by_kodo/saga2d/dist/shardbound-checkpoints/2d9520a1a871/Shardbound.app: satisfies its Designated Requirement
