2026-09-08 09:15:07.036   Log opened. (Time zone: UTC+00:00)
2026-09-08 09:15:07.036   Setup version: Inno Setup version 6.7.1
2026-09-08 09:15:07.036   Original Setup EXE: D:\a\saga2d\saga2d\dist\warband\Warband-0.1.0-preview.2-windows-x64-setup.exe
2026-09-08 09:15:07.036   Setup command line: /SL5="$E0070,25797267,893952,D:\a\saga2d\saga2d\dist\warband\Warband-0.1.0-preview.2-windows-x64-setup.exe" /VERYSILENT /SUPPRESSMSGBOXES /NORESTART /SP- "/DIR=C:\Users\RUNNER~1\AppData\Local\Temp\warband-extracted-orwrpep4\Installed Warband" /LOG=D:\a\saga2d\saga2d\dist\warband\verification\install.log
2026-09-08 09:15:07.036   Windows version: 10.0.26100
2026-09-08 09:15:07.036   Windows architecture: x64 (64-bit)
2026-09-08 09:15:07.036   Machine types supported by system: x86 x64
2026-09-08 09:15:07.036   User privileges: Administrative
2026-09-08 09:15:07.042   Administrative install mode: No
2026-09-08 09:15:07.042   Install mode root key: HKEY_CURRENT_USER
2026-09-08 09:15:07.042   64-bit install mode: Yes
2026-09-08 09:15:07.042   RedirectionGuard status for current process: Enabled in enforcing mode
2026-09-08 09:15:07.044   Created protected temporary directory: C:\Users\RUNNER~1\AppData\Local\Temp\is-VFTA4EB1YP.tmp
2026-09-08 09:15:07.851   Found 55 files to register with RestartManager.
2026-09-08 09:15:07.851   Calling RestartManager's RmGetList.
2026-09-08 09:15:07.857   RmGetList finished successfully.
2026-09-08 09:15:07.857   RestartManager found no applications using one of our files.
2026-09-08 09:15:07.861   Starting the installation process.
2026-09-08 09:15:07.863   Creating directory: C:\Users\RUNNER~1\AppData\Local\Temp\warband-extracted-orwrpep4\Installed Warband
2026-09-08 09:15:07.863   Directory for uninstall files: C:\Users\RUNNER~1\AppData\Local\Temp\warband-extracted-orwrpep4\Installed Warband
2026-09-08 09:15:07.863   Creating new uninstall log: C:\Users\RUNNER~1\AppData\Local\Temp\warband-extracted-orwrpep4\Installed Warband\unins000.dat
2026-09-08 09:15:07.982   -- File entry --
2026-09-08 09:15:07.982   Dest filename: C:\Users\RUNNER~1\AppData\Local\Temp\warband-extracted-orwrpep4\Installed Warband\unins000.exe
2026-09-08 09:15:07.982   Non-default bitness: 32-bit
2026-09-08 09:15:08.151   Time stamp of our file: 2026-09-08 09:15:06.750
2026-09-08 09:15:08.151   Installing the file.
2026-09-08 09:15:08.160   Successfully installed the file.
2026-09-08 09:15:08.160   -- File entry --
2026-09-08 09:15:08.160   Dest filename: C:\Users\RUNNER~1\AppData\Local\Temp\warband-extracted-orwrpep4\Installed Warband\Warband.exe
2026-09-08 09:15:08.161   Time stamp of our file: 2026-09-08 09:14:34.000
2026-09-08 09:15:08.161   Installing the file.
2026-09-08 09:15:08.293   Successfully installed the file.
2026-09-08 09:15:08.293   -- File entry --
2026-09-08 09:15:08.293   Dest filename: C:\Users\RUNNER~1\AppData\Local\Temp\warband-extracted-orwrpep4\Installed Warband\_internal\api-ms-win-core-console-l1-1-0.dll
2026-09-08 09:15:08.295   Time stamp of our file: 2026-09-08 09:14:34.000
2026-09-08 09:15:08.295   Installing the file.
2026-09-08 09:15:08.295   Creating directory: C:\Users\RUNNER~1\AppData\Local\Temp\warband-extracted-orwrpep4\Installed Warband\_internal
2026-09-08 09:15:08.295   Successfully installed the file.
2026-09-08 09:15:08.295   -- File entry --
2026-09-08 09:15:08.297   Dest filename: C:\Users\RUNNER~1\AppData\Local\Temp\warband-extracted-orwrpep4\Installed Warband\_internal\api-ms-win-core-datetime-l1-1-0.dll
2026-09-08 09:15:08.297   Time stamp of our file: 2026-09-08 09:14:34.000
2026-09-08 09:15:08.297   Installing the file.
2026-09-08 09:15:08.297   Successfully installed the file.
2026-09-08 09:15:08.297   -- File entry --
2026-09-08 09:15:08.297   Dest filename: C:\Users\RUNNER~1\AppData\Local\Temp\warband-extracted-orwrpep4\Installed Warband\_internal\api-ms-win-core-debug-l1-1-0.dll
2026-09-08 09:15:08.297   Time stamp of our file: 2026-09-08 09:14:34.000
2026-09-08 09:15:08.297   Installing the file.
2026-09-08 09:15:08.303   Successfully installed the file.
2026-09-08 09:15:08.303   -- File entry --
2026-09-08 09:15:08.303   Dest filename: C:\Users\RUNNER~1\AppData\Local\Temp\warband-extracted-orwrpep4\Installed Warband\_internal\api-ms-win-core-errorhandling-l1-1-0.dll
2026-09-08 09:15:08.303   Time stamp of our file: 2026-09-08 09:14:34.000
2026-09-08 09:15:08.303   Installing the file.
2026-09-08 09:15:08.303   Successfully installed the file.
2026-09-08 09:15:08.303   -- File entry --
2026-09-08 09:15:08.303   Dest filename: C:\Users\RUNNER~1\AppData\Local\Temp\warband-extracted-orwrpep4\Installed Warband\_internal\api-ms-win-core-fibers-l1-1-0.dll
2026-09-08 09:15:08.303   Time stamp of our file: 2026-09-08 09:14:34.000
2026-09-08 09:15:08.303   Installing the file.
2026-09-08 09:15:08.305   Successfully installed the file.
2026-09-08 09:15:08.305   -- File entry --
2026-09-08 09:15:08.305   Dest filename: C:\Users\RUNNER~1\AppData\Local\Temp\warband-extracted-orwrpep4\Installed Warband\_internal\api-ms-win-core-fibers-l1-1-1.dll
2026-09-08 09:15:08.305   Time stamp of our file: 2026-09-08 09:14:34.000
2026-09-08 09:15:08.305   Installing the file.
2026-09-08 09:15:08.307   Successfully installed the file.
2026-09-08 09:15:08.307   -- File entry --
2026-09-08 09:15:08.307   Dest filename: C:\Users\RUNNER~1\AppData\Local\Temp\warband-extracted-orwrpep4\Installed Warband\_internal\api-ms-win-core-file-l1-1-0.dll
2026-09-08 09:15:08.307   Time stamp of our file: 2026-09-08 09:14:34.000
2026-09-08 09:15:08.307   Installing the file.
2026-09-08 09:15:08.309   Successfully installed the file.
2026-09-08 09:15:08.309   -- File entry --
2026-09-08 09:15:08.309   Dest filename: C:\Users\RUNNER~1\AppData\Local\Temp\warband-extracted-orwrpep4\Installed Warband\_internal\api-ms-win-core-file-l1-2-0.dll
2026-09-08 09:15:08.309   Time stamp of our file: 2026-09-08 09:14:34.000
2026-09-08 09:15:08.309   Installing the file.
2026-09-08 09:15:08.310   Successfully installed the file.
2026-09-08 09:15:08.310   -- File entry --
2026-09-08 09:15:08.310   Dest filename: C:\Users\RUNNER~1\AppData\Local\Temp\warband-extracted-orwrpep4\Installed Warband\_internal\api-ms-win-core-file-l2-1-0.dll
2026-09-08 09:15:08.311   Time stamp of our file: 2026-09-08 09:14:34.000
2026-09-08 09:15:08.311   Installing the file.
2026-09-08 09:15:08.312   Successfully installed the file.
2026-09-08 09:15:08.312   -- File entry --
2026-09-08 09:15:08.312   Dest filename: C:\Users\RUNNER~1\AppData\Local\Temp\warband-extracted-orwrpep4\Installed Warband\_internal\api-ms-win-core-handle-l1-1-0.dll
2026-09-08 09:15:08.312   Time stamp of our file: 2026-09-08 09:14:34.000
2026-09-08 09:15:08.312   Installing the file.
2026-09-08 09:15:08.313   Successfully installed the file.
2026-09-08 09:15:08.313   -- File entry --
2026-09-08 09:15:08.314   Dest filename: C:\Users\RUNNER~1\AppData\Local\Temp\warband-extracted-orwrpep4\Installed Warband\_internal\api-ms-win-core-heap-l1-1-0.dll
2026-09-08 09:15:08.314   Time stamp of our file: 2026-09-08 09:14:34.000
2026-09-08 09:15:08.314   Installing the file.
2026-09-08 09:15:08.315   Successfully installed the file.
2026-09-08 09:15:08.315   -- File entry --
2026-09-08 09:15:08.315   Dest filename: C:\Users\RUNNER~1\AppData\Local\Temp\warband-extracted-orwrpep4\Installed Warband\_internal\api-ms-win-core-interlocked-l1-1-0.dll
2026-09-08 09:15:08.315   Time stamp of our file: 2026-09-08 09:14:34.000
2026-09-08 09:15:08.315   Installing the file.
2026-09-08 09:15:08.315   Successfully installed the file.
2026-09-08 09:15:08.315   -- File entry --
2026-09-08 09:15:08.317   Dest filename: C:\Users\RUNNER~1\AppData\Local\Temp\warband-extracted-orwrpep4\Installed Warband\_internal\api-ms-win-core-kernel32-legacy-l1-1-1.dll
2026-09-08 09:15:08.317   Time stamp of our file: 2026-09-08 09:14:34.000
2026-09-08 09:15:08.317   Installing the file.
2026-09-08 09:15:08.317   Successfully installed the file.
2026-09-08 09:15:08.317   -- File entry --
2026-09-08 09:15:08.317   Dest filename: C:\Users\RUNNER~1\AppData\Local\Temp\warband-extracted-orwrpep4\Installed Warband\_internal\api-ms-win-core-libraryloader-l1-1-0.dll
2026-09-08 09:15:08.317   Time stamp of our file: 2026-09-08 09:14:34.000
2026-09-08 09:15:08.317   Installing the file.
2026-09-08 09:15:08.319   Successfully installed the file.
2026-09-08 09:15:08.319   -- File entry --
2026-09-08 09:15:08.319   Dest filename: C:\Users\RUNNER~1\AppData\Local\Temp\warband-extracted-orwrpep4\Installed Warband\_internal\api-ms-win-core-localization-l1-2-0.dll
2026-09-08 09:15:08.319   Time stamp of our file: 2026-09-08 09:14:34.000
2026-09-08 09:15:08.319   Installing the file.
2026-09-08 09:15:08.321   Successfully installed the file.
2026-09-08 09:15:08.321   -- File entry --
2026-09-08 09:15:08.321   Dest filename: C:\Users\RUNNER~1\AppData\Local\Temp\warband-extracted-orwrpep4\Installed Warband\_internal\api-ms-win-core-memory-l1-1-0.dll
2026-09-08 09:15:08.321   Time stamp of our file: 2026-09-08 09:14:34.000
2026-09-08 09:15:08.321   Installing the file.
2026-09-08 09:15:08.327   Successfully installed the file.
2026-09-08 09:15:08.327   -- File entry --
2026-09-08 09:15:08.327   Dest filename: C:\Users\RUNNER~1\AppData\Local\Temp\warband-extracted-orwrpep4\Installed Warband\_internal\api-ms-win-core-namedpipe-l1-1-0.dll
2026-09-08 09:15:08.327   Time stamp of our file: 2026-09-08 09:14:34.000
2026-09-08 09:15:08.327   Installing the file.
2026-09-08 09:15:08.329   Successfully installed the file.
2026-09-08 09:15:08.329   -- File entry --
2026-09-08 09:15:08.329   Dest filename: C:\Users\RUNNER~1\AppData\Local\Temp\warband-extracted-orwrpep4\Installed Warband\_internal\api-ms-win-core-processenvironment-l1-1-0.dll
2026-09-08 09:15:08.329   Time stamp of our file: 2026-09-08 09:14:34.000
2026-09-08 09:15:08.329   Installing the file.
2026-09-08 09:15:08.329   Successfully installed the file.
2026-09-08 09:15:08.330   -- File entry --
2026-09-08 09:15:08.330   Dest filename: C:\Users\RUNNER~1\AppData\Local\Temp\warband-extracted-orwrpep4\Installed Warband\_internal\api-ms-win-core-processthreads-l1-1-0.dll
2026-09-08 09:15:08.330   Time stamp of our file: 2026-09-08 09:14:34.000
2026-09-08 09:15:08.330   Installing the file.
2026-09-08 09:15:08.330   Successfully installed the file.
2026-09-08 09:15:08.330   -- File entry --
2026-09-08 09:15:08.330   Dest filename: C:\Users\RUNNER~1\AppData\Local\Temp\warband-extracted-orwrpep4\Installed Warband\_internal\api-ms-win-core-processthreads-l1-1-1.dll
2026-09-08 09:15:08.332   Time stamp of our file: 2026-09-08 09:14:34.000
2026-09-08 09:15:08.332   Installing the file.
2026-09-08 09:15:08.332   Successfully installed the file.
2026-09-08 09:15:08.332   -- File entry --
2026-09-08 09:15:08.332   Dest filename: C:\Users\RUNNER~1\AppData\Local\Temp\warband-extracted-orwrpep4\Installed Warband\_internal\api-ms-win-core-profile-l1-1-0.dll
2026-09-08 09:15:08.332   Time stamp of our file: 2026-09-08 09:14:34.000
2026-09-08 09:15:08.332   Installing the file.
2026-09-08 09:15:08.334   Successfully installed the file.
2026-09-08 09:15:08.334   -- File entry --
2026-09-08 09:15:08.334   Dest filename: C:\Users\RUNNER~1\AppData\Local\Temp\warband-extracted-orwrpep4\Installed Warband\_internal\api-ms-win-core-rtlsupport-l1-1-0.dll
2026-09-08 09:15:08.334   Time stamp of our file: 2026-09-08 09:14:34.000
2026-09-08 09:15:08.334   Installing the file.
2026-09-08 09:15:08.334   Successfully installed the file.
2026-09-08 09:15:08.334   -- File entry --
2026-09-08 09:15:08.336   Dest filename: C:\Users\RUNNER~1\AppData\Local\Temp\warband-extracted-orwrpep4\Installed Warband\_internal\api-ms-win-core-string-l1-1-0.dll
2026-09-08 09:15:08.336   Time stamp of our file: 2026-09-08 09:14:34.000
2026-09-08 09:15:08.336   Installing the file.
2026-09-08 09:15:08.336   Successfully installed the file.
2026-09-08 09:15:08.336   -- File entry --
2026-09-08 09:15:08.336   Dest filename: C:\Users\RUNNER~1\AppData\Local\Temp\warband-extracted-orwrpep4\Installed Warband\_internal\api-ms-win-core-synch-l1-1-0.dll
2026-09-08 09:15:08.336   Time stamp of our file: 2026-09-08 09:14:34.000
2026-09-08 09:15:08.336   Installing the file.
2026-09-08 09:15:08.338   Successfully installed the file.
2026-09-08 09:15:08.338   -- File entry --
2026-09-08 09:15:08.338   Dest filename: C:\Users\RUNNER~1\AppData\Local\Temp\warband-extracted-orwrpep4\Installed Warband\_internal\api-ms-win-core-synch-l1-2-0.dll
2026-09-08 09:15:08.338   Time stamp of our file: 2026-09-08 09:14:34.000
2026-09-08 09:15:08.338   Installing the file.
2026-09-08 09:15:08.340   Successfully installed the file.
2026-09-08 09:15:08.340   -- File entry --
2026-09-08 09:15:08.340   Dest filename: C:\Users\RUNNER~1\AppData\Local\Temp\warband-extracted-orwrpep4\Installed Warband\_internal\api-ms-win-core-sysinfo-l1-1-0.dll
2026-09-08 09:15:08.340   Time stamp of our file: 2026-09-08 09:14:34.000
2026-09-08 09:15:08.340   Installing the file.
2026-09-08 09:15:08.342   Successfully installed the file.
2026-09-08 09:15:08.342   -- File entry --
2026-09-08 09:15:08.342   Dest filename: C:\Users\RUNNER~1\AppData\Local\Temp\warband-extracted-orwrpep4\Installed Warband\_internal\api-ms-win-core-sysinfo-l1-2-0.dll
2026-09-08 09:15:08.342   Time stamp of our file: 2026-09-08 09:14:34.000
2026-09-08 09:15:08.342   Installing the file.
2026-09-08 09:15:08.342   Successfully installed the file.
2026-09-08 09:15:08.342   -- File entry --
2026-09-08 09:15:08.342   Dest filename: C:\Users\RUNNER~1\AppData\Local\Temp\warband-extracted-orwrpep4\Installed Warband\_internal\api-ms-win-core-timezone-l1-1-0.dll
2026-09-08 09:15:08.342   Time stamp of our file: 2026-09-08 09:14:34.000
2026-09-08 09:15:08.342   Installing the file.
2026-09-08 09:15:08.348   Successfully installed the file.
2026-09-08 09:15:08.348   -- File entry --
2026-09-08 09:15:08.348   Dest filename: C:\Users\RUNNER~1\AppData\Local\Temp\warband-extracted-orwrpep4\Installed Warband\_internal\api-ms-win-core-util-l1-1-0.dll
2026-09-08 09:15:08.348   Time stamp of our file: 2026-09-08 09:14:34.000
2026-09-08 09:15:08.348   Installing the file.
2026-09-08 09:15:08.348   Successfully installed the file.
2026-09-08 09:15:08.348   -- File entry --
2026-09-08 09:15:08.348   Dest filename: C:\Users\RUNNER~1\AppData\Local\Temp\warband-extracted-orwrpep4\Installed Warband\_internal\api-ms-win-crt-conio-l1-1-0.dll
2026-09-08 09:15:08.348   Time stamp of our file: 2026-09-08 09:14:34.000
2026-09-08 09:15:08.348   Installing the file.
2026-09-08 09:15:08.350   Successfully installed the file.
2026-09-08 09:15:08.350   -- File entry --
2026-09-08 09:15:08.350   Dest filename: C:\Users\RUNNER~1\AppData\Local\Temp\warband-extracted-orwrpep4\Installed Warband\_internal\api-ms-win-crt-convert-l1-1-0.dll
2026-09-08 09:15:08.350   Time stamp of our file: 2026-09-08 09:14:34.000
2026-09-08 09:15:08.350   Installing the file.
2026-09-08 09:15:08.352   Successfully installed the file.
2026-09-08 09:15:08.352   -- File entry --
2026-09-08 09:15:08.352   Dest filename: C:\Users\RUNNER~1\AppData\Local\Temp\warband-extracted-orwrpep4\Installed Warband\_internal\api-ms-win-crt-environment-l1-1-0.dll
2026-09-08 09:15:08.352   Time stamp of our file: 2026-09-08 09:14:34.000
2026-09-08 09:15:08.352   Installing the file.
2026-09-08 09:15:08.352   Successfully installed the file.
2026-09-08 09:15:08.354   -- File entry --
2026-09-08 09:15:08.354   Dest filename: C:\Users\RUNNER~1\AppData\Local\Temp\warband-extracted-orwrpep4\Installed Warband\_internal\api-ms-win-crt-filesystem-l1-1-0.dll
2026-09-08 09:15:08.354   Time stamp of our file: 2026-09-08 09:14:34.000
2026-09-08 09:15:08.354   Installing the file.
2026-09-08 09:15:08.354   Successfully installed the file.
2026-09-08 09:15:08.354   -- File entry --
2026-09-08 09:15:08.354   Dest filename: C:\Users\RUNNER~1\AppData\Local\Temp\warband-extracted-orwrpep4\Installed Warband\_internal\api-ms-win-crt-heap-l1-1-0.dll
2026-09-08 09:15:08.354   Time stamp of our file: 2026-09-08 09:14:34.000
2026-09-08 09:15:08.354   Installing the file.
2026-09-08 09:15:08.356   Successfully installed the file.
2026-09-08 09:15:08.356   -- File entry --
2026-09-08 09:15:08.356   Dest filename: C:\Users\RUNNER~1\AppData\Local\Temp\warband-extracted-orwrpep4\Installed Warband\_internal\api-ms-win-crt-locale-l1-1-0.dll
2026-09-08 09:15:08.356   Time stamp of our file: 2026-09-08 09:14:34.000
2026-09-08 09:15:08.356   Installing the file.
2026-09-08 09:15:08.364   Successfully installed the file.
2026-09-08 09:15:08.364   -- File entry --
2026-09-08 09:15:08.364   Dest filename: C:\Users\RUNNER~1\AppData\Local\Temp\warband-extracted-orwrpep4\Installed Warband\_internal\api-ms-win-crt-math-l1-1-0.dll
2026-09-08 09:15:08.364   Time stamp of our file: 2026-09-08 09:14:34.000
2026-09-08 09:15:08.364   Installing the file.
2026-09-08 09:15:08.366   Successfully installed the file.
2026-09-08 09:15:08.366   -- File entry --
2026-09-08 09:15:08.366   Dest filename: C:\Users\RUNNER~1\AppData\Local\Temp\warband-extracted-orwrpep4\Installed Warband\_internal\api-ms-win-crt-private-l1-1-0.dll
2026-09-08 09:15:08.366   Time stamp of our file: 2026-09-08 09:14:34.000
2026-09-08 09:15:08.366   Installing the file.
2026-09-08 09:15:08.368   Successfully installed the file.
2026-09-08 09:15:08.368   -- File entry --
2026-09-08 09:15:08.368   Dest filename: C:\Users\RUNNER~1\AppData\Local\Temp\warband-extracted-orwrpep4\Installed Warband\_internal\api-ms-win-crt-process-l1-1-0.dll
2026-09-08 09:15:08.368   Time stamp of our file: 2026-09-08 09:14:34.000
2026-09-08 09:15:08.368   Installing the file.
2026-09-08 09:15:08.370   Successfully installed the file.
2026-09-08 09:15:08.370   -- File entry --
2026-09-08 09:15:08.370   Dest filename: C:\Users\RUNNER~1\AppData\Local\Temp\warband-extracted-orwrpep4\Installed Warband\_internal\api-ms-win-crt-runtime-l1-1-0.dll
2026-09-08 09:15:08.370   Time stamp of our file: 2026-09-08 09:14:34.000
2026-09-08 09:15:08.370   Installing the file.
2026-09-08 09:15:08.372   Successfully installed the file.
2026-09-08 09:15:08.372   -- File entry --
2026-09-08 09:15:08.372   Dest filename: C:\Users\RUNNER~1\AppData\Local\Temp\warband-extracted-orwrpep4\Installed Warband\_internal\api-ms-win-crt-stdio-l1-1-0.dll
2026-09-08 09:15:08.372   Time stamp of our file: 2026-09-08 09:14:34.000
2026-09-08 09:15:08.372   Installing the file.
2026-09-08 09:15:08.372   Successfully installed the file.
2026-09-08 09:15:08.372   -- File entry --
2026-09-08 09:15:08.372   Dest filename: C:\Users\RUNNER~1\AppData\Local\Temp\warband-extracted-orwrpep4\Installed Warband\_internal\api-ms-win-crt-string-l1-1-0.dll
2026-09-08 09:15:08.374   Time stamp of our file: 2026-09-08 09:14:34.000
2026-09-08 09:15:08.374   Installing the file.
2026-09-08 09:15:08.378   Successfully installed the file.
2026-09-08 09:15:08.378   -- File entry --
2026-09-08 09:15:08.378   Dest filename: C:\Users\RUNNER~1\AppData\Local\Temp\warband-extracted-orwrpep4\Installed Warband\_internal\api-ms-win-crt-time-l1-1-0.dll
2026-09-08 09:15:08.378   Time stamp of our file: 2026-09-08 09:14:34.000
2026-09-08 09:15:08.378   Installing the file.
2026-09-08 09:15:08.378   Successfully installed the file.
2026-09-08 09:15:08.378   -- File entry --
2026-09-08 09:15:08.380   Dest filename: C:\Users\RUNNER~1\AppData\Local\Temp\warband-extracted-orwrpep4\Installed Warband\_internal\api-ms-win-crt-utility-l1-1-0.dll
2026-09-08 09:15:08.380   Time stamp of our file: 2026-09-08 09:14:34.000
2026-09-08 09:15:08.380   Installing the file.
2026-09-08 09:15:08.380   Successfully installed the file.
2026-09-08 09:15:08.380   -- File entry --
2026-09-08 09:15:08.380   Dest filename: C:\Users\RUNNER~1\AppData\Local\Temp\warband-extracted-orwrpep4\Installed Warband\_internal\base_library.zip
2026-09-08 09:15:08.380   Time stamp of our file: 2026-09-08 09:14:34.000
2026-09-08 09:15:08.380   Installing the file.
2026-09-08 09:15:08.416   Successfully installed the file.
2026-09-08 09:15:08.416   -- File entry --
2026-09-08 09:15:08.416   Dest filename: C:\Users\RUNNER~1\AppData\Local\Temp\warband-extracted-orwrpep4\Installed Warband\_internal\libcrypto-3-x64.dll
2026-09-08 09:15:08.416   Time stamp of our file: 2026-09-08 09:14:34.000
2026-09-08 09:15:08.416   Installing the file.
2026-09-08 09:15:08.558   Successfully installed the file.
2026-09-08 09:15:08.558   -- File entry --
2026-09-08 09:15:08.558   Dest filename: C:\Users\RUNNER~1\AppData\Local\Temp\warband-extracted-orwrpep4\Installed Warband\_internal\libffi-8.dll
2026-09-08 09:15:08.558   Time stamp of our file: 2026-09-08 09:14:34.000
2026-09-08 09:15:08.558   Installing the file.
2026-09-08 09:15:08.560   Successfully installed the file.
2026-09-08 09:15:08.560   -- File entry --
2026-09-08 09:15:08.560   Dest filename: C:\Users\RUNNER~1\AppData\Local\Temp\warband-extracted-orwrpep4\Installed Warband\_internal\libscipy_openblas64_-74a408729250596b0973e69fdd954eea.dll
2026-09-08 09:15:08.560   Time stamp of our file: 2026-09-08 09:14:34.000
2026-09-08 09:15:08.560   Installing the file.
2026-09-08 09:15:09.036   Successfully installed the file.
2026-09-08 09:15:09.036   -- File entry --
2026-09-08 09:15:09.036   Dest filename: C:\Users\RUNNER~1\AppData\Local\Temp\warband-extracted-orwrpep4\Installed Warband\_internal\libssl-3-x64.dll
2026-09-08 09:15:09.036   Time stamp of our file: 2026-09-08 09:14:34.000
2026-09-08 09:15:09.036   Installing the file.
2026-09-08 09:15:09.062   Successfully installed the file.
2026-09-08 09:15:09.062   -- File entry --
2026-09-08 09:15:09.062   Dest filename: C:\Users\RUNNER~1\AppData\Local\Temp\warband-extracted-orwrpep4\Installed Warband\_internal\msvcp140-a4c2229bdc2a2a630acdc095b4d86008.dll
2026-09-08 09:15:09.062   Time stamp of our file: 2026-09-08 09:14:34.000
2026-09-08 09:15:09.062   Installing the file.
2026-09-08 09:15:09.078   Successfully installed the file.
2026-09-08 09:15:09.080   -- File entry --
2026-09-08 09:15:09.080   Dest filename: C:\Users\RUNNER~1\AppData\Local\Temp\warband-extracted-orwrpep4\Installed Warband\_internal\pyexpat.pyd
2026-09-08 09:15:09.080   Time stamp of our file: 2026-09-08 09:14:34.000
2026-09-08 09:15:09.080   Installing the file.
2026-09-08 09:15:09.088   Successfully installed the file.
2026-09-08 09:15:09.088   -- File entry --
2026-09-08 09:15:09.088   Dest filename: C:\Users\RUNNER~1\AppData\Local\Temp\warband-extracted-orwrpep4\Installed Warband\_internal\python313.dll
2026-09-08 09:15:09.088   Time stamp of our file: 2026-09-08 09:14:34.000
2026-09-08 09:15:09.088   Installing the file.
2026-09-08 09:15:09.280   Successfully installed the file.
2026-09-08 09:15:09.282   -- File entry --
2026-09-08 09:15:09.282   Dest filename: C:\Users\RUNNER~1\AppData\Local\Temp\warband-extracted-orwrpep4\Installed Warband\_internal\select.pyd
2026-09-08 09:15:09.282   Time stamp of our file: 2026-09-08 09:14:34.000
2026-09-08 09:15:09.282   Installing the file.
2026-09-08 09:15:09.286   Successfully installed the file.
2026-09-08 09:15:09.286   -- File entry --
2026-09-08 09:15:09.286   Dest filename: C:\Users\RUNNER~1\AppData\Local\Temp\warband-extracted-orwrpep4\Installed Warband\_internal\ucrtbase.dll
2026-09-08 09:15:09.286   Time stamp of our file: 2026-09-08 09:14:34.000
2026-09-08 09:15:09.286   Installing the file.
2026-09-08 09:15:09.334   Successfully installed the file.
2026-09-08 09:15:09.334   -- File entry --
2026-09-08 09:15:09.334   Dest filename: C:\Users\RUNNER~1\AppData\Local\Temp\warband-extracted-orwrpep4\Installed Warband\_internal\unicodedata.pyd
2026-09-08 09:15:09.334   Time stamp of our file: 2026-09-08 09:14:34.000
2026-09-08 09:15:09.334   Installing the file.
2026-09-08 09:15:09.359   Successfully installed the file.
2026-09-08 09:15:09.359   -- File entry --
2026-09-08 09:15:09.359   Dest filename: C:\Users\RUNNER~1\AppData\Local\Temp\warband-extracted-orwrpep4\Installed Warband\_internal\VCRUNTIME140.dll
2026-09-08 09:15:09.359   Time stamp of our file: 2026-09-08 09:14:34.000
2026-09-08 09:15:09.359   Installing the file.
2026-09-08 09:15:09.363   Successfully installed the file.
2026-09-08 09:15:09.363   -- File entry --
2026-09-08 09:15:09.363   Dest filename: C:\Users\RUNNER~1\AppData\Local\Temp\warband-extracted-orwrpep4\Installed Warband\_internal\VCRUNTIME140_1.dll
2026-09-08 09:15:09.363   Time stamp of our file: 2026-09-08 09:14:34.000
2026-09-08 09:15:09.363   Installing the file.
2026-09-08 09:15:09.365   Successfully installed the file.
2026-09-08 09:15:09.365   -- File entry --
2026-09-08 09:15:09.365   Dest filename: C:\Users\RUNNER~1\AppData\Local\Temp\warband-extracted-orwrpep4\Installed Warband\_internal\_asyncio.pyd
2026-09-08 09:15:09.365   Time stamp of our file: 2026-09-08 09:14:34.000
2026-09-08 09:15:09.365   Installing the file.
2026-09-08 09:15:09.367   Successfully installed the file.
2026-09-08 09:15:09.367   -- File entry --
2026-09-08 09:15:09.367   Dest filename: C:\Users\RUNNER~1\AppData\Local\Temp\warband-extracted-orwrpep4\Installed Warband\_internal\_bz2.pyd
2026-09-08 09:15:09.367   Time stamp of our file: 2026-09-08 09:14:34.000
2026-09-08 09:15:09.367   Installing the file.
2026-09-08 09:15:09.371   Successfully installed the file.
2026-09-08 09:15:09.371   -- File entry --
2026-09-08 09:15:09.371   Dest filename: C:\Users\RUNNER~1\AppData\Local\Temp\warband-extracted-orwrpep4\Installed Warband\_internal\_ctypes.pyd
2026-09-08 09:15:09.371   Time stamp of our file: 2026-09-08 09:14:34.000
2026-09-08 09:15:09.371   Installing the file.
2026-09-08 09:15:09.375   Successfully installed the file.
2026-09-08 09:15:09.375   -- File entry --
2026-09-08 09:15:09.377   Dest filename: C:\Users\RUNNER~1\AppData\Local\Temp\warband-extracted-orwrpep4\Installed Warband\_internal\_decimal.pyd
2026-09-08 09:15:09.377   Time stamp of our file: 2026-09-08 09:14:34.000
2026-09-08 09:15:09.377   Installing the file.
2026-09-08 09:15:09.385   Successfully installed the file.
2026-09-08 09:15:09.385   -- File entry --
2026-09-08 09:15:09.385   Dest filename: C:\Users\RUNNER~1\AppData\Local\Temp\warband-extracted-orwrpep4\Installed Warband\_internal\_elementtree.pyd
2026-09-08 09:15:09.387   Time stamp of our file: 2026-09-08 09:14:34.000
2026-09-08 09:15:09.387   Installing the file.
2026-09-08 09:15:09.391   Successfully installed the file.
2026-09-08 09:15:09.391   -- File entry --
2026-09-08 09:15:09.391   Dest filename: C:\Users\RUNNER~1\AppData\Local\Temp\warband-extracted-orwrpep4\Installed Warband\_internal\_hashlib.pyd
2026-09-08 09:15:09.391   Time stamp of our file: 2026-09-08 09:14:34.000
2026-09-08 09:15:09.391   Installing the file.
2026-09-08 09:15:09.393   Successfully installed the file.
2026-09-08 09:15:09.393   -- File entry --
2026-09-08 09:15:09.393   Dest filename: C:\Users\RUNNER~1\AppData\Local\Temp\warband-extracted-orwrpep4\Installed Warband\_internal\_lzma.pyd
2026-09-08 09:15:09.393   Time stamp of our file: 2026-09-08 09:14:34.000
2026-09-08 09:15:09.393   Installing the file.
2026-09-08 09:15:09.401   Successfully installed the file.
2026-09-08 09:15:09.401   -- File entry --
2026-09-08 09:15:09.401   Dest filename: C:\Users\RUNNER~1\AppData\Local\Temp\warband-extracted-orwrpep4\Installed Warband\_internal\_multiprocessing.pyd
2026-09-08 09:15:09.401   Time stamp of our file: 2026-09-08 09:14:34.000
2026-09-08 09:15:09.401   Installing the file.
2026-09-08 09:15:09.401   Successfully installed the file.
2026-09-08 09:15:09.401   -- File entry --
2026-09-08 09:15:09.403   Dest filename: C:\Users\RUNNER~1\AppData\Local\Temp\warband-extracted-orwrpep4\Installed Warband\_internal\_overlapped.pyd
2026-09-08 09:15:09.403   Time stamp of our file: 2026-09-08 09:14:34.000
2026-09-08 09:15:09.403   Installing the file.
2026-09-08 09:15:09.407   Successfully installed the file.
2026-09-08 09:15:09.407   -- File entry --
2026-09-08 09:15:09.407   Dest filename: C:\Users\RUNNER~1\AppData\Local\Temp\warband-extracted-orwrpep4\Installed Warband\_internal\_queue.pyd
2026-09-08 09:15:09.407   Time stamp of our file: 2026-09-08 09:14:34.000
2026-09-08 09:15:09.407   Installing the file.
2026-09-08 09:15:09.409   Successfully installed the file.
2026-09-08 09:15:09.409   -- File entry --
2026-09-08 09:15:09.409   Dest filename: C:\Users\RUNNER~1\AppData\Local\Temp\warband-extracted-orwrpep4\Installed Warband\_internal\_socket.pyd
2026-09-08 09:15:09.409   Time stamp of our file: 2026-09-08 09:14:34.000
2026-09-08 09:15:09.409   Installing the file.
2026-09-08 09:15:09.413   Successfully installed the file.
2026-09-08 09:15:09.413   -- File entry --
2026-09-08 09:15:09.413   Dest filename: C:\Users\RUNNER~1\AppData\Local\Temp\warband-extracted-orwrpep4\Installed Warband\_internal\_ssl.pyd
2026-09-08 09:15:09.413   Time stamp of our file: 2026-09-08 09:14:34.000
2026-09-08 09:15:09.413   Installing the file.
2026-09-08 09:15:09.417   Successfully installed the file.
2026-09-08 09:15:09.417   -- File entry --
2026-09-08 09:15:09.419   Dest filename: C:\Users\RUNNER~1\AppData\Local\Temp\warband-extracted-orwrpep4\Installed Warband\_internal\_uuid.pyd
2026-09-08 09:15:09.419   Time stamp of our file: 2026-09-08 09:14:34.000
2026-09-08 09:15:09.419   Installing the file.
2026-09-08 09:15:09.419   Successfully installed the file.
2026-09-08 09:15:09.419   -- File entry --
2026-09-08 09:15:09.419   Dest filename: C:\Users\RUNNER~1\AppData\Local\Temp\warband-extracted-orwrpep4\Installed Warband\_internal\_wmi.pyd
2026-09-08 09:15:09.419   Time stamp of our file: 2026-09-08 09:14:34.000
2026-09-08 09:15:09.419   Installing the file.
2026-09-08 09:15:09.421   Successfully installed the file.
2026-09-08 09:15:09.421   -- File entry --
2026-09-08 09:15:09.421   Dest filename: C:\Users\RUNNER~1\AppData\Local\Temp\warband-extracted-orwrpep4\Installed Warband\_internal\numpy\fft\_pocketfft_umath.cp313-win_amd64.pyd
2026-09-08 09:15:09.421   Time stamp of our file: 2026-09-08 09:14:34.000
2026-09-08 09:15:09.421   Installing the file.
2026-09-08 09:15:09.421   Creating directory: C:\Users\RUNNER~1\AppData\Local\Temp\warband-extracted-orwrpep4\Installed Warband\_internal\numpy
2026-09-08 09:15:09.421   Creating directory: C:\Users\RUNNER~1\AppData\Local\Temp\warband-extracted-orwrpep4\Installed Warband\_internal\numpy\fft
2026-09-08 09:15:09.430   Successfully installed the file.
2026-09-08 09:15:09.430   -- File entry --
2026-09-08 09:15:09.430   Dest filename: C:\Users\RUNNER~1\AppData\Local\Temp\warband-extracted-orwrpep4\Installed Warband\_internal\numpy\linalg\_umath_linalg.cp313-win_amd64.pyd
2026-09-08 09:15:09.430   Time stamp of our file: 2026-09-08 09:14:34.000
2026-09-08 09:15:09.430   Installing the file.
2026-09-08 09:15:09.430   Creating directory: C:\Users\RUNNER~1\AppData\Local\Temp\warband-extracted-orwrpep4\Installed Warband\_internal\numpy\linalg
2026-09-08 09:15:09.436   Successfully installed the file.
2026-09-08 09:15:09.436   -- File entry --
2026-09-08 09:15:09.436   Dest filename: C:\Users\RUNNER~1\AppData\Local\Temp\warband-extracted-orwrpep4\Installed Warband\_internal\numpy\random\bit_generator.cp313-win_amd64.pyd
2026-09-08 09:15:09.436   Time stamp of our file: 2026-09-08 09:14:34.000
2026-09-08 09:15:09.436   Installing the file.
2026-09-08 09:15:09.436   Creating directory: C:\Users\RUNNER~1\AppData\Local\Temp\warband-extracted-orwrpep4\Installed Warband\_internal\numpy\random
2026-09-08 09:15:09.442   Successfully installed the file.
2026-09-08 09:15:09.442   -- File entry --
2026-09-08 09:15:09.442   Dest filename: C:\Users\RUNNER~1\AppData\Local\Temp\warband-extracted-orwrpep4\Installed Warband\_internal\numpy\random\mtrand.cp313-win_amd64.pyd
2026-09-08 09:15:09.442   Time stamp of our file: 2026-09-08 09:14:34.000
2026-09-08 09:15:09.442   Installing the file.
2026-09-08 09:15:09.459   Successfully installed the file.
2026-09-08 09:15:09.459   -- File entry --
2026-09-08 09:15:09.460   Dest filename: C:\Users\RUNNER~1\AppData\Local\Temp\warband-extracted-orwrpep4\Installed Warband\_internal\numpy\random\_bounded_integers.cp313-win_amd64.pyd
2026-09-08 09:15:09.460   Time stamp of our file: 2026-09-08 09:14:34.000
2026-09-08 09:15:09.460   Installing the file.
2026-09-08 09:15:09.469   Successfully installed the file.
2026-09-08 09:15:09.469   -- File entry --
2026-09-08 09:15:09.469   Dest filename: C:\Users\RUNNER~1\AppData\Local\Temp\warband-extracted-orwrpep4\Installed Warband\_internal\numpy\random\_common.cp313-win_amd64.pyd
2026-09-08 09:15:09.469   Time stamp of our file: 2026-09-08 09:14:34.000
2026-09-08 09:15:09.469   Installing the file.
2026-09-08 09:15:09.474   Successfully installed the file.
2026-09-08 09:15:09.474   -- File entry --
2026-09-08 09:15:09.474   Dest filename: C:\Users\RUNNER~1\AppData\Local\Temp\warband-extracted-orwrpep4\Installed Warband\_internal\numpy\random\_generator.cp313-win_amd64.pyd
2026-09-08 09:15:09.474   Time stamp of our file: 2026-09-08 09:14:34.000
2026-09-08 09:15:09.474   Installing the file.
2026-09-08 09:15:09.492   Successfully installed the file.
2026-09-08 09:15:09.492   -- File entry --
2026-09-08 09:15:09.492   Dest filename: C:\Users\RUNNER~1\AppData\Local\Temp\warband-extracted-orwrpep4\Installed Warband\_internal\numpy\random\_mt19937.cp313-win_amd64.pyd
2026-09-08 09:15:09.492   Time stamp of our file: 2026-09-08 09:14:34.000
2026-09-08 09:15:09.492   Installing the file.
2026-09-08 09:15:09.496   Successfully installed the file.
2026-09-08 09:15:09.496   -- File entry --
2026-09-08 09:15:09.496   Dest filename: C:\Users\RUNNER~1\AppData\Local\Temp\warband-extracted-orwrpep4\Installed Warband\_internal\numpy\random\_pcg64.cp313-win_amd64.pyd
2026-09-08 09:15:09.496   Time stamp of our file: 2026-09-08 09:14:34.000
2026-09-08 09:15:09.496   Installing the file.
2026-09-08 09:15:09.498   Successfully installed the file.
2026-09-08 09:15:09.498   -- File entry --
2026-09-08 09:15:09.498   Dest filename: C:\Users\RUNNER~1\AppData\Local\Temp\warband-extracted-orwrpep4\Installed Warband\_internal\numpy\random\_philox.cp313-win_amd64.pyd
2026-09-08 09:15:09.498   Time stamp of our file: 2026-09-08 09:14:34.000
2026-09-08 09:15:09.498   Installing the file.
2026-09-08 09:15:09.501   Successfully installed the file.
2026-09-08 09:15:09.501   -- File entry --
2026-09-08 09:15:09.501   Dest filename: C:\Users\RUNNER~1\AppData\Local\Temp\warband-extracted-orwrpep4\Installed Warband\_internal\numpy\random\_sfc64.cp313-win_amd64.pyd
2026-09-08 09:15:09.501   Time stamp of our file: 2026-09-08 09:14:34.000
2026-09-08 09:15:09.501   Installing the file.
2026-09-08 09:15:09.504   Successfully installed the file.
2026-09-08 09:15:09.504   -- File entry --
2026-09-08 09:15:09.504   Dest filename: C:\Users\RUNNER~1\AppData\Local\Temp\warband-extracted-orwrpep4\Installed Warband\_internal\numpy\_core\_multiarray_tests.cp313-win_amd64.pyd
2026-09-08 09:15:09.504   Time stamp of our file: 2026-09-08 09:14:34.000
2026-09-08 09:15:09.504   Installing the file.
2026-09-08 09:15:09.504   Creating directory: C:\Users\RUNNER~1\AppData\Local\Temp\warband-extracted-orwrpep4\Installed Warband\_internal\numpy\_core
2026-09-08 09:15:09.508   Successfully installed the file.
2026-09-08 09:15:09.508   -- File entry --
2026-09-08 09:15:09.508   Dest filename: C:\Users\RUNNER~1\AppData\Local\Temp\warband-extracted-orwrpep4\Installed Warband\_internal\numpy\_core\_multiarray_umath.cp313-win_amd64.pyd
2026-09-08 09:15:09.508   Time stamp of our file: 2026-09-08 09:14:34.000
2026-09-08 09:15:09.508   Installing the file.
2026-09-08 09:15:09.609   Successfully installed the file.
2026-09-08 09:15:09.609   -- File entry --
2026-09-08 09:15:09.609   Dest filename: C:\Users\RUNNER~1\AppData\Local\Temp\warband-extracted-orwrpep4\Installed Warband\_internal\numpy-2.4.2.dist-info\DELVEWHEEL
2026-09-08 09:15:09.611   Time stamp of our file: 2026-09-08 09:14:34.000
2026-09-08 09:15:09.611   Installing the file.
2026-09-08 09:15:09.611   Creating directory: C:\Users\RUNNER~1\AppData\Local\Temp\warband-extracted-orwrpep4\Installed Warband\_internal\numpy-2.4.2.dist-info
2026-09-08 09:15:09.611   Successfully installed the file.
2026-09-08 09:15:09.611   -- File entry --
2026-09-08 09:15:09.611   Dest filename: C:\Users\RUNNER~1\AppData\Local\Temp\warband-extracted-orwrpep4\Installed Warband\_internal\numpy-2.4.2.dist-info\entry_points.txt
2026-09-08 09:15:09.612   Time stamp of our file: 2026-09-08 09:14:34.000
2026-09-08 09:15:09.612   Installing the file.
2026-09-08 09:15:09.613   Successfully installed the file.
2026-09-08 09:15:09.613   -- File entry --
2026-09-08 09:15:09.613   Dest filename: C:\Users\RUNNER~1\AppData\Local\Temp\warband-extracted-orwrpep4\Installed Warband\_internal\numpy-2.4.2.dist-info\INSTALLER
2026-09-08 09:15:09.613   Time stamp of our file: 2026-09-08 09:14:34.000
2026-09-08 09:15:09.613   Installing the file.
2026-09-08 09:15:09.617   Successfully installed the file.
2026-09-08 09:15:09.617   -- File entry --
2026-09-08 09:15:09.617   Dest filename: C:\Users\RUNNER~1\AppData\Local\Temp\warband-extracted-orwrpep4\Installed Warband\_internal\numpy-2.4.2.dist-info\METADATA
2026-09-08 09:15:09.617   Time stamp of our file: 2026-09-08 09:14:34.000
2026-09-08 09:15:09.617   Installing the file.
2026-09-08 09:15:09.618   Successfully installed the file.
2026-09-08 09:15:09.619   -- File entry --
2026-09-08 09:15:09.619   Dest filename: C:\Users\RUNNER~1\AppData\Local\Temp\warband-extracted-orwrpep4\Installed Warband\_internal\numpy-2.4.2.dist-info\RECORD
2026-09-08 09:15:09.619   Time stamp of our file: 2026-09-08 09:14:34.000
2026-09-08 09:15:09.619   Installing the file.
2026-09-08 09:15:09.623   Successfully installed the file.
2026-09-08 09:15:09.623   -- File entry --
2026-09-08 09:15:09.623   Dest filename: C:\Users\RUNNER~1\AppData\Local\Temp\warband-extracted-orwrpep4\Installed Warband\_internal\numpy-2.4.2.dist-info\REQUESTED
2026-09-08 09:15:09.623   Time stamp of our file: 2026-09-08 09:14:34.000
2026-09-08 09:15:09.623   Installing the file.
2026-09-08 09:15:09.623   Successfully installed the file.
2026-09-08 09:15:09.623   -- File entry --
2026-09-08 09:15:09.624   Dest filename: C:\Users\RUNNER~1\AppData\Local\Temp\warband-extracted-orwrpep4\Installed Warband\_internal\numpy-2.4.2.dist-info\WHEEL
2026-09-08 09:15:09.624   Time stamp of our file: 2026-09-08 09:14:34.000
2026-09-08 09:15:09.624   Installing the file.
2026-09-08 09:15:09.625   Successfully installed the file.
2026-09-08 09:15:09.625   -- File entry --
2026-09-08 09:15:09.625   Dest filename: C:\Users\RUNNER~1\AppData\Local\Temp\warband-extracted-orwrpep4\Installed Warband\_internal\numpy-2.4.2.dist-info\licenses\LICENSE.txt
2026-09-08 09:15:09.625   Time stamp of our file: 2026-09-08 09:14:34.000
2026-09-08 09:15:09.625   Installing the file.
2026-09-08 09:15:09.625   Creating directory: C:\Users\RUNNER~1\AppData\Local\Temp\warband-extracted-orwrpep4\Installed Warband\_internal\numpy-2.4.2.dist-info\licenses
2026-09-08 09:15:09.627   Successfully installed the file.
2026-09-08 09:15:09.627   -- File entry --
2026-09-08 09:15:09.628   Dest filename: C:\Users\RUNNER~1\AppData\Local\Temp\warband-extracted-orwrpep4\Installed Warband\_internal\numpy-2.4.2.dist-info\licenses\numpy\fft\pocketfft\LICENSE.md
2026-09-08 09:15:09.628   Time stamp of our file: 2026-09-08 09:14:34.000
2026-09-08 09:15:09.628   Installing the file.
2026-09-08 09:15:09.628   Creating directory: C:\Users\RUNNER~1\AppData\Local\Temp\warband-extracted-orwrpep4\Installed Warband\_internal\numpy-2.4.2.dist-info\licenses\numpy
2026-09-08 09:15:09.628   Creating directory: C:\Users\RUNNER~1\AppData\Local\Temp\warband-extracted-orwrpep4\Installed Warband\_internal\numpy-2.4.2.dist-info\licenses\numpy\fft
2026-09-08 09:15:09.628   Creating directory: C:\Users\RUNNER~1\AppData\Local\Temp\warband-extracted-orwrpep4\Installed Warband\_internal\numpy-2.4.2.dist-info\licenses\numpy\fft\pocketfft
2026-09-08 09:15:09.628   Successfully installed the file.
2026-09-08 09:15:09.628   -- File entry --
2026-09-08 09:15:09.628   Dest filename: C:\Users\RUNNER~1\AppData\Local\Temp\warband-extracted-orwrpep4\Installed Warband\_internal\numpy-2.4.2.dist-info\licenses\numpy\linalg\lapack_lite\LICENSE.txt
2026-09-08 09:15:09.628   Time stamp of our file: 2026-09-08 09:14:34.000
2026-09-08 09:15:09.628   Installing the file.
2026-09-08 09:15:09.630   Creating directory: C:\Users\RUNNER~1\AppData\Local\Temp\warband-extracted-orwrpep4\Installed Warband\_internal\numpy-2.4.2.dist-info\licenses\numpy\linalg
2026-09-08 09:15:09.630   Creating directory: C:\Users\RUNNER~1\AppData\Local\Temp\warband-extracted-orwrpep4\Installed Warband\_internal\numpy-2.4.2.dist-info\licenses\numpy\linalg\lapack_lite
2026-09-08 09:15:09.630   Successfully installed the file.
2026-09-08 09:15:09.630   -- File entry --
2026-09-08 09:15:09.630   Dest filename: C:\Users\RUNNER~1\AppData\Local\Temp\warband-extracted-orwrpep4\Installed Warband\_internal\numpy-2.4.2.dist-info\licenses\numpy\ma\LICENSE
2026-09-08 09:15:09.630   Time stamp of our file: 2026-09-08 09:14:34.000
2026-09-08 09:15:09.630   Installing the file.
2026-09-08 09:15:09.630   Creating directory: C:\Users\RUNNER~1\AppData\Local\Temp\warband-extracted-orwrpep4\Installed Warband\_internal\numpy-2.4.2.dist-info\licenses\numpy\ma
2026-09-08 09:15:09.632   Successfully installed the file.
2026-09-08 09:15:09.632   -- File entry --
2026-09-08 09:15:09.632   Dest filename: C:\Users\RUNNER~1\AppData\Local\Temp\warband-extracted-orwrpep4\Installed Warband\_internal\numpy-2.4.2.dist-info\licenses\numpy\random\LICENSE.md
2026-09-08 09:15:09.632   Time stamp of our file: 2026-09-08 09:14:34.000
2026-09-08 09:15:09.632   Installing the file.
2026-09-08 09:15:09.632   Creating directory: C:\Users\RUNNER~1\AppData\Local\Temp\warband-extracted-orwrpep4\Installed Warband\_internal\numpy-2.4.2.dist-info\licenses\numpy\random
2026-09-08 09:15:09.634   Successfully installed the file.
2026-09-08 09:15:09.634   -- File entry --
2026-09-08 09:15:09.634   Dest filename: C:\Users\RUNNER~1\AppData\Local\Temp\warband-extracted-orwrpep4\Installed Warband\_internal\numpy-2.4.2.dist-info\licenses\numpy\random\src\distributions\LICENSE.md
2026-09-08 09:15:09.634   Time stamp of our file: 2026-09-08 09:14:34.000
2026-09-08 09:15:09.634   Installing the file.
2026-09-08 09:15:09.634   Creating directory: C:\Users\RUNNER~1\AppData\Local\Temp\warband-extracted-orwrpep4\Installed Warband\_internal\numpy-2.4.2.dist-info\licenses\numpy\random\src
2026-09-08 09:15:09.634   Creating directory: C:\Users\RUNNER~1\AppData\Local\Temp\warband-extracted-orwrpep4\Installed Warband\_internal\numpy-2.4.2.dist-info\licenses\numpy\random\src\distributions
2026-09-08 09:15:09.634   Successfully installed the file.
2026-09-08 09:15:09.634   -- File entry --
2026-09-08 09:15:09.634   Dest filename: C:\Users\RUNNER~1\AppData\Local\Temp\warband-extracted-orwrpep4\Installed Warband\_internal\numpy-2.4.2.dist-info\licenses\numpy\random\src\mt19937\LICENSE.md
2026-09-08 09:15:09.636   Time stamp of our file: 2026-09-08 09:14:34.000
2026-09-08 09:15:09.636   Installing the file.
2026-09-08 09:15:09.636   Creating directory: C:\Users\RUNNER~1\AppData\Local\Temp\warband-extracted-orwrpep4\Installed Warband\_internal\numpy-2.4.2.dist-info\licenses\numpy\random\src\mt19937
2026-09-08 09:15:09.636   Successfully installed the file.
2026-09-08 09:15:09.636   -- File entry --
2026-09-08 09:15:09.636   Dest filename: C:\Users\RUNNER~1\AppData\Local\Temp\warband-extracted-orwrpep4\Installed Warband\_internal\numpy-2.4.2.dist-info\licenses\numpy\random\src\pcg64\LICENSE.md
2026-09-08 09:15:09.636   Time stamp of our file: 2026-09-08 09:14:34.000
2026-09-08 09:15:09.636   Installing the file.
2026-09-08 09:15:09.636   Creating directory: C:\Users\RUNNER~1\AppData\Local\Temp\warband-extracted-orwrpep4\Installed Warband\_internal\numpy-2.4.2.dist-info\licenses\numpy\random\src\pcg64
2026-09-08 09:15:09.638   Successfully installed the file.
2026-09-08 09:15:09.638   -- File entry --
2026-09-08 09:15:09.638   Dest filename: C:\Users\RUNNER~1\AppData\Local\Temp\warband-extracted-orwrpep4\Installed Warband\_internal\numpy-2.4.2.dist-info\licenses\numpy\random\src\philox\LICENSE.md
2026-09-08 09:15:09.638   Time stamp of our file: 2026-09-08 09:14:34.000
2026-09-08 09:15:09.638   Installing the file.
2026-09-08 09:15:09.638   Creating directory: C:\Users\RUNNER~1\AppData\Local\Temp\warband-extracted-orwrpep4\Installed Warband\_internal\numpy-2.4.2.dist-info\licenses\numpy\random\src\philox
2026-09-08 09:15:09.640   Successfully installed the file.
2026-09-08 09:15:09.640   -- File entry --
2026-09-08 09:15:09.640   Dest filename: C:\Users\RUNNER~1\AppData\Local\Temp\warband-extracted-orwrpep4\Installed Warband\_internal\numpy-2.4.2.dist-info\licenses\numpy\random\src\sfc64\LICENSE.md
2026-09-08 09:15:09.640   Time stamp of our file: 2026-09-08 09:14:34.000
2026-09-08 09:15:09.640   Installing the file.
2026-09-08 09:15:09.640   Creating directory: C:\Users\RUNNER~1\AppData\Local\Temp\warband-extracted-orwrpep4\Installed Warband\_internal\numpy-2.4.2.dist-info\licenses\numpy\random\src\sfc64
2026-09-08 09:15:09.641   Successfully installed the file.
2026-09-08 09:15:09.641   -- File entry --
2026-09-08 09:15:09.641   Dest filename: C:\Users\RUNNER~1\AppData\Local\Temp\warband-extracted-orwrpep4\Installed Warband\_internal\numpy-2.4.2.dist-info\licenses\numpy\random\src\splitmix64\LICENSE.md
2026-09-08 09:15:09.642   Time stamp of our file: 2026-09-08 09:14:34.000
2026-09-08 09:15:09.642   Installing the file.
2026-09-08 09:15:09.642   Creating directory: C:\Users\RUNNER~1\AppData\Local\Temp\warband-extracted-orwrpep4\Installed Warband\_internal\numpy-2.4.2.dist-info\licenses\numpy\random\src\splitmix64
2026-09-08 09:15:09.646   Successfully installed the file.
2026-09-08 09:15:09.646   -- File entry --
2026-09-08 09:15:09.646   Dest filename: C:\Users\RUNNER~1\AppData\Local\Temp\warband-extracted-orwrpep4\Installed Warband\_internal\numpy-2.4.2.dist-info\licenses\numpy\_core\include\numpy\libdivide\LICENSE.txt
2026-09-08 09:15:09.646   Time stamp of our file: 2026-09-08 09:14:34.000
2026-09-08 09:15:09.646   Installing the file.
2026-09-08 09:15:09.646   Creating directory: C:\Users\RUNNER~1\AppData\Local\Temp\warband-extracted-orwrpep4\Installed Warband\_internal\numpy-2.4.2.dist-info\licenses\numpy\_core
2026-09-08 09:15:09.646   Creating directory: C:\Users\RUNNER~1\AppData\Local\Temp\warband-extracted-orwrpep4\Installed Warband\_internal\numpy-2.4.2.dist-info\licenses\numpy\_core\include
2026-09-08 09:15:09.646   Creating directory: C:\Users\RUNNER~1\AppData\Local\Temp\warband-extracted-orwrpep4\Installed Warband\_internal\numpy-2.4.2.dist-info\licenses\numpy\_core\include\numpy
2026-09-08 09:15:09.646   Creating directory: C:\Users\RUNNER~1\AppData\Local\Temp\warband-extracted-orwrpep4\Installed Warband\_internal\numpy-2.4.2.dist-info\licenses\numpy\_core\include\numpy\libdivide
2026-09-08 09:15:09.648   Successfully installed the file.
2026-09-08 09:15:09.648   -- File entry --
2026-09-08 09:15:09.648   Dest filename: C:\Users\RUNNER~1\AppData\Local\Temp\warband-extracted-orwrpep4\Installed Warband\_internal\numpy-2.4.2.dist-info\licenses\numpy\_core\src\common\pythoncapi-compat\COPYING
2026-09-08 09:15:09.648   Time stamp of our file: 2026-09-08 09:14:34.000
2026-09-08 09:15:09.648   Installing the file.
2026-09-08 09:15:09.648   Creating directory: C:\Users\RUNNER~1\AppData\Local\Temp\warband-extracted-orwrpep4\Installed Warband\_internal\numpy-2.4.2.dist-info\licenses\numpy\_core\src
2026-09-08 09:15:09.648   Creating directory: C:\Users\RUNNER~1\AppData\Local\Temp\warband-extracted-orwrpep4\Installed Warband\_internal\numpy-2.4.2.dist-info\licenses\numpy\_core\src\common
2026-09-08 09:15:09.648   Creating directory: C:\Users\RUNNER~1\AppData\Local\Temp\warband-extracted-orwrpep4\Installed Warband\_internal\numpy-2.4.2.dist-info\licenses\numpy\_core\src\common\pythoncapi-compat
2026-09-08 09:15:09.650   Successfully installed the file.
2026-09-08 09:15:09.650   -- File entry --
2026-09-08 09:15:09.650   Dest filename: C:\Users\RUNNER~1\AppData\Local\Temp\warband-extracted-orwrpep4\Installed Warband\_internal\numpy-2.4.2.dist-info\licenses\numpy\_core\src\highway\LICENSE
2026-09-08 09:15:09.650   Time stamp of our file: 2026-09-08 09:14:34.000
2026-09-08 09:15:09.650   Installing the file.
2026-09-08 09:15:09.650   Creating directory: C:\Users\RUNNER~1\AppData\Local\Temp\warband-extracted-orwrpep4\Installed Warband\_internal\numpy-2.4.2.dist-info\licenses\numpy\_core\src\highway
2026-09-08 09:15:09.652   Successfully installed the file.
2026-09-08 09:15:09.652   -- File entry --
2026-09-08 09:15:09.652   Dest filename: C:\Users\RUNNER~1\AppData\Local\Temp\warband-extracted-orwrpep4\Installed Warband\_internal\numpy-2.4.2.dist-info\licenses\numpy\_core\src\multiarray\dragon4_LICENSE.txt
2026-09-08 09:15:09.652   Time stamp of our file: 2026-09-08 09:14:34.000
2026-09-08 09:15:09.652   Installing the file.
2026-09-08 09:15:09.652   Creating directory: C:\Users\RUNNER~1\AppData\Local\Temp\warband-extracted-orwrpep4\Installed Warband\_internal\numpy-2.4.2.dist-info\licenses\numpy\_core\src\multiarray
2026-09-08 09:15:09.652   Successfully installed the file.
2026-09-08 09:15:09.652   -- File entry --
2026-09-08 09:15:09.652   Dest filename: C:\Users\RUNNER~1\AppData\Local\Temp\warband-extracted-orwrpep4\Installed Warband\_internal\numpy-2.4.2.dist-info\licenses\numpy\_core\src\npysort\x86-simd-sort\LICENSE.md
2026-09-08 09:15:09.652   Time stamp of our file: 2026-09-08 09:14:34.000
2026-09-08 09:15:09.654   Installing the file.
2026-09-08 09:15:09.654   Creating directory: C:\Users\RUNNER~1\AppData\Local\Temp\warband-extracted-orwrpep4\Installed Warband\_internal\numpy-2.4.2.dist-info\licenses\numpy\_core\src\npysort
2026-09-08 09:15:09.654   Creating directory: C:\Users\RUNNER~1\AppData\Local\Temp\warband-extracted-orwrpep4\Installed Warband\_internal\numpy-2.4.2.dist-info\licenses\numpy\_core\src\npysort\x86-simd-sort
2026-09-08 09:15:09.654   Successfully installed the file.
2026-09-08 09:15:09.654   -- File entry --
2026-09-08 09:15:09.654   Dest filename: C:\Users\RUNNER~1\AppData\Local\Temp\warband-extracted-orwrpep4\Installed Warband\_internal\numpy-2.4.2.dist-info\licenses\numpy\_core\src\umath\svml\LICENSE
2026-09-08 09:15:09.654   Time stamp of our file: 2026-09-08 09:14:34.000
2026-09-08 09:15:09.654   Installing the file.
2026-09-08 09:15:09.654   Creating directory: C:\Users\RUNNER~1\AppData\Local\Temp\warband-extracted-orwrpep4\Installed Warband\_internal\numpy-2.4.2.dist-info\licenses\numpy\_core\src\umath
2026-09-08 09:15:09.654   Creating directory: C:\Users\RUNNER~1\AppData\Local\Temp\warband-extracted-orwrpep4\Installed Warband\_internal\numpy-2.4.2.dist-info\licenses\numpy\_core\src\umath\svml
2026-09-08 09:15:09.656   Successfully installed the file.
2026-09-08 09:15:09.656   -- File entry --
2026-09-08 09:15:09.656   Dest filename: C:\Users\RUNNER~1\AppData\Local\Temp\warband-extracted-orwrpep4\Installed Warband\_internal\numpy.libs\libscipy_openblas64_-74a408729250596b0973e69fdd954eea.dll
2026-09-08 09:15:09.656   Time stamp of our file: 2026-09-08 09:14:34.000
2026-09-08 09:15:09.656   Installing the file.
2026-09-08 09:15:09.656   Creating directory: C:\Users\RUNNER~1\AppData\Local\Temp\warband-extracted-orwrpep4\Installed Warband\_internal\numpy.libs
2026-09-08 09:15:10.133   Successfully installed the file.
2026-09-08 09:15:10.133   -- File entry --
2026-09-08 09:15:10.133   Dest filename: C:\Users\RUNNER~1\AppData\Local\Temp\warband-extracted-orwrpep4\Installed Warband\_internal\numpy.libs\msvcp140-a4c2229bdc2a2a630acdc095b4d86008.dll
2026-09-08 09:15:10.133   Time stamp of our file: 2026-09-08 09:14:34.000
2026-09-08 09:15:10.133   Installing the file.
2026-09-08 09:15:10.153   Successfully installed the file.
2026-09-08 09:15:10.153   -- File entry --
2026-09-08 09:15:10.153   Dest filename: C:\Users\RUNNER~1\AppData\Local\Temp\warband-extracted-orwrpep4\Installed Warband\_internal\PIL\_avif.cp313-win_amd64.pyd
2026-09-08 09:15:10.153   Time stamp of our file: 2026-09-08 09:14:34.000
2026-09-08 09:15:10.153   Installing the file.
2026-09-08 09:15:10.153   Creating directory: C:\Users\RUNNER~1\AppData\Local\Temp\warband-extracted-orwrpep4\Installed Warband\_internal\PIL
2026-09-08 09:15:10.366   Successfully installed the file.
2026-09-08 09:15:10.366   -- File entry --
2026-09-08 09:15:10.368   Dest filename: C:\Users\RUNNER~1\AppData\Local\Temp\warband-extracted-orwrpep4\Installed Warband\_internal\PIL\_imaging.cp313-win_amd64.pyd
2026-09-08 09:15:10.368   Time stamp of our file: 2026-09-08 09:14:34.000
2026-09-08 09:15:10.368   Installing the file.
2026-09-08 09:15:10.453   Successfully installed the file.
2026-09-08 09:15:10.453   -- File entry --
2026-09-08 09:15:10.453   Dest filename: C:\Users\RUNNER~1\AppData\Local\Temp\warband-extracted-orwrpep4\Installed Warband\_internal\PIL\_imagingcms.cp313-win_amd64.pyd
2026-09-08 09:15:10.453   Time stamp of our file: 2026-09-08 09:14:34.000
2026-09-08 09:15:10.453   Installing the file.
2026-09-08 09:15:10.637   Successfully installed the file.
2026-09-08 09:15:10.637   -- File entry --
2026-09-08 09:15:10.637   Dest filename: C:\Users\RUNNER~1\AppData\Local\Temp\warband-extracted-orwrpep4\Installed Warband\_internal\PIL\_imagingft.cp313-win_amd64.pyd
2026-09-08 09:15:10.637   Time stamp of our file: 2026-09-08 09:14:34.000
2026-09-08 09:15:10.637   Installing the file.
2026-09-08 09:15:10.710   Successfully installed the file.
2026-09-08 09:15:10.710   -- File entry --
2026-09-08 09:15:10.710   Dest filename: C:\Users\RUNNER~1\AppData\Local\Temp\warband-extracted-orwrpep4\Installed Warband\_internal\PIL\_imagingmath.cp313-win_amd64.pyd
2026-09-08 09:15:10.710   Time stamp of our file: 2026-09-08 09:14:34.000
2026-09-08 09:15:10.710   Installing the file.
2026-09-08 09:15:10.712   Successfully installed the file.
2026-09-08 09:15:10.712   -- File entry --
2026-09-08 09:15:10.712   Dest filename: C:\Users\RUNNER~1\AppData\Local\Temp\warband-extracted-orwrpep4\Installed Warband\_internal\PIL\_imagingtk.cp313-win_amd64.pyd
2026-09-08 09:15:10.712   Time stamp of our file: 2026-09-08 09:14:34.000
2026-09-08 09:15:10.712   Installing the file.
2026-09-08 09:15:10.712   Successfully installed the file.
2026-09-08 09:15:10.712   -- File entry --
2026-09-08 09:15:10.714   Dest filename: C:\Users\RUNNER~1\AppData\Local\Temp\warband-extracted-orwrpep4\Installed Warband\_internal\PIL\_webp.cp313-win_amd64.pyd
2026-09-08 09:15:10.714   Time stamp of our file: 2026-09-08 09:14:34.000
2026-09-08 09:15:10.714   Installing the file.
2026-09-08 09:15:10.722   Successfully installed the file.
2026-09-08 09:15:10.722   -- File entry --
2026-09-08 09:15:10.722   Dest filename: C:\Users\RUNNER~1\AppData\Local\Temp\warband-extracted-orwrpep4\Installed Warband\_internal\release\build-info.json
2026-09-08 09:15:10.722   Time stamp of our file: 2026-09-08 09:14:34.000
2026-09-08 09:15:10.722   Installing the file.
2026-09-08 09:15:10.722   Creating directory: C:\Users\RUNNER~1\AppData\Local\Temp\warband-extracted-orwrpep4\Installed Warband\_internal\release
2026-09-08 09:15:10.724   Successfully installed the file.
2026-09-08 09:15:10.724   -- File entry --
2026-09-08 09:15:10.724   Dest filename: C:\Users\RUNNER~1\AppData\Local\Temp\warband-extracted-orwrpep4\Installed Warband\_internal\release\build-tools.txt
2026-09-08 09:15:10.724   Time stamp of our file: 2026-09-08 09:14:34.000
2026-09-08 09:15:10.724   Installing the file.
2026-09-08 09:15:10.726   Successfully installed the file.
2026-09-08 09:15:10.726   -- File entry --
2026-09-08 09:15:10.726   Dest filename: C:\Users\RUNNER~1\AppData\Local\Temp\warband-extracted-orwrpep4\Installed Warband\_internal\release\LICENSE
2026-09-08 09:15:10.726   Time stamp of our file: 2026-09-08 09:14:34.000
2026-09-08 09:15:10.726   Installing the file.
2026-09-08 09:15:10.726   Successfully installed the file.
2026-09-08 09:15:10.726   -- File entry --
2026-09-08 09:15:10.726   Dest filename: C:\Users\RUNNER~1\AppData\Local\Temp\warband-extracted-orwrpep4\Installed Warband\_internal\release\uv.lock
2026-09-08 09:15:10.726   Time stamp of our file: 2026-09-08 09:14:34.000
2026-09-08 09:15:10.726   Installing the file.
2026-09-08 09:15:10.734   Successfully installed the file.
2026-09-08 09:15:10.734   -- File entry --
2026-09-08 09:15:10.734   Dest filename: C:\Users\RUNNER~1\AppData\Local\Temp\warband-extracted-orwrpep4\Installed Warband\_internal\release\windows-warband.md
2026-09-08 09:15:10.736   Time stamp of our file: 2026-09-08 09:14:34.000
2026-09-08 09:15:10.736   Installing the file.
2026-09-08 09:15:10.736   Successfully installed the file.
2026-09-08 09:15:10.736   -- File entry --
2026-09-08 09:15:10.736   Dest filename: C:\Users\RUNNER~1\AppData\Local\Temp\warband-extracted-orwrpep4\Installed Warband\_internal\release\licenses\CPython-LICENSE.txt
2026-09-08 09:15:10.736   Time stamp of our file: 2026-09-08 09:14:34.000
2026-09-08 09:15:10.736   Installing the file.
2026-09-08 09:15:10.736   Creating directory: C:\Users\RUNNER~1\AppData\Local\Temp\warband-extracted-orwrpep4\Installed Warband\_internal\release\licenses
2026-09-08 09:15:10.738   Successfully installed the file.
2026-09-08 09:15:10.738   -- File entry --
2026-09-08 09:15:10.738   Dest filename: C:\Users\RUNNER~1\AppData\Local\Temp\warband-extracted-orwrpep4\Installed Warband\_internal\release\licenses\numpy\numpy\ma\LICENSE
2026-09-08 09:15:10.738   Time stamp of our file: 2026-09-08 09:14:34.000
2026-09-08 09:15:10.738   Installing the file.
2026-09-08 09:15:10.738   Creating directory: C:\Users\RUNNER~1\AppData\Local\Temp\warband-extracted-orwrpep4\Installed Warband\_internal\release\licenses\numpy
2026-09-08 09:15:10.738   Creating directory: C:\Users\RUNNER~1\AppData\Local\Temp\warband-extracted-orwrpep4\Installed Warband\_internal\release\licenses\numpy\numpy
2026-09-08 09:15:10.738   Creating directory: C:\Users\RUNNER~1\AppData\Local\Temp\warband-extracted-orwrpep4\Installed Warband\_internal\release\licenses\numpy\numpy\ma
2026-09-08 09:15:10.740   Successfully installed the file.
2026-09-08 09:15:10.740   -- File entry --
2026-09-08 09:15:10.740   Dest filename: C:\Users\RUNNER~1\AppData\Local\Temp\warband-extracted-orwrpep4\Installed Warband\_internal\release\licenses\numpy\numpy\random\LICENSE.md
2026-09-08 09:15:10.740   Time stamp of our file: 2026-09-08 09:14:34.000
2026-09-08 09:15:10.740   Installing the file.
2026-09-08 09:15:10.740   Creating directory: C:\Users\RUNNER~1\AppData\Local\Temp\warband-extracted-orwrpep4\Installed Warband\_internal\release\licenses\numpy\numpy\random
2026-09-08 09:15:10.742   Successfully installed the file.
2026-09-08 09:15:10.742   -- File entry --
2026-09-08 09:15:10.742   Dest filename: C:\Users\RUNNER~1\AppData\Local\Temp\warband-extracted-orwrpep4\Installed Warband\_internal\release\licenses\numpy\numpy\_core\include\numpy\random\LICENSE.txt
2026-09-08 09:15:10.742   Time stamp of our file: 2026-09-08 09:14:34.000
2026-09-08 09:15:10.742   Installing the file.
2026-09-08 09:15:10.742   Creating directory: C:\Users\RUNNER~1\AppData\Local\Temp\warband-extracted-orwrpep4\Installed Warband\_internal\release\licenses\numpy\numpy\_core
2026-09-08 09:15:10.742   Creating directory: C:\Users\RUNNER~1\AppData\Local\Temp\warband-extracted-orwrpep4\Installed Warband\_internal\release\licenses\numpy\numpy\_core\include
2026-09-08 09:15:10.742   Creating directory: C:\Users\RUNNER~1\AppData\Local\Temp\warband-extracted-orwrpep4\Installed Warband\_internal\release\licenses\numpy\numpy\_core\include\numpy
2026-09-08 09:15:10.742   Creating directory: C:\Users\RUNNER~1\AppData\Local\Temp\warband-extracted-orwrpep4\Installed Warband\_internal\release\licenses\numpy\numpy\_core\include\numpy\random
2026-09-08 09:15:10.744   Successfully installed the file.
2026-09-08 09:15:10.744   -- File entry --
2026-09-08 09:15:10.744   Dest filename: C:\Users\RUNNER~1\AppData\Local\Temp\warband-extracted-orwrpep4\Installed Warband\_internal\release\licenses\numpy\numpy-2.4.2.dist-info\licenses\LICENSE.txt
2026-09-08 09:15:10.744   Time stamp of our file: 2026-09-08 09:14:34.000
2026-09-08 09:15:10.744   Installing the file.
2026-09-08 09:15:10.744   Creating directory: C:\Users\RUNNER~1\AppData\Local\Temp\warband-extracted-orwrpep4\Installed Warband\_internal\release\licenses\numpy\numpy-2.4.2.dist-info
2026-09-08 09:15:10.744   Creating directory: C:\Users\RUNNER~1\AppData\Local\Temp\warband-extracted-orwrpep4\Installed Warband\_internal\release\licenses\numpy\numpy-2.4.2.dist-info\licenses
2026-09-08 09:15:10.746   Successfully installed the file.
2026-09-08 09:15:10.746   -- File entry --
2026-09-08 09:15:10.746   Dest filename: C:\Users\RUNNER~1\AppData\Local\Temp\warband-extracted-orwrpep4\Installed Warband\_internal\release\licenses\numpy\numpy-2.4.2.dist-info\licenses\numpy\fft\pocketfft\LICENSE.md
2026-09-08 09:15:10.748   Time stamp of our file: 2026-09-08 09:14:34.000
2026-09-08 09:15:10.748   Installing the file.
2026-09-08 09:15:10.748   Creating directory: C:\Users\RUNNER~1\AppData\Local\Temp\warband-extracted-orwrpep4\Installed Warband\_internal\release\licenses\numpy\numpy-2.4.2.dist-info\licenses\numpy
2026-09-08 09:15:10.748   Creating directory: C:\Users\RUNNER~1\AppData\Local\Temp\warband-extracted-orwrpep4\Installed Warband\_internal\release\licenses\numpy\numpy-2.4.2.dist-info\licenses\numpy\fft
2026-09-08 09:15:10.748   Creating directory: C:\Users\RUNNER~1\AppData\Local\Temp\warband-extracted-orwrpep4\Installed Warband\_internal\release\licenses\numpy\numpy-2.4.2.dist-info\licenses\numpy\fft\pocketfft
2026-09-08 09:15:10.748   Successfully installed the file.
2026-09-08 09:15:10.748   -- File entry --
2026-09-08 09:15:10.748   Dest filename: C:\Users\RUNNER~1\AppData\Local\Temp\warband-extracted-orwrpep4\Installed Warband\_internal\release\licenses\numpy\numpy-2.4.2.dist-info\licenses\numpy\linalg\lapack_lite\LICENSE.txt
2026-09-08 09:15:10.748   Time stamp of our file: 2026-09-08 09:14:34.000
2026-09-08 09:15:10.748   Installing the file.
2026-09-08 09:15:10.750   Creating directory: C:\Users\RUNNER~1\AppData\Local\Temp\warband-extracted-orwrpep4\Installed Warband\_internal\release\licenses\numpy\numpy-2.4.2.dist-info\licenses\numpy\linalg
2026-09-08 09:15:10.750   Creating directory: C:\Users\RUNNER~1\AppData\Local\Temp\warband-extracted-orwrpep4\Installed Warband\_internal\release\licenses\numpy\numpy-2.4.2.dist-info\licenses\numpy\linalg\lapack_lite
2026-09-08 09:15:10.750   Successfully installed the file.
2026-09-08 09:15:10.750   -- File entry --
2026-09-08 09:15:10.750   Dest filename: C:\Users\RUNNER~1\AppData\Local\Temp\warband-extracted-orwrpep4\Installed Warband\_internal\release\licenses\numpy\numpy-2.4.2.dist-info\licenses\numpy\ma\LICENSE
2026-09-08 09:15:10.750   Time stamp of our file: 2026-09-08 09:14:34.000
2026-09-08 09:15:10.750   Installing the file.
2026-09-08 09:15:10.750   Creating directory: C:\Users\RUNNER~1\AppData\Local\Temp\warband-extracted-orwrpep4\Installed Warband\_internal\release\licenses\numpy\numpy-2.4.2.dist-info\licenses\numpy\ma
2026-09-08 09:15:10.752   Successfully installed the file.
2026-09-08 09:15:10.752   -- File entry --
2026-09-08 09:15:10.752   Dest filename: C:\Users\RUNNER~1\AppData\Local\Temp\warband-extracted-orwrpep4\Installed Warband\_internal\release\licenses\numpy\numpy-2.4.2.dist-info\licenses\numpy\random\LICENSE.md
2026-09-08 09:15:10.752   Time stamp of our file: 2026-09-08 09:14:34.000
2026-09-08 09:15:10.752   Installing the file.
2026-09-08 09:15:10.752   Creating directory: C:\Users\RUNNER~1\AppData\Local\Temp\warband-extracted-orwrpep4\Installed Warband\_internal\release\licenses\numpy\numpy-2.4.2.dist-info\licenses\numpy\random
2026-09-08 09:15:10.754   Successfully installed the file.
2026-09-08 09:15:10.754   -- File entry --
2026-09-08 09:15:10.754   Dest filename: C:\Users\RUNNER~1\AppData\Local\Temp\warband-extracted-orwrpep4\Installed Warband\_internal\release\licenses\numpy\numpy-2.4.2.dist-info\licenses\numpy\random\src\distributions\LICENSE.md
2026-09-08 09:15:10.754   Time stamp of our file: 2026-09-08 09:14:34.000
2026-09-08 09:15:10.754   Installing the file.
2026-09-08 09:15:10.754   Creating directory: C:\Users\RUNNER~1\AppData\Local\Temp\warband-extracted-orwrpep4\Installed Warband\_internal\release\licenses\numpy\numpy-2.4.2.dist-info\licenses\numpy\random\src
2026-09-08 09:15:10.754   Creating directory: C:\Users\RUNNER~1\AppData\Local\Temp\warband-extracted-orwrpep4\Installed Warband\_internal\release\licenses\numpy\numpy-2.4.2.dist-info\licenses\numpy\random\src\distributions
2026-09-08 09:15:10.756   Successfully installed the file.
2026-09-08 09:15:10.756   -- File entry --
2026-09-08 09:15:10.756   Dest filename: C:\Users\RUNNER~1\AppData\Local\Temp\warband-extracted-orwrpep4\Installed Warband\_internal\release\licenses\numpy\numpy-2.4.2.dist-info\licenses\numpy\random\src\mt19937\LICENSE.md
2026-09-08 09:15:10.756   Time stamp of our file: 2026-09-08 09:14:34.000
2026-09-08 09:15:10.756   Installing the file.
2026-09-08 09:15:10.756   Creating directory: C:\Users\RUNNER~1\AppData\Local\Temp\warband-extracted-orwrpep4\Installed Warband\_internal\release\licenses\numpy\numpy-2.4.2.dist-info\licenses\numpy\random\src\mt19937
2026-09-08 09:15:10.756   Successfully installed the file.
2026-09-08 09:15:10.756   -- File entry --
2026-09-08 09:15:10.758   Dest filename: C:\Users\RUNNER~1\AppData\Local\Temp\warband-extracted-orwrpep4\Installed Warband\_internal\release\licenses\numpy\numpy-2.4.2.dist-info\licenses\numpy\random\src\pcg64\LICENSE.md
2026-09-08 09:15:10.758   Time stamp of our file: 2026-09-08 09:14:34.000
2026-09-08 09:15:10.758   Installing the file.
2026-09-08 09:15:10.758   Creating directory: C:\Users\RUNNER~1\AppData\Local\Temp\warband-extracted-orwrpep4\Installed Warband\_internal\release\licenses\numpy\numpy-2.4.2.dist-info\licenses\numpy\random\src\pcg64
2026-09-08 09:15:10.759   Successfully installed the file.
2026-09-08 09:15:10.759   -- File entry --
2026-09-08 09:15:10.759   Dest filename: C:\Users\RUNNER~1\AppData\Local\Temp\warband-extracted-orwrpep4\Installed Warband\_internal\release\licenses\numpy\numpy-2.4.2.dist-info\licenses\numpy\random\src\philox\LICENSE.md
2026-09-08 09:15:10.759   Time stamp of our file: 2026-09-08 09:14:34.000
2026-09-08 09:15:10.759   Installing the file.
2026-09-08 09:15:10.759   Creating directory: C:\Users\RUNNER~1\AppData\Local\Temp\warband-extracted-orwrpep4\Installed Warband\_internal\release\licenses\numpy\numpy-2.4.2.dist-info\licenses\numpy\random\src\philox
2026-09-08 09:15:10.761   Successfully installed the file.
2026-09-08 09:15:10.761   -- File entry --
2026-09-08 09:15:10.761   Dest filename: C:\Users\RUNNER~1\AppData\Local\Temp\warband-extracted-orwrpep4\Installed Warband\_internal\release\licenses\numpy\numpy-2.4.2.dist-info\licenses\numpy\random\src\sfc64\LICENSE.md
2026-09-08 09:15:10.761   Time stamp of our file: 2026-09-08 09:14:34.000
2026-09-08 09:15:10.761   Installing the file.
2026-09-08 09:15:10.761   Creating directory: C:\Users\RUNNER~1\AppData\Local\Temp\warband-extracted-orwrpep4\Installed Warband\_internal\release\licenses\numpy\numpy-2.4.2.dist-info\licenses\numpy\random\src\sfc64
2026-09-08 09:15:10.762   Successfully installed the file.
2026-09-08 09:15:10.762   -- File entry --
2026-09-08 09:15:10.763   Dest filename: C:\Users\RUNNER~1\AppData\Local\Temp\warband-extracted-orwrpep4\Installed Warband\_internal\release\licenses\numpy\numpy-2.4.2.dist-info\licenses\numpy\random\src\splitmix64\LICENSE.md
2026-09-08 09:15:10.763   Time stamp of our file: 2026-09-08 09:14:34.000
2026-09-08 09:15:10.763   Installing the file.
2026-09-08 09:15:10.763   Creating directory: C:\Users\RUNNER~1\AppData\Local\Temp\warband-extracted-orwrpep4\Installed Warband\_internal\release\licenses\numpy\numpy-2.4.2.dist-info\licenses\numpy\random\src\splitmix64
2026-09-08 09:15:10.767   Successfully installed the file.
2026-09-08 09:15:10.767   -- File entry --
2026-09-08 09:15:10.767   Dest filename: C:\Users\RUNNER~1\AppData\Local\Temp\warband-extracted-orwrpep4\Installed Warband\_internal\release\licenses\numpy\numpy-2.4.2.dist-info\licenses\numpy\_core\include\numpy\libdivide\LICENSE.txt
2026-09-08 09:15:10.767   Time stamp of our file: 2026-09-08 09:14:34.000
2026-09-08 09:15:10.767   Installing the file.
2026-09-08 09:15:10.767   Creating directory: C:\Users\RUNNER~1\AppData\Local\Temp\warband-extracted-orwrpep4\Installed Warband\_internal\release\licenses\numpy\numpy-2.4.2.dist-info\licenses\numpy\_core
2026-09-08 09:15:10.767   Creating directory: C:\Users\RUNNER~1\AppData\Local\Temp\warband-extracted-orwrpep4\Installed Warband\_internal\release\licenses\numpy\numpy-2.4.2.dist-info\licenses\numpy\_core\include
2026-09-08 09:15:10.768   Creating directory: C:\Users\RUNNER~1\AppData\Local\Temp\warband-extracted-orwrpep4\Installed Warband\_internal\release\licenses\numpy\numpy-2.4.2.dist-info\licenses\numpy\_core\include\numpy
2026-09-08 09:15:10.768   Creating directory: C:\Users\RUNNER~1\AppData\Local\Temp\warband-extracted-orwrpep4\Installed Warband\_internal\release\licenses\numpy\numpy-2.4.2.dist-info\licenses\numpy\_core\include\numpy\libdivide
2026-09-08 09:15:10.768   Successfully installed the file.
2026-09-08 09:15:10.768   -- File entry --
2026-09-08 09:15:10.768   Dest filename: C:\Users\RUNNER~1\AppData\Local\Temp\warband-extracted-orwrpep4\Installed Warband\_internal\release\licenses\numpy\numpy-2.4.2.dist-info\licenses\numpy\_core\src\common\pythoncapi-compat\COPYING
2026-09-08 09:15:10.768   Time stamp of our file: 2026-09-08 09:14:34.000
2026-09-08 09:15:10.768   Installing the file.
2026-09-08 09:15:10.770   Creating directory: C:\Users\RUNNER~1\AppData\Local\Temp\warband-extracted-orwrpep4\Installed Warband\_internal\release\licenses\numpy\numpy-2.4.2.dist-info\licenses\numpy\_core\src
2026-09-08 09:15:10.770   Creating directory: C:\Users\RUNNER~1\AppData\Local\Temp\warband-extracted-orwrpep4\Installed Warband\_internal\release\licenses\numpy\numpy-2.4.2.dist-info\licenses\numpy\_core\src\common
2026-09-08 09:15:10.770   Creating directory: C:\Users\RUNNER~1\AppData\Local\Temp\warband-extracted-orwrpep4\Installed Warband\_internal\release\licenses\numpy\numpy-2.4.2.dist-info\licenses\numpy\_core\src\common\pythoncapi-compat
2026-09-08 09:15:10.770   Successfully installed the file.
2026-09-08 09:15:10.770   -- File entry --
2026-09-08 09:15:10.770   Dest filename: C:\Users\RUNNER~1\AppData\Local\Temp\warband-extracted-orwrpep4\Installed Warband\_internal\release\licenses\numpy\numpy-2.4.2.dist-info\licenses\numpy\_core\src\highway\LICENSE
2026-09-08 09:15:10.770   Time stamp of our file: 2026-09-08 09:14:34.000
2026-09-08 09:15:10.770   Installing the file.
2026-09-08 09:15:10.770   Creating directory: C:\Users\RUNNER~1\AppData\Local\Temp\warband-extracted-orwrpep4\Installed Warband\_internal\release\licenses\numpy\numpy-2.4.2.dist-info\licenses\numpy\_core\src\highway
2026-09-08 09:15:10.772   Successfully installed the file.
2026-09-08 09:15:10.772   -- File entry --
2026-09-08 09:15:10.772   Dest filename: C:\Users\RUNNER~1\AppData\Local\Temp\warband-extracted-orwrpep4\Installed Warband\_internal\release\licenses\numpy\numpy-2.4.2.dist-info\licenses\numpy\_core\src\multiarray\dragon4_LICENSE.txt
2026-09-08 09:15:10.772   Time stamp of our file: 2026-09-08 09:14:34.000
2026-09-08 09:15:10.774   Installing the file.
2026-09-08 09:15:10.774   Creating directory: C:\Users\RUNNER~1\AppData\Local\Temp\warband-extracted-orwrpep4\Installed Warband\_internal\release\licenses\numpy\numpy-2.4.2.dist-info\licenses\numpy\_core\src\multiarray
2026-09-08 09:15:10.774   Successfully installed the file.
2026-09-08 09:15:10.774   -- File entry --
2026-09-08 09:15:10.774   Dest filename: C:\Users\RUNNER~1\AppData\Local\Temp\warband-extracted-orwrpep4\Installed Warband\_internal\release\licenses\numpy\numpy-2.4.2.dist-info\licenses\numpy\_core\src\npysort\x86-simd-sort\LICENSE.md
2026-09-08 09:15:10.774   Time stamp of our file: 2026-09-08 09:14:34.000
2026-09-08 09:15:10.774   Installing the file.
2026-09-08 09:15:10.774   Creating directory: C:\Users\RUNNER~1\AppData\Local\Temp\warband-extracted-orwrpep4\Installed Warband\_internal\release\licenses\numpy\numpy-2.4.2.dist-info\licenses\numpy\_core\src\npysort
2026-09-08 09:15:10.774   Creating directory: C:\Users\RUNNER~1\AppData\Local\Temp\warband-extracted-orwrpep4\Installed Warband\_internal\release\licenses\numpy\numpy-2.4.2.dist-info\licenses\numpy\_core\src\npysort\x86-simd-sort
2026-09-08 09:15:10.776   Successfully installed the file.
2026-09-08 09:15:10.776   -- File entry --
2026-09-08 09:15:10.776   Dest filename: C:\Users\RUNNER~1\AppData\Local\Temp\warband-extracted-orwrpep4\Installed Warband\_internal\release\licenses\numpy\numpy-2.4.2.dist-info\licenses\numpy\_core\src\umath\svml\LICENSE
2026-09-08 09:15:10.776   Time stamp of our file: 2026-09-08 09:14:34.000
2026-09-08 09:15:10.776   Installing the file.
2026-09-08 09:15:10.776   Creating directory: C:\Users\RUNNER~1\AppData\Local\Temp\warband-extracted-orwrpep4\Installed Warband\_internal\release\licenses\numpy\numpy-2.4.2.dist-info\licenses\numpy\_core\src\umath
2026-09-08 09:15:10.776   Creating directory: C:\Users\RUNNER~1\AppData\Local\Temp\warband-extracted-orwrpep4\Installed Warband\_internal\release\licenses\numpy\numpy-2.4.2.dist-info\licenses\numpy\_core\src\umath\svml
2026-09-08 09:15:10.778   Successfully installed the file.
2026-09-08 09:15:10.778   -- File entry --
2026-09-08 09:15:10.778   Dest filename: C:\Users\RUNNER~1\AppData\Local\Temp\warband-extracted-orwrpep4\Installed Warband\_internal\release\licenses\Pillow\pillow-12.1.1.dist-info\licenses\LICENSE
2026-09-08 09:15:10.778   Time stamp of our file: 2026-09-08 09:14:34.000
2026-09-08 09:15:10.778   Installing the file.
2026-09-08 09:15:10.778   Creating directory: C:\Users\RUNNER~1\AppData\Local\Temp\warband-extracted-orwrpep4\Installed Warband\_internal\release\licenses\Pillow
2026-09-08 09:15:10.778   Creating directory: C:\Users\RUNNER~1\AppData\Local\Temp\warband-extracted-orwrpep4\Installed Warband\_internal\release\licenses\Pillow\pillow-12.1.1.dist-info
2026-09-08 09:15:10.778   Creating directory: C:\Users\RUNNER~1\AppData\Local\Temp\warband-extracted-orwrpep4\Installed Warband\_internal\release\licenses\Pillow\pillow-12.1.1.dist-info\licenses
2026-09-08 09:15:10.780   Successfully installed the file.
2026-09-08 09:15:10.780   -- File entry --
2026-09-08 09:15:10.782   Dest filename: C:\Users\RUNNER~1\AppData\Local\Temp\warband-extracted-orwrpep4\Installed Warband\_internal\release\licenses\pyglet\pyglet-2.1.13.dist-info\licenses\LICENSE
2026-09-08 09:15:10.782   Time stamp of our file: 2026-09-08 09:14:34.000
2026-09-08 09:15:10.782   Installing the file.
2026-09-08 09:15:10.782   Creating directory: C:\Users\RUNNER~1\AppData\Local\Temp\warband-extracted-orwrpep4\Installed Warband\_internal\release\licenses\pyglet
2026-09-08 09:15:10.782   Creating directory: C:\Users\RUNNER~1\AppData\Local\Temp\warband-extracted-orwrpep4\Installed Warband\_internal\release\licenses\pyglet\pyglet-2.1.13.dist-info
2026-09-08 09:15:10.782   Creating directory: C:\Users\RUNNER~1\AppData\Local\Temp\warband-extracted-orwrpep4\Installed Warband\_internal\release\licenses\pyglet\pyglet-2.1.13.dist-info\licenses
2026-09-08 09:15:10.782   Successfully installed the file.
2026-09-08 09:15:10.783   -- File entry --
2026-09-08 09:15:10.783   Dest filename: C:\Users\RUNNER~1\AppData\Local\Temp\warband-extracted-orwrpep4\Installed Warband\_internal\release\licenses\pyinstaller\pyinstaller-6.22.2.dist-info\licenses\COPYING.txt
2026-09-08 09:15:10.783   Time stamp of our file: 2026-09-08 09:14:34.000
2026-09-08 09:15:10.783   Installing the file.
2026-09-08 09:15:10.783   Creating directory: C:\Users\RUNNER~1\AppData\Local\Temp\warband-extracted-orwrpep4\Installed Warband\_internal\release\licenses\pyinstaller
2026-09-08 09:15:10.789   Creating directory: C:\Users\RUNNER~1\AppData\Local\Temp\warband-extracted-orwrpep4\Installed Warband\_internal\release\licenses\pyinstaller\pyinstaller-6.22.2.dist-info
2026-09-08 09:15:10.789   Creating directory: C:\Users\RUNNER~1\AppData\Local\Temp\warband-extracted-orwrpep4\Installed Warband\_internal\release\licenses\pyinstaller\pyinstaller-6.22.2.dist-info\licenses
2026-09-08 09:15:10.791   Successfully installed the file.
2026-09-08 09:15:10.791   -- File entry --
2026-09-08 09:15:10.791   Dest filename: C:\Users\RUNNER~1\AppData\Local\Temp\warband-extracted-orwrpep4\Installed Warband\_internal\release\licenses\websockets\websockets-17.1.dist-info\licenses\LICENSE
2026-09-08 09:15:10.791   Time stamp of our file: 2026-09-08 09:14:34.000
2026-09-08 09:15:10.791   Installing the file.
2026-09-08 09:15:10.791   Creating directory: C:\Users\RUNNER~1\AppData\Local\Temp\warband-extracted-orwrpep4\Installed Warband\_internal\release\licenses\websockets
2026-09-08 09:15:10.791   Creating directory: C:\Users\RUNNER~1\AppData\Local\Temp\warband-extracted-orwrpep4\Installed Warband\_internal\release\licenses\websockets\websockets-17.1.dist-info
2026-09-08 09:15:10.793   Creating directory: C:\Users\RUNNER~1\AppData\Local\Temp\warband-extracted-orwrpep4\Installed Warband\_internal\release\licenses\websockets\websockets-17.1.dist-info\licenses
2026-09-08 09:15:10.793   Successfully installed the file.
2026-09-08 09:15:10.793   -- File entry --
2026-09-08 09:15:10.793   Dest filename: C:\Users\RUNNER~1\AppData\Local\Temp\warband-extracted-orwrpep4\Installed Warband\_internal\saga2d\assets\fonts\Nunito-ExtraBold.ttf
2026-09-08 09:15:10.793   Time stamp of our file: 2026-09-08 09:14:34.000
2026-09-08 09:15:10.793   Installing the file.
2026-09-08 09:15:10.793   Creating directory: C:\Users\RUNNER~1\AppData\Local\Temp\warband-extracted-orwrpep4\Installed Warband\_internal\saga2d
2026-09-08 09:15:10.793   Creating directory: C:\Users\RUNNER~1\AppData\Local\Temp\warband-extracted-orwrpep4\Installed Warband\_internal\saga2d\assets
2026-09-08 09:15:10.795   Creating directory: C:\Users\RUNNER~1\AppData\Local\Temp\warband-extracted-orwrpep4\Installed Warband\_internal\saga2d\assets\fonts
2026-09-08 09:15:10.799   Successfully installed the file.
2026-09-08 09:15:10.799   -- File entry --
2026-09-08 09:15:10.801   Dest filename: C:\Users\RUNNER~1\AppData\Local\Temp\warband-extracted-orwrpep4\Installed Warband\_internal\saga2d\assets\fonts\Nunito-SemiBold.ttf
2026-09-08 09:15:10.801   Time stamp of our file: 2026-09-08 09:14:34.000
2026-09-08 09:15:10.801   Installing the file.
2026-09-08 09:15:10.805   Successfully installed the file.
2026-09-08 09:15:10.805   -- File entry --
2026-09-08 09:15:10.805   Dest filename: C:\Users\RUNNER~1\AppData\Local\Temp\warband-extracted-orwrpep4\Installed Warband\_internal\saga2d\assets\fonts\Nunito.ttf
2026-09-08 09:15:10.805   Time stamp of our file: 2026-09-08 09:14:34.000
2026-09-08 09:15:10.805   Installing the file.
2026-09-08 09:15:10.813   Successfully installed the file.
2026-09-08 09:15:10.813   -- File entry --
2026-09-08 09:15:10.813   Dest filename: C:\Users\RUNNER~1\AppData\Local\Temp\warband-extracted-orwrpep4\Installed Warband\_internal\saga2d\assets\fonts\OFL.txt
2026-09-08 09:15:10.813   Time stamp of our file: 2026-09-08 09:14:34.000
2026-09-08 09:15:10.813   Installing the file.
2026-09-08 09:15:10.813   Successfully installed the file.
2026-09-08 09:15:10.813   -- File entry --
2026-09-08 09:15:10.815   Dest filename: C:\Users\RUNNER~1\AppData\Local\Temp\warband-extracted-orwrpep4\Installed Warband\_internal\websockets\speedups.cp313-win_amd64.pyd
2026-09-08 09:15:10.815   Time stamp of our file: 2026-09-08 09:14:34.000
2026-09-08 09:15:10.815   Installing the file.
2026-09-08 09:15:10.815   Creating directory: C:\Users\RUNNER~1\AppData\Local\Temp\warband-extracted-orwrpep4\Installed Warband\_internal\websockets
2026-09-08 09:15:10.815   Successfully installed the file.
2026-09-08 09:15:10.815   -- File entry --
2026-09-08 09:15:10.815   Dest filename: C:\Users\RUNNER~1\AppData\Local\Temp\warband-extracted-orwrpep4\Installed Warband\_internal\websockets-17.1.dist-info\entry_points.txt
2026-09-08 09:15:10.817   Time stamp of our file: 2026-09-08 09:14:34.000
2026-09-08 09:15:10.817   Installing the file.
2026-09-08 09:15:10.817   Creating directory: C:\Users\RUNNER~1\AppData\Local\Temp\warband-extracted-orwrpep4\Installed Warband\_internal\websockets-17.1.dist-info
2026-09-08 09:15:10.817   Successfully installed the file.
2026-09-08 09:15:10.817   -- File entry --
2026-09-08 09:15:10.817   Dest filename: C:\Users\RUNNER~1\AppData\Local\Temp\warband-extracted-orwrpep4\Installed Warband\_internal\websockets-17.1.dist-info\INSTALLER
2026-09-08 09:15:10.817   Time stamp of our file: 2026-09-08 09:14:34.000
2026-09-08 09:15:10.817   Installing the file.
2026-09-08 09:15:10.819   Successfully installed the file.
2026-09-08 09:15:10.819   -- File entry --
2026-09-08 09:15:10.819   Dest filename: C:\Users\RUNNER~1\AppData\Local\Temp\warband-extracted-orwrpep4\Installed Warband\_internal\websockets-17.1.dist-info\METADATA
2026-09-08 09:15:10.819   Time stamp of our file: 2026-09-08 09:14:34.000
2026-09-08 09:15:10.819   Installing the file.
2026-09-08 09:15:10.823   Successfully installed the file.
2026-09-08 09:15:10.823   -- File entry --
2026-09-08 09:15:10.823   Dest filename: C:\Users\RUNNER~1\AppData\Local\Temp\warband-extracted-orwrpep4\Installed Warband\_internal\websockets-17.1.dist-info\RECORD
2026-09-08 09:15:10.823   Time stamp of our file: 2026-09-08 09:14:34.000
2026-09-08 09:15:10.823   Installing the file.
2026-09-08 09:15:10.823   Successfully installed the file.
2026-09-08 09:15:10.823   -- File entry --
2026-09-08 09:15:10.823   Dest filename: C:\Users\RUNNER~1\AppData\Local\Temp\warband-extracted-orwrpep4\Installed Warband\_internal\websockets-17.1.dist-info\REQUESTED
2026-09-08 09:15:10.825   Time stamp of our file: 2026-09-08 09:14:34.000
2026-09-08 09:15:10.825   Installing the file.
2026-09-08 09:15:10.825   Successfully installed the file.
2026-09-08 09:15:10.825   -- File entry --
2026-09-08 09:15:10.825   Dest filename: C:\Users\RUNNER~1\AppData\Local\Temp\warband-extracted-orwrpep4\Installed Warband\_internal\websockets-17.1.dist-info\top_level.txt
2026-09-08 09:15:10.825   Time stamp of our file: 2026-09-08 09:14:34.000
2026-09-08 09:15:10.825   Installing the file.
2026-09-08 09:15:10.825   Successfully installed the file.
2026-09-08 09:15:10.825   -- File entry --
2026-09-08 09:15:10.825   Dest filename: C:\Users\RUNNER~1\AppData\Local\Temp\warband-extracted-orwrpep4\Installed Warband\_internal\websockets-17.1.dist-info\WHEEL
2026-09-08 09:15:10.827   Time stamp of our file: 2026-09-08 09:14:34.000
2026-09-08 09:15:10.827   Installing the file.
2026-09-08 09:15:10.827   Successfully installed the file.
2026-09-08 09:15:10.827   -- File entry --
2026-09-08 09:15:10.827   Dest filename: C:\Users\RUNNER~1\AppData\Local\Temp\warband-extracted-orwrpep4\Installed Warband\_internal\websockets-17.1.dist-info\licenses\LICENSE
2026-09-08 09:15:10.827   Time stamp of our file: 2026-09-08 09:14:34.000
2026-09-08 09:15:10.827   Installing the file.
2026-09-08 09:15:10.827   Creating directory: C:\Users\RUNNER~1\AppData\Local\Temp\warband-extracted-orwrpep4\Installed Warband\_internal\websockets-17.1.dist-info\licenses
2026-09-08 09:15:10.829   Successfully installed the file.
2026-09-08 09:15:10.829   -- Icon entry --
2026-09-08 09:15:10.829   Dest filename: C:\Users\runneradmin\AppData\Roaming\Microsoft\Windows\Start Menu\Programs\Warband\Warband.lnk
2026-09-08 09:15:10.829   Creating directory: C:\Users\runneradmin\AppData\Roaming\Microsoft\Windows\Start Menu\Programs\Warband
2026-09-08 09:15:10.853   Creating the icon.
2026-09-08 09:15:11.257   Successfully created the icon.
2026-09-08 09:15:11.262   Saving uninstall information.
2026-09-08 09:15:11.262   Creating new uninstall key: HKEY_CURRENT_USER\Software\Microsoft\Windows\CurrentVersion\Uninstall\{B51768BC-40A4-4705-BE86-D55131C7B414}_is1
2026-09-08 09:15:11.262   Writing uninstall key values.
2026-09-08 09:15:11.262   Detected previous administrative 64-bit install? No
2026-09-08 09:15:11.262   Detected previous administrative 32-bit install? No
2026-09-08 09:15:11.296   Installation process succeeded.
2026-09-08 09:15:11.296   Need to restart Windows? No
2026-09-08 09:15:11.300   Deinitializing Setup.
2026-09-08 09:15:11.304   Log closed.
