2026-09-08 09:15:27.083   Log opened. (Time zone: UTC+00:00)
2026-09-08 09:15:27.083   Setup version: Inno Setup version 6.7.1
2026-09-08 09:15:27.083   Original Uninstall EXE: C:\Users\RUNNER~1\AppData\Local\Temp\warband-extracted-orwrpep4\Installed Warband\unins000.exe
2026-09-08 09:15:27.083   Uninstall DAT: C:\Users\RUNNER~1\AppData\Local\Temp\warband-extracted-orwrpep4\Installed Warband\unins000.dat
2026-09-08 09:15:27.083   Current Uninstall EXE: C:\Users\RUNNER~1\AppData\Local\Temp\is-SXG8JG2B9J-uninstall.tmp\_unins.tmp
2026-09-08 09:15:27.083   Uninstall command line: /SECONDPHASE="C:\Users\RUNNER~1\AppData\Local\Temp\warband-extracted-orwrpep4\Installed Warband\unins000.exe" /FIRSTPHASEWND=$3401D6 /VERYSILENT /SUPPRESSMSGBOXES /NORESTART /LOG=D:\a\saga2d\saga2d\dist\warband\verification\uninstall.log
2026-09-08 09:15:27.083   Windows version: 10.0.26100
2026-09-08 09:15:27.083   Windows architecture: x64 (64-bit)
2026-09-08 09:15:27.083   Machine types supported by system: x86 x64
2026-09-08 09:15:27.083   User privileges: Administrative
2026-09-08 09:15:27.085   Administrative install mode: No
2026-09-08 09:15:27.085   Install mode root key: HKEY_CURRENT_USER
2026-09-08 09:15:27.085   RedirectionGuard status for current process: Enabled in enforcing mode
2026-09-08 09:15:27.085   Cleaning up any residual temporary files from previous Uninstall runs.
2026-09-08 09:15:27.085   Cleanup finished (1 directories found, 1 directories checked, 0 files deleted).
2026-09-08 09:15:27.087   Created protected temporary directory: C:\Users\RUNNER~1\AppData\Local\Temp\is-OWRNBREKGM.tmp
2026-09-08 09:15:27.103   Starting the uninstallation process.
2026-09-08 09:15:27.105   Deleting registry key: HKEY_CURRENT_USER\Software\Microsoft\Windows\CurrentVersion\Uninstall\{B51768BC-40A4-4705-BE86-D55131C7B414}_is1
2026-09-08 09:15:28.111   Deleting file: C:\Users\runneradmin\AppData\Roaming\Microsoft\Windows\Start Menu\Programs\Warband\Warband.lnk
2026-09-08 09:15:28.115   Deleting directory: C:\Users\runneradmin\AppData\Roaming\Microsoft\Windows\Start Menu\Programs\Warband
2026-09-08 09:15:28.115   Deleting file: C:\Users\RUNNER~1\AppData\Local\Temp\warband-extracted-orwrpep4\Installed Warband\_internal\websockets-17.1.dist-info\licenses\LICENSE
2026-09-08 09:15:28.115   Deleting directory: C:\Users\RUNNER~1\AppData\Local\Temp\warband-extracted-orwrpep4\Installed Warband\_internal\websockets-17.1.dist-info\licenses
2026-09-08 09:15:28.115   Deleting file: C:\Users\RUNNER~1\AppData\Local\Temp\warband-extracted-orwrpep4\Installed Warband\_internal\websockets-17.1.dist-info\WHEEL
2026-09-08 09:15:28.115   Deleting file: C:\Users\RUNNER~1\AppData\Local\Temp\warband-extracted-orwrpep4\Installed Warband\_internal\websockets-17.1.dist-info\top_level.txt
2026-09-08 09:15:28.115   Deleting file: C:\Users\RUNNER~1\AppData\Local\Temp\warband-extracted-orwrpep4\Installed Warband\_internal\websockets-17.1.dist-info\REQUESTED
2026-09-08 09:15:28.115   Deleting file: C:\Users\RUNNER~1\AppData\Local\Temp\warband-extracted-orwrpep4\Installed Warband\_internal\websockets-17.1.dist-info\RECORD
2026-09-08 09:15:28.117   Deleting file: C:\Users\RUNNER~1\AppData\Local\Temp\warband-extracted-orwrpep4\Installed Warband\_internal\websockets-17.1.dist-info\METADATA
2026-09-08 09:15:28.117   Deleting file: C:\Users\RUNNER~1\AppData\Local\Temp\warband-extracted-orwrpep4\Installed Warband\_internal\websockets-17.1.dist-info\INSTALLER
2026-09-08 09:15:28.117   Deleting file: C:\Users\RUNNER~1\AppData\Local\Temp\warband-extracted-orwrpep4\Installed Warband\_internal\websockets-17.1.dist-info\entry_points.txt
2026-09-08 09:15:28.117   Deleting directory: C:\Users\RUNNER~1\AppData\Local\Temp\warband-extracted-orwrpep4\Installed Warband\_internal\websockets-17.1.dist-info
2026-09-08 09:15:28.117   Deleting file: C:\Users\RUNNER~1\AppData\Local\Temp\warband-extracted-orwrpep4\Installed Warband\_internal\websockets\speedups.cp313-win_amd64.pyd
2026-09-08 09:15:28.117   Deleting directory: C:\Users\RUNNER~1\AppData\Local\Temp\warband-extracted-orwrpep4\Installed Warband\_internal\websockets
2026-09-08 09:15:28.117   Deleting file: C:\Users\RUNNER~1\AppData\Local\Temp\warband-extracted-orwrpep4\Installed Warband\_internal\saga2d\assets\fonts\OFL.txt
2026-09-08 09:15:28.117   Deleting file: C:\Users\RUNNER~1\AppData\Local\Temp\warband-extracted-orwrpep4\Installed Warband\_internal\saga2d\assets\fonts\Nunito.ttf
2026-09-08 09:15:28.119   Deleting file: C:\Users\RUNNER~1\AppData\Local\Temp\warband-extracted-orwrpep4\Installed Warband\_internal\saga2d\assets\fonts\Nunito-SemiBold.ttf
2026-09-08 09:15:28.119   Deleting file: C:\Users\RUNNER~1\AppData\Local\Temp\warband-extracted-orwrpep4\Installed Warband\_internal\saga2d\assets\fonts\Nunito-ExtraBold.ttf
2026-09-08 09:15:28.119   Deleting directory: C:\Users\RUNNER~1\AppData\Local\Temp\warband-extracted-orwrpep4\Installed Warband\_internal\saga2d\assets\fonts
2026-09-08 09:15:28.119   Deleting directory: C:\Users\RUNNER~1\AppData\Local\Temp\warband-extracted-orwrpep4\Installed Warband\_internal\saga2d\assets
2026-09-08 09:15:28.119   Deleting directory: C:\Users\RUNNER~1\AppData\Local\Temp\warband-extracted-orwrpep4\Installed Warband\_internal\saga2d
2026-09-08 09:15:28.119   Deleting file: C:\Users\RUNNER~1\AppData\Local\Temp\warband-extracted-orwrpep4\Installed Warband\_internal\release\licenses\websockets\websockets-17.1.dist-info\licenses\LICENSE
2026-09-08 09:15:28.119   Deleting directory: C:\Users\RUNNER~1\AppData\Local\Temp\warband-extracted-orwrpep4\Installed Warband\_internal\release\licenses\websockets\websockets-17.1.dist-info\licenses
2026-09-08 09:15:28.119   Deleting directory: C:\Users\RUNNER~1\AppData\Local\Temp\warband-extracted-orwrpep4\Installed Warband\_internal\release\licenses\websockets\websockets-17.1.dist-info
2026-09-08 09:15:28.119   Deleting directory: C:\Users\RUNNER~1\AppData\Local\Temp\warband-extracted-orwrpep4\Installed Warband\_internal\release\licenses\websockets
2026-09-08 09:15:28.119   Deleting file: C:\Users\RUNNER~1\AppData\Local\Temp\warband-extracted-orwrpep4\Installed Warband\_internal\release\licenses\pyinstaller\pyinstaller-6.22.2.dist-info\licenses\COPYING.txt
2026-09-08 09:15:28.119   Deleting directory: C:\Users\RUNNER~1\AppData\Local\Temp\warband-extracted-orwrpep4\Installed Warband\_internal\release\licenses\pyinstaller\pyinstaller-6.22.2.dist-info\licenses
2026-09-08 09:15:28.121   Deleting directory: C:\Users\RUNNER~1\AppData\Local\Temp\warband-extracted-orwrpep4\Installed Warband\_internal\release\licenses\pyinstaller\pyinstaller-6.22.2.dist-info
2026-09-08 09:15:28.121   Deleting directory: C:\Users\RUNNER~1\AppData\Local\Temp\warband-extracted-orwrpep4\Installed Warband\_internal\release\licenses\pyinstaller
2026-09-08 09:15:28.121   Deleting file: C:\Users\RUNNER~1\AppData\Local\Temp\warband-extracted-orwrpep4\Installed Warband\_internal\release\licenses\pyglet\pyglet-2.1.13.dist-info\licenses\LICENSE
2026-09-08 09:15:28.121   Deleting directory: C:\Users\RUNNER~1\AppData\Local\Temp\warband-extracted-orwrpep4\Installed Warband\_internal\release\licenses\pyglet\pyglet-2.1.13.dist-info\licenses
2026-09-08 09:15:28.121   Deleting directory: C:\Users\RUNNER~1\AppData\Local\Temp\warband-extracted-orwrpep4\Installed Warband\_internal\release\licenses\pyglet\pyglet-2.1.13.dist-info
2026-09-08 09:15:28.121   Deleting directory: C:\Users\RUNNER~1\AppData\Local\Temp\warband-extracted-orwrpep4\Installed Warband\_internal\release\licenses\pyglet
2026-09-08 09:15:28.121   Deleting file: C:\Users\RUNNER~1\AppData\Local\Temp\warband-extracted-orwrpep4\Installed Warband\_internal\release\licenses\Pillow\pillow-12.1.1.dist-info\licenses\LICENSE
2026-09-08 09:15:28.121   Deleting directory: C:\Users\RUNNER~1\AppData\Local\Temp\warband-extracted-orwrpep4\Installed Warband\_internal\release\licenses\Pillow\pillow-12.1.1.dist-info\licenses
2026-09-08 09:15:28.121   Deleting directory: C:\Users\RUNNER~1\AppData\Local\Temp\warband-extracted-orwrpep4\Installed Warband\_internal\release\licenses\Pillow\pillow-12.1.1.dist-info
2026-09-08 09:15:28.121   Deleting directory: C:\Users\RUNNER~1\AppData\Local\Temp\warband-extracted-orwrpep4\Installed Warband\_internal\release\licenses\Pillow
2026-09-08 09:15:28.121   Deleting file: C:\Users\RUNNER~1\AppData\Local\Temp\warband-extracted-orwrpep4\Installed Warband\_internal\release\licenses\numpy\numpy-2.4.2.dist-info\licenses\numpy\_core\src\umath\svml\LICENSE
2026-09-08 09:15:28.123   Deleting directory: C:\Users\RUNNER~1\AppData\Local\Temp\warband-extracted-orwrpep4\Installed Warband\_internal\release\licenses\numpy\numpy-2.4.2.dist-info\licenses\numpy\_core\src\umath\svml
2026-09-08 09:15:28.123   Deleting directory: C:\Users\RUNNER~1\AppData\Local\Temp\warband-extracted-orwrpep4\Installed Warband\_internal\release\licenses\numpy\numpy-2.4.2.dist-info\licenses\numpy\_core\src\umath
2026-09-08 09:15:28.123   Deleting file: C:\Users\RUNNER~1\AppData\Local\Temp\warband-extracted-orwrpep4\Installed Warband\_internal\release\licenses\numpy\numpy-2.4.2.dist-info\licenses\numpy\_core\src\npysort\x86-simd-sort\LICENSE.md
2026-09-08 09:15:28.123   Deleting directory: C:\Users\RUNNER~1\AppData\Local\Temp\warband-extracted-orwrpep4\Installed Warband\_internal\release\licenses\numpy\numpy-2.4.2.dist-info\licenses\numpy\_core\src\npysort\x86-simd-sort
2026-09-08 09:15:28.123   Deleting directory: C:\Users\RUNNER~1\AppData\Local\Temp\warband-extracted-orwrpep4\Installed Warband\_internal\release\licenses\numpy\numpy-2.4.2.dist-info\licenses\numpy\_core\src\npysort
2026-09-08 09:15:28.123   Deleting file: C:\Users\RUNNER~1\AppData\Local\Temp\warband-extracted-orwrpep4\Installed Warband\_internal\release\licenses\numpy\numpy-2.4.2.dist-info\licenses\numpy\_core\src\multiarray\dragon4_LICENSE.txt
2026-09-08 09:15:28.123   Deleting directory: C:\Users\RUNNER~1\AppData\Local\Temp\warband-extracted-orwrpep4\Installed Warband\_internal\release\licenses\numpy\numpy-2.4.2.dist-info\licenses\numpy\_core\src\multiarray
2026-09-08 09:15:28.123   Deleting file: C:\Users\RUNNER~1\AppData\Local\Temp\warband-extracted-orwrpep4\Installed Warband\_internal\release\licenses\numpy\numpy-2.4.2.dist-info\licenses\numpy\_core\src\highway\LICENSE
2026-09-08 09:15:28.123   Deleting directory: C:\Users\RUNNER~1\AppData\Local\Temp\warband-extracted-orwrpep4\Installed Warband\_internal\release\licenses\numpy\numpy-2.4.2.dist-info\licenses\numpy\_core\src\highway
2026-09-08 09:15:28.123   Deleting file: C:\Users\RUNNER~1\AppData\Local\Temp\warband-extracted-orwrpep4\Installed Warband\_internal\release\licenses\numpy\numpy-2.4.2.dist-info\licenses\numpy\_core\src\common\pythoncapi-compat\COPYING
2026-09-08 09:15:28.123   Deleting directory: C:\Users\RUNNER~1\AppData\Local\Temp\warband-extracted-orwrpep4\Installed Warband\_internal\release\licenses\numpy\numpy-2.4.2.dist-info\licenses\numpy\_core\src\common\pythoncapi-compat
2026-09-08 09:15:28.125   Deleting directory: C:\Users\RUNNER~1\AppData\Local\Temp\warband-extracted-orwrpep4\Installed Warband\_internal\release\licenses\numpy\numpy-2.4.2.dist-info\licenses\numpy\_core\src\common
2026-09-08 09:15:28.125   Deleting directory: C:\Users\RUNNER~1\AppData\Local\Temp\warband-extracted-orwrpep4\Installed Warband\_internal\release\licenses\numpy\numpy-2.4.2.dist-info\licenses\numpy\_core\src
2026-09-08 09:15:28.125   Deleting file: C:\Users\RUNNER~1\AppData\Local\Temp\warband-extracted-orwrpep4\Installed Warband\_internal\release\licenses\numpy\numpy-2.4.2.dist-info\licenses\numpy\_core\include\numpy\libdivide\LICENSE.txt
2026-09-08 09:15:28.125   Deleting directory: C:\Users\RUNNER~1\AppData\Local\Temp\warband-extracted-orwrpep4\Installed Warband\_internal\release\licenses\numpy\numpy-2.4.2.dist-info\licenses\numpy\_core\include\numpy\libdivide
2026-09-08 09:15:28.125   Deleting directory: C:\Users\RUNNER~1\AppData\Local\Temp\warband-extracted-orwrpep4\Installed Warband\_internal\release\licenses\numpy\numpy-2.4.2.dist-info\licenses\numpy\_core\include\numpy
2026-09-08 09:15:28.125   Deleting directory: C:\Users\RUNNER~1\AppData\Local\Temp\warband-extracted-orwrpep4\Installed Warband\_internal\release\licenses\numpy\numpy-2.4.2.dist-info\licenses\numpy\_core\include
2026-09-08 09:15:28.125   Deleting directory: C:\Users\RUNNER~1\AppData\Local\Temp\warband-extracted-orwrpep4\Installed Warband\_internal\release\licenses\numpy\numpy-2.4.2.dist-info\licenses\numpy\_core
2026-09-08 09:15:28.125   Deleting file: C:\Users\RUNNER~1\AppData\Local\Temp\warband-extracted-orwrpep4\Installed Warband\_internal\release\licenses\numpy\numpy-2.4.2.dist-info\licenses\numpy\random\src\splitmix64\LICENSE.md
2026-09-08 09:15:28.125   Deleting directory: C:\Users\RUNNER~1\AppData\Local\Temp\warband-extracted-orwrpep4\Installed Warband\_internal\release\licenses\numpy\numpy-2.4.2.dist-info\licenses\numpy\random\src\splitmix64
2026-09-08 09:15:28.125   Deleting file: C:\Users\RUNNER~1\AppData\Local\Temp\warband-extracted-orwrpep4\Installed Warband\_internal\release\licenses\numpy\numpy-2.4.2.dist-info\licenses\numpy\random\src\sfc64\LICENSE.md
2026-09-08 09:15:28.125   Deleting directory: C:\Users\RUNNER~1\AppData\Local\Temp\warband-extracted-orwrpep4\Installed Warband\_internal\release\licenses\numpy\numpy-2.4.2.dist-info\licenses\numpy\random\src\sfc64
2026-09-08 09:15:28.127   Deleting file: C:\Users\RUNNER~1\AppData\Local\Temp\warband-extracted-orwrpep4\Installed Warband\_internal\release\licenses\numpy\numpy-2.4.2.dist-info\licenses\numpy\random\src\philox\LICENSE.md
2026-09-08 09:15:28.127   Deleting directory: C:\Users\RUNNER~1\AppData\Local\Temp\warband-extracted-orwrpep4\Installed Warband\_internal\release\licenses\numpy\numpy-2.4.2.dist-info\licenses\numpy\random\src\philox
2026-09-08 09:15:28.127   Deleting file: C:\Users\RUNNER~1\AppData\Local\Temp\warband-extracted-orwrpep4\Installed Warband\_internal\release\licenses\numpy\numpy-2.4.2.dist-info\licenses\numpy\random\src\pcg64\LICENSE.md
2026-09-08 09:15:28.127   Deleting directory: C:\Users\RUNNER~1\AppData\Local\Temp\warband-extracted-orwrpep4\Installed Warband\_internal\release\licenses\numpy\numpy-2.4.2.dist-info\licenses\numpy\random\src\pcg64
2026-09-08 09:15:28.127   Deleting file: C:\Users\RUNNER~1\AppData\Local\Temp\warband-extracted-orwrpep4\Installed Warband\_internal\release\licenses\numpy\numpy-2.4.2.dist-info\licenses\numpy\random\src\mt19937\LICENSE.md
2026-09-08 09:15:28.127   Deleting directory: C:\Users\RUNNER~1\AppData\Local\Temp\warband-extracted-orwrpep4\Installed Warband\_internal\release\licenses\numpy\numpy-2.4.2.dist-info\licenses\numpy\random\src\mt19937
2026-09-08 09:15:28.127   Deleting file: C:\Users\RUNNER~1\AppData\Local\Temp\warband-extracted-orwrpep4\Installed Warband\_internal\release\licenses\numpy\numpy-2.4.2.dist-info\licenses\numpy\random\src\distributions\LICENSE.md
2026-09-08 09:15:28.127   Deleting directory: C:\Users\RUNNER~1\AppData\Local\Temp\warband-extracted-orwrpep4\Installed Warband\_internal\release\licenses\numpy\numpy-2.4.2.dist-info\licenses\numpy\random\src\distributions
2026-09-08 09:15:28.127   Deleting directory: C:\Users\RUNNER~1\AppData\Local\Temp\warband-extracted-orwrpep4\Installed Warband\_internal\release\licenses\numpy\numpy-2.4.2.dist-info\licenses\numpy\random\src
2026-09-08 09:15:28.127   Deleting file: C:\Users\RUNNER~1\AppData\Local\Temp\warband-extracted-orwrpep4\Installed Warband\_internal\release\licenses\numpy\numpy-2.4.2.dist-info\licenses\numpy\random\LICENSE.md
2026-09-08 09:15:28.127   Deleting directory: C:\Users\RUNNER~1\AppData\Local\Temp\warband-extracted-orwrpep4\Installed Warband\_internal\release\licenses\numpy\numpy-2.4.2.dist-info\licenses\numpy\random
2026-09-08 09:15:28.129   Deleting file: C:\Users\RUNNER~1\AppData\Local\Temp\warband-extracted-orwrpep4\Installed Warband\_internal\release\licenses\numpy\numpy-2.4.2.dist-info\licenses\numpy\ma\LICENSE
2026-09-08 09:15:28.129   Deleting directory: C:\Users\RUNNER~1\AppData\Local\Temp\warband-extracted-orwrpep4\Installed Warband\_internal\release\licenses\numpy\numpy-2.4.2.dist-info\licenses\numpy\ma
2026-09-08 09:15:28.129   Deleting file: C:\Users\RUNNER~1\AppData\Local\Temp\warband-extracted-orwrpep4\Installed Warband\_internal\release\licenses\numpy\numpy-2.4.2.dist-info\licenses\numpy\linalg\lapack_lite\LICENSE.txt
2026-09-08 09:15:28.129   Deleting directory: C:\Users\RUNNER~1\AppData\Local\Temp\warband-extracted-orwrpep4\Installed Warband\_internal\release\licenses\numpy\numpy-2.4.2.dist-info\licenses\numpy\linalg\lapack_lite
2026-09-08 09:15:28.129   Deleting directory: C:\Users\RUNNER~1\AppData\Local\Temp\warband-extracted-orwrpep4\Installed Warband\_internal\release\licenses\numpy\numpy-2.4.2.dist-info\licenses\numpy\linalg
2026-09-08 09:15:28.129   Deleting file: C:\Users\RUNNER~1\AppData\Local\Temp\warband-extracted-orwrpep4\Installed Warband\_internal\release\licenses\numpy\numpy-2.4.2.dist-info\licenses\numpy\fft\pocketfft\LICENSE.md
2026-09-08 09:15:28.129   Deleting directory: C:\Users\RUNNER~1\AppData\Local\Temp\warband-extracted-orwrpep4\Installed Warband\_internal\release\licenses\numpy\numpy-2.4.2.dist-info\licenses\numpy\fft\pocketfft
2026-09-08 09:15:28.129   Deleting directory: C:\Users\RUNNER~1\AppData\Local\Temp\warband-extracted-orwrpep4\Installed Warband\_internal\release\licenses\numpy\numpy-2.4.2.dist-info\licenses\numpy\fft
2026-09-08 09:15:28.129   Deleting directory: C:\Users\RUNNER~1\AppData\Local\Temp\warband-extracted-orwrpep4\Installed Warband\_internal\release\licenses\numpy\numpy-2.4.2.dist-info\licenses\numpy
2026-09-08 09:15:28.129   Deleting file: C:\Users\RUNNER~1\AppData\Local\Temp\warband-extracted-orwrpep4\Installed Warband\_internal\release\licenses\numpy\numpy-2.4.2.dist-info\licenses\LICENSE.txt
2026-09-08 09:15:28.131   Deleting directory: C:\Users\RUNNER~1\AppData\Local\Temp\warband-extracted-orwrpep4\Installed Warband\_internal\release\licenses\numpy\numpy-2.4.2.dist-info\licenses
2026-09-08 09:15:28.131   Deleting directory: C:\Users\RUNNER~1\AppData\Local\Temp\warband-extracted-orwrpep4\Installed Warband\_internal\release\licenses\numpy\numpy-2.4.2.dist-info
2026-09-08 09:15:28.131   Deleting file: C:\Users\RUNNER~1\AppData\Local\Temp\warband-extracted-orwrpep4\Installed Warband\_internal\release\licenses\numpy\numpy\_core\include\numpy\random\LICENSE.txt
2026-09-08 09:15:28.131   Deleting directory: C:\Users\RUNNER~1\AppData\Local\Temp\warband-extracted-orwrpep4\Installed Warband\_internal\release\licenses\numpy\numpy\_core\include\numpy\random
2026-09-08 09:15:28.131   Deleting directory: C:\Users\RUNNER~1\AppData\Local\Temp\warband-extracted-orwrpep4\Installed Warband\_internal\release\licenses\numpy\numpy\_core\include\numpy
2026-09-08 09:15:28.131   Deleting directory: C:\Users\RUNNER~1\AppData\Local\Temp\warband-extracted-orwrpep4\Installed Warband\_internal\release\licenses\numpy\numpy\_core\include
2026-09-08 09:15:28.131   Deleting directory: C:\Users\RUNNER~1\AppData\Local\Temp\warband-extracted-orwrpep4\Installed Warband\_internal\release\licenses\numpy\numpy\_core
2026-09-08 09:15:28.131   Deleting file: C:\Users\RUNNER~1\AppData\Local\Temp\warband-extracted-orwrpep4\Installed Warband\_internal\release\licenses\numpy\numpy\random\LICENSE.md
2026-09-08 09:15:28.131   Deleting directory: C:\Users\RUNNER~1\AppData\Local\Temp\warband-extracted-orwrpep4\Installed Warband\_internal\release\licenses\numpy\numpy\random
2026-09-08 09:15:28.131   Deleting file: C:\Users\RUNNER~1\AppData\Local\Temp\warband-extracted-orwrpep4\Installed Warband\_internal\release\licenses\numpy\numpy\ma\LICENSE
2026-09-08 09:15:28.131   Deleting directory: C:\Users\RUNNER~1\AppData\Local\Temp\warband-extracted-orwrpep4\Installed Warband\_internal\release\licenses\numpy\numpy\ma
2026-09-08 09:15:28.131   Deleting directory: C:\Users\RUNNER~1\AppData\Local\Temp\warband-extracted-orwrpep4\Installed Warband\_internal\release\licenses\numpy\numpy
2026-09-08 09:15:28.133   Deleting directory: C:\Users\RUNNER~1\AppData\Local\Temp\warband-extracted-orwrpep4\Installed Warband\_internal\release\licenses\numpy
2026-09-08 09:15:28.133   Deleting file: C:\Users\RUNNER~1\AppData\Local\Temp\warband-extracted-orwrpep4\Installed Warband\_internal\release\licenses\CPython-LICENSE.txt
2026-09-08 09:15:28.133   Deleting directory: C:\Users\RUNNER~1\AppData\Local\Temp\warband-extracted-orwrpep4\Installed Warband\_internal\release\licenses
2026-09-08 09:15:28.133   Deleting file: C:\Users\RUNNER~1\AppData\Local\Temp\warband-extracted-orwrpep4\Installed Warband\_internal\release\windows-warband.md
2026-09-08 09:15:28.133   Deleting file: C:\Users\RUNNER~1\AppData\Local\Temp\warband-extracted-orwrpep4\Installed Warband\_internal\release\uv.lock
2026-09-08 09:15:28.133   Deleting file: C:\Users\RUNNER~1\AppData\Local\Temp\warband-extracted-orwrpep4\Installed Warband\_internal\release\LICENSE
2026-09-08 09:15:28.133   Deleting file: C:\Users\RUNNER~1\AppData\Local\Temp\warband-extracted-orwrpep4\Installed Warband\_internal\release\build-tools.txt
2026-09-08 09:15:28.133   Deleting file: C:\Users\RUNNER~1\AppData\Local\Temp\warband-extracted-orwrpep4\Installed Warband\_internal\release\build-info.json
2026-09-08 09:15:28.133   Deleting directory: C:\Users\RUNNER~1\AppData\Local\Temp\warband-extracted-orwrpep4\Installed Warband\_internal\release
2026-09-08 09:15:28.135   Deleting file: C:\Users\RUNNER~1\AppData\Local\Temp\warband-extracted-orwrpep4\Installed Warband\_internal\PIL\_webp.cp313-win_amd64.pyd
2026-09-08 09:15:28.135   Deleting file: C:\Users\RUNNER~1\AppData\Local\Temp\warband-extracted-orwrpep4\Installed Warband\_internal\PIL\_imagingtk.cp313-win_amd64.pyd
2026-09-08 09:15:28.135   Deleting file: C:\Users\RUNNER~1\AppData\Local\Temp\warband-extracted-orwrpep4\Installed Warband\_internal\PIL\_imagingmath.cp313-win_amd64.pyd
2026-09-08 09:15:28.135   Deleting file: C:\Users\RUNNER~1\AppData\Local\Temp\warband-extracted-orwrpep4\Installed Warband\_internal\PIL\_imagingft.cp313-win_amd64.pyd
2026-09-08 09:15:28.135   Deleting file: C:\Users\RUNNER~1\AppData\Local\Temp\warband-extracted-orwrpep4\Installed Warband\_internal\PIL\_imagingcms.cp313-win_amd64.pyd
2026-09-08 09:15:28.135   Deleting file: C:\Users\RUNNER~1\AppData\Local\Temp\warband-extracted-orwrpep4\Installed Warband\_internal\PIL\_imaging.cp313-win_amd64.pyd
2026-09-08 09:15:28.135   Deleting file: C:\Users\RUNNER~1\AppData\Local\Temp\warband-extracted-orwrpep4\Installed Warband\_internal\PIL\_avif.cp313-win_amd64.pyd
2026-09-08 09:15:28.137   Deleting directory: C:\Users\RUNNER~1\AppData\Local\Temp\warband-extracted-orwrpep4\Installed Warband\_internal\PIL
2026-09-08 09:15:28.137   Deleting file: C:\Users\RUNNER~1\AppData\Local\Temp\warband-extracted-orwrpep4\Installed Warband\_internal\numpy.libs\msvcp140-a4c2229bdc2a2a630acdc095b4d86008.dll
2026-09-08 09:15:28.137   Deleting file: C:\Users\RUNNER~1\AppData\Local\Temp\warband-extracted-orwrpep4\Installed Warband\_internal\numpy.libs\libscipy_openblas64_-74a408729250596b0973e69fdd954eea.dll
2026-09-08 09:15:28.139   Deleting directory: C:\Users\RUNNER~1\AppData\Local\Temp\warband-extracted-orwrpep4\Installed Warband\_internal\numpy.libs
2026-09-08 09:15:28.139   Deleting file: C:\Users\RUNNER~1\AppData\Local\Temp\warband-extracted-orwrpep4\Installed Warband\_internal\numpy-2.4.2.dist-info\licenses\numpy\_core\src\umath\svml\LICENSE
2026-09-08 09:15:28.139   Deleting directory: C:\Users\RUNNER~1\AppData\Local\Temp\warband-extracted-orwrpep4\Installed Warband\_internal\numpy-2.4.2.dist-info\licenses\numpy\_core\src\umath\svml
2026-09-08 09:15:28.139   Deleting directory: C:\Users\RUNNER~1\AppData\Local\Temp\warband-extracted-orwrpep4\Installed Warband\_internal\numpy-2.4.2.dist-info\licenses\numpy\_core\src\umath
2026-09-08 09:15:28.141   Deleting file: C:\Users\RUNNER~1\AppData\Local\Temp\warband-extracted-orwrpep4\Installed Warband\_internal\numpy-2.4.2.dist-info\licenses\numpy\_core\src\npysort\x86-simd-sort\LICENSE.md
2026-09-08 09:15:28.141   Deleting directory: C:\Users\RUNNER~1\AppData\Local\Temp\warband-extracted-orwrpep4\Installed Warband\_internal\numpy-2.4.2.dist-info\licenses\numpy\_core\src\npysort\x86-simd-sort
2026-09-08 09:15:28.141   Deleting directory: C:\Users\RUNNER~1\AppData\Local\Temp\warband-extracted-orwrpep4\Installed Warband\_internal\numpy-2.4.2.dist-info\licenses\numpy\_core\src\npysort
2026-09-08 09:15:28.141   Deleting file: C:\Users\RUNNER~1\AppData\Local\Temp\warband-extracted-orwrpep4\Installed Warband\_internal\numpy-2.4.2.dist-info\licenses\numpy\_core\src\multiarray\dragon4_LICENSE.txt
2026-09-08 09:15:28.141   Deleting directory: C:\Users\RUNNER~1\AppData\Local\Temp\warband-extracted-orwrpep4\Installed Warband\_internal\numpy-2.4.2.dist-info\licenses\numpy\_core\src\multiarray
2026-09-08 09:15:28.141   Deleting file: C:\Users\RUNNER~1\AppData\Local\Temp\warband-extracted-orwrpep4\Installed Warband\_internal\numpy-2.4.2.dist-info\licenses\numpy\_core\src\highway\LICENSE
2026-09-08 09:15:28.141   Deleting directory: C:\Users\RUNNER~1\AppData\Local\Temp\warband-extracted-orwrpep4\Installed Warband\_internal\numpy-2.4.2.dist-info\licenses\numpy\_core\src\highway
2026-09-08 09:15:28.141   Deleting file: C:\Users\RUNNER~1\AppData\Local\Temp\warband-extracted-orwrpep4\Installed Warband\_internal\numpy-2.4.2.dist-info\licenses\numpy\_core\src\common\pythoncapi-compat\COPYING
2026-09-08 09:15:28.141   Deleting directory: C:\Users\RUNNER~1\AppData\Local\Temp\warband-extracted-orwrpep4\Installed Warband\_internal\numpy-2.4.2.dist-info\licenses\numpy\_core\src\common\pythoncapi-compat
2026-09-08 09:15:28.141   Deleting directory: C:\Users\RUNNER~1\AppData\Local\Temp\warband-extracted-orwrpep4\Installed Warband\_internal\numpy-2.4.2.dist-info\licenses\numpy\_core\src\common
2026-09-08 09:15:28.141   Deleting directory: C:\Users\RUNNER~1\AppData\Local\Temp\warband-extracted-orwrpep4\Installed Warband\_internal\numpy-2.4.2.dist-info\licenses\numpy\_core\src
2026-09-08 09:15:28.141   Deleting file: C:\Users\RUNNER~1\AppData\Local\Temp\warband-extracted-orwrpep4\Installed Warband\_internal\numpy-2.4.2.dist-info\licenses\numpy\_core\include\numpy\libdivide\LICENSE.txt
2026-09-08 09:15:28.143   Deleting directory: C:\Users\RUNNER~1\AppData\Local\Temp\warband-extracted-orwrpep4\Installed Warband\_internal\numpy-2.4.2.dist-info\licenses\numpy\_core\include\numpy\libdivide
2026-09-08 09:15:28.143   Deleting directory: C:\Users\RUNNER~1\AppData\Local\Temp\warband-extracted-orwrpep4\Installed Warband\_internal\numpy-2.4.2.dist-info\licenses\numpy\_core\include\numpy
2026-09-08 09:15:28.143   Deleting directory: C:\Users\RUNNER~1\AppData\Local\Temp\warband-extracted-orwrpep4\Installed Warband\_internal\numpy-2.4.2.dist-info\licenses\numpy\_core\include
2026-09-08 09:15:28.143   Deleting directory: C:\Users\RUNNER~1\AppData\Local\Temp\warband-extracted-orwrpep4\Installed Warband\_internal\numpy-2.4.2.dist-info\licenses\numpy\_core
2026-09-08 09:15:28.143   Deleting file: C:\Users\RUNNER~1\AppData\Local\Temp\warband-extracted-orwrpep4\Installed Warband\_internal\numpy-2.4.2.dist-info\licenses\numpy\random\src\splitmix64\LICENSE.md
2026-09-08 09:15:28.143   Deleting directory: C:\Users\RUNNER~1\AppData\Local\Temp\warband-extracted-orwrpep4\Installed Warband\_internal\numpy-2.4.2.dist-info\licenses\numpy\random\src\splitmix64
2026-09-08 09:15:28.143   Deleting file: C:\Users\RUNNER~1\AppData\Local\Temp\warband-extracted-orwrpep4\Installed Warband\_internal\numpy-2.4.2.dist-info\licenses\numpy\random\src\sfc64\LICENSE.md
2026-09-08 09:15:28.143   Deleting directory: C:\Users\RUNNER~1\AppData\Local\Temp\warband-extracted-orwrpep4\Installed Warband\_internal\numpy-2.4.2.dist-info\licenses\numpy\random\src\sfc64
2026-09-08 09:15:28.143   Deleting file: C:\Users\RUNNER~1\AppData\Local\Temp\warband-extracted-orwrpep4\Installed Warband\_internal\numpy-2.4.2.dist-info\licenses\numpy\random\src\philox\LICENSE.md
2026-09-08 09:15:28.143   Deleting directory: C:\Users\RUNNER~1\AppData\Local\Temp\warband-extracted-orwrpep4\Installed Warband\_internal\numpy-2.4.2.dist-info\licenses\numpy\random\src\philox
2026-09-08 09:15:28.143   Deleting file: C:\Users\RUNNER~1\AppData\Local\Temp\warband-extracted-orwrpep4\Installed Warband\_internal\numpy-2.4.2.dist-info\licenses\numpy\random\src\pcg64\LICENSE.md
2026-09-08 09:15:28.145   Deleting directory: C:\Users\RUNNER~1\AppData\Local\Temp\warband-extracted-orwrpep4\Installed Warband\_internal\numpy-2.4.2.dist-info\licenses\numpy\random\src\pcg64
2026-09-08 09:15:28.145   Deleting file: C:\Users\RUNNER~1\AppData\Local\Temp\warband-extracted-orwrpep4\Installed Warband\_internal\numpy-2.4.2.dist-info\licenses\numpy\random\src\mt19937\LICENSE.md
2026-09-08 09:15:28.145   Deleting directory: C:\Users\RUNNER~1\AppData\Local\Temp\warband-extracted-orwrpep4\Installed Warband\_internal\numpy-2.4.2.dist-info\licenses\numpy\random\src\mt19937
2026-09-08 09:15:28.145   Deleting file: C:\Users\RUNNER~1\AppData\Local\Temp\warband-extracted-orwrpep4\Installed Warband\_internal\numpy-2.4.2.dist-info\licenses\numpy\random\src\distributions\LICENSE.md
2026-09-08 09:15:28.146   Deleting directory: C:\Users\RUNNER~1\AppData\Local\Temp\warband-extracted-orwrpep4\Installed Warband\_internal\numpy-2.4.2.dist-info\licenses\numpy\random\src\distributions
2026-09-08 09:15:28.146   Deleting directory: C:\Users\RUNNER~1\AppData\Local\Temp\warband-extracted-orwrpep4\Installed Warband\_internal\numpy-2.4.2.dist-info\licenses\numpy\random\src
2026-09-08 09:15:28.146   Deleting file: C:\Users\RUNNER~1\AppData\Local\Temp\warband-extracted-orwrpep4\Installed Warband\_internal\numpy-2.4.2.dist-info\licenses\numpy\random\LICENSE.md
2026-09-08 09:15:28.146   Deleting directory: C:\Users\RUNNER~1\AppData\Local\Temp\warband-extracted-orwrpep4\Installed Warband\_internal\numpy-2.4.2.dist-info\licenses\numpy\random
2026-09-08 09:15:28.146   Deleting file: C:\Users\RUNNER~1\AppData\Local\Temp\warband-extracted-orwrpep4\Installed Warband\_internal\numpy-2.4.2.dist-info\licenses\numpy\ma\LICENSE
2026-09-08 09:15:28.146   Deleting directory: C:\Users\RUNNER~1\AppData\Local\Temp\warband-extracted-orwrpep4\Installed Warband\_internal\numpy-2.4.2.dist-info\licenses\numpy\ma
2026-09-08 09:15:28.146   Deleting file: C:\Users\RUNNER~1\AppData\Local\Temp\warband-extracted-orwrpep4\Installed Warband\_internal\numpy-2.4.2.dist-info\licenses\numpy\linalg\lapack_lite\LICENSE.txt
2026-09-08 09:15:28.147   Deleting directory: C:\Users\RUNNER~1\AppData\Local\Temp\warband-extracted-orwrpep4\Installed Warband\_internal\numpy-2.4.2.dist-info\licenses\numpy\linalg\lapack_lite
2026-09-08 09:15:28.147   Deleting directory: C:\Users\RUNNER~1\AppData\Local\Temp\warband-extracted-orwrpep4\Installed Warband\_internal\numpy-2.4.2.dist-info\licenses\numpy\linalg
2026-09-08 09:15:28.147   Deleting file: C:\Users\RUNNER~1\AppData\Local\Temp\warband-extracted-orwrpep4\Installed Warband\_internal\numpy-2.4.2.dist-info\licenses\numpy\fft\pocketfft\LICENSE.md
2026-09-08 09:15:28.147   Deleting directory: C:\Users\RUNNER~1\AppData\Local\Temp\warband-extracted-orwrpep4\Installed Warband\_internal\numpy-2.4.2.dist-info\licenses\numpy\fft\pocketfft
2026-09-08 09:15:28.148   Deleting directory: C:\Users\RUNNER~1\AppData\Local\Temp\warband-extracted-orwrpep4\Installed Warband\_internal\numpy-2.4.2.dist-info\licenses\numpy\fft
2026-09-08 09:15:28.148   Deleting directory: C:\Users\RUNNER~1\AppData\Local\Temp\warband-extracted-orwrpep4\Installed Warband\_internal\numpy-2.4.2.dist-info\licenses\numpy
2026-09-08 09:15:28.148   Deleting file: C:\Users\RUNNER~1\AppData\Local\Temp\warband-extracted-orwrpep4\Installed Warband\_internal\numpy-2.4.2.dist-info\licenses\LICENSE.txt
2026-09-08 09:15:28.148   Deleting directory: C:\Users\RUNNER~1\AppData\Local\Temp\warband-extracted-orwrpep4\Installed Warband\_internal\numpy-2.4.2.dist-info\licenses
2026-09-08 09:15:28.148   Deleting file: C:\Users\RUNNER~1\AppData\Local\Temp\warband-extracted-orwrpep4\Installed Warband\_internal\numpy-2.4.2.dist-info\WHEEL
2026-09-08 09:15:28.148   Deleting file: C:\Users\RUNNER~1\AppData\Local\Temp\warband-extracted-orwrpep4\Installed Warband\_internal\numpy-2.4.2.dist-info\REQUESTED
2026-09-08 09:15:28.148   Deleting file: C:\Users\RUNNER~1\AppData\Local\Temp\warband-extracted-orwrpep4\Installed Warband\_internal\numpy-2.4.2.dist-info\RECORD
2026-09-08 09:15:28.148   Deleting file: C:\Users\RUNNER~1\AppData\Local\Temp\warband-extracted-orwrpep4\Installed Warband\_internal\numpy-2.4.2.dist-info\METADATA
2026-09-08 09:15:28.149   Deleting file: C:\Users\RUNNER~1\AppData\Local\Temp\warband-extracted-orwrpep4\Installed Warband\_internal\numpy-2.4.2.dist-info\INSTALLER
2026-09-08 09:15:28.149   Deleting file: C:\Users\RUNNER~1\AppData\Local\Temp\warband-extracted-orwrpep4\Installed Warband\_internal\numpy-2.4.2.dist-info\entry_points.txt
2026-09-08 09:15:28.149   Deleting file: C:\Users\RUNNER~1\AppData\Local\Temp\warband-extracted-orwrpep4\Installed Warband\_internal\numpy-2.4.2.dist-info\DELVEWHEEL
2026-09-08 09:15:28.149   Deleting directory: C:\Users\RUNNER~1\AppData\Local\Temp\warband-extracted-orwrpep4\Installed Warband\_internal\numpy-2.4.2.dist-info
2026-09-08 09:15:28.150   Deleting file: C:\Users\RUNNER~1\AppData\Local\Temp\warband-extracted-orwrpep4\Installed Warband\_internal\numpy\_core\_multiarray_umath.cp313-win_amd64.pyd
2026-09-08 09:15:28.151   Deleting file: C:\Users\RUNNER~1\AppData\Local\Temp\warband-extracted-orwrpep4\Installed Warband\_internal\numpy\_core\_multiarray_tests.cp313-win_amd64.pyd
2026-09-08 09:15:28.151   Deleting directory: C:\Users\RUNNER~1\AppData\Local\Temp\warband-extracted-orwrpep4\Installed Warband\_internal\numpy\_core
2026-09-08 09:15:28.151   Deleting file: C:\Users\RUNNER~1\AppData\Local\Temp\warband-extracted-orwrpep4\Installed Warband\_internal\numpy\random\_sfc64.cp313-win_amd64.pyd
2026-09-08 09:15:28.151   Deleting file: C:\Users\RUNNER~1\AppData\Local\Temp\warband-extracted-orwrpep4\Installed Warband\_internal\numpy\random\_philox.cp313-win_amd64.pyd
2026-09-08 09:15:28.151   Deleting file: C:\Users\RUNNER~1\AppData\Local\Temp\warband-extracted-orwrpep4\Installed Warband\_internal\numpy\random\_pcg64.cp313-win_amd64.pyd
2026-09-08 09:15:28.151   Deleting file: C:\Users\RUNNER~1\AppData\Local\Temp\warband-extracted-orwrpep4\Installed Warband\_internal\numpy\random\_mt19937.cp313-win_amd64.pyd
2026-09-08 09:15:28.151   Deleting file: C:\Users\RUNNER~1\AppData\Local\Temp\warband-extracted-orwrpep4\Installed Warband\_internal\numpy\random\_generator.cp313-win_amd64.pyd
2026-09-08 09:15:28.151   Deleting file: C:\Users\RUNNER~1\AppData\Local\Temp\warband-extracted-orwrpep4\Installed Warband\_internal\numpy\random\_common.cp313-win_amd64.pyd
2026-09-08 09:15:28.151   Deleting file: C:\Users\RUNNER~1\AppData\Local\Temp\warband-extracted-orwrpep4\Installed Warband\_internal\numpy\random\_bounded_integers.cp313-win_amd64.pyd
2026-09-08 09:15:28.153   Deleting file: C:\Users\RUNNER~1\AppData\Local\Temp\warband-extracted-orwrpep4\Installed Warband\_internal\numpy\random\mtrand.cp313-win_amd64.pyd
2026-09-08 09:15:28.153   Deleting file: C:\Users\RUNNER~1\AppData\Local\Temp\warband-extracted-orwrpep4\Installed Warband\_internal\numpy\random\bit_generator.cp313-win_amd64.pyd
2026-09-08 09:15:28.153   Deleting directory: C:\Users\RUNNER~1\AppData\Local\Temp\warband-extracted-orwrpep4\Installed Warband\_internal\numpy\random
2026-09-08 09:15:28.153   Deleting file: C:\Users\RUNNER~1\AppData\Local\Temp\warband-extracted-orwrpep4\Installed Warband\_internal\numpy\linalg\_umath_linalg.cp313-win_amd64.pyd
2026-09-08 09:15:28.153   Deleting directory: C:\Users\RUNNER~1\AppData\Local\Temp\warband-extracted-orwrpep4\Installed Warband\_internal\numpy\linalg
2026-09-08 09:15:28.153   Deleting file: C:\Users\RUNNER~1\AppData\Local\Temp\warband-extracted-orwrpep4\Installed Warband\_internal\numpy\fft\_pocketfft_umath.cp313-win_amd64.pyd
2026-09-08 09:15:28.153   Deleting directory: C:\Users\RUNNER~1\AppData\Local\Temp\warband-extracted-orwrpep4\Installed Warband\_internal\numpy\fft
2026-09-08 09:15:28.153   Deleting directory: C:\Users\RUNNER~1\AppData\Local\Temp\warband-extracted-orwrpep4\Installed Warband\_internal\numpy
2026-09-08 09:15:28.153   Deleting file: C:\Users\RUNNER~1\AppData\Local\Temp\warband-extracted-orwrpep4\Installed Warband\_internal\_wmi.pyd
2026-09-08 09:15:28.153   Deleting file: C:\Users\RUNNER~1\AppData\Local\Temp\warband-extracted-orwrpep4\Installed Warband\_internal\_uuid.pyd
2026-09-08 09:15:28.155   Deleting file: C:\Users\RUNNER~1\AppData\Local\Temp\warband-extracted-orwrpep4\Installed Warband\_internal\_ssl.pyd
2026-09-08 09:15:28.155   Deleting file: C:\Users\RUNNER~1\AppData\Local\Temp\warband-extracted-orwrpep4\Installed Warband\_internal\_socket.pyd
2026-09-08 09:15:28.155   Deleting file: C:\Users\RUNNER~1\AppData\Local\Temp\warband-extracted-orwrpep4\Installed Warband\_internal\_queue.pyd
2026-09-08 09:15:28.155   Deleting file: C:\Users\RUNNER~1\AppData\Local\Temp\warband-extracted-orwrpep4\Installed Warband\_internal\_overlapped.pyd
2026-09-08 09:15:28.155   Deleting file: C:\Users\RUNNER~1\AppData\Local\Temp\warband-extracted-orwrpep4\Installed Warband\_internal\_multiprocessing.pyd
2026-09-08 09:15:28.155   Deleting file: C:\Users\RUNNER~1\AppData\Local\Temp\warband-extracted-orwrpep4\Installed Warband\_internal\_lzma.pyd
2026-09-08 09:15:28.155   Deleting file: C:\Users\RUNNER~1\AppData\Local\Temp\warband-extracted-orwrpep4\Installed Warband\_internal\_hashlib.pyd
2026-09-08 09:15:28.155   Deleting file: C:\Users\RUNNER~1\AppData\Local\Temp\warband-extracted-orwrpep4\Installed Warband\_internal\_elementtree.pyd
2026-09-08 09:15:28.155   Deleting file: C:\Users\RUNNER~1\AppData\Local\Temp\warband-extracted-orwrpep4\Installed Warband\_internal\_decimal.pyd
2026-09-08 09:15:28.155   Deleting file: C:\Users\RUNNER~1\AppData\Local\Temp\warband-extracted-orwrpep4\Installed Warband\_internal\_ctypes.pyd
2026-09-08 09:15:28.155   Deleting file: C:\Users\RUNNER~1\AppData\Local\Temp\warband-extracted-orwrpep4\Installed Warband\_internal\_bz2.pyd
2026-09-08 09:15:28.157   Deleting file: C:\Users\RUNNER~1\AppData\Local\Temp\warband-extracted-orwrpep4\Installed Warband\_internal\_asyncio.pyd
2026-09-08 09:15:28.157   Deleting file: C:\Users\RUNNER~1\AppData\Local\Temp\warband-extracted-orwrpep4\Installed Warband\_internal\VCRUNTIME140_1.dll
2026-09-08 09:15:28.157   Deleting file: C:\Users\RUNNER~1\AppData\Local\Temp\warband-extracted-orwrpep4\Installed Warband\_internal\VCRUNTIME140.dll
2026-09-08 09:15:28.157   Deleting file: C:\Users\RUNNER~1\AppData\Local\Temp\warband-extracted-orwrpep4\Installed Warband\_internal\unicodedata.pyd
2026-09-08 09:15:28.157   Deleting file: C:\Users\RUNNER~1\AppData\Local\Temp\warband-extracted-orwrpep4\Installed Warband\_internal\ucrtbase.dll
2026-09-08 09:15:28.157   Deleting file: C:\Users\RUNNER~1\AppData\Local\Temp\warband-extracted-orwrpep4\Installed Warband\_internal\select.pyd
2026-09-08 09:15:28.157   Deleting file: C:\Users\RUNNER~1\AppData\Local\Temp\warband-extracted-orwrpep4\Installed Warband\_internal\python313.dll
2026-09-08 09:15:28.159   Deleting file: C:\Users\RUNNER~1\AppData\Local\Temp\warband-extracted-orwrpep4\Installed Warband\_internal\pyexpat.pyd
2026-09-08 09:15:28.159   Deleting file: C:\Users\RUNNER~1\AppData\Local\Temp\warband-extracted-orwrpep4\Installed Warband\_internal\msvcp140-a4c2229bdc2a2a630acdc095b4d86008.dll
2026-09-08 09:15:28.159   Deleting file: C:\Users\RUNNER~1\AppData\Local\Temp\warband-extracted-orwrpep4\Installed Warband\_internal\libssl-3-x64.dll
2026-09-08 09:15:28.159   Deleting file: C:\Users\RUNNER~1\AppData\Local\Temp\warband-extracted-orwrpep4\Installed Warband\_internal\libscipy_openblas64_-74a408729250596b0973e69fdd954eea.dll
2026-09-08 09:15:28.161   Deleting file: C:\Users\RUNNER~1\AppData\Local\Temp\warband-extracted-orwrpep4\Installed Warband\_internal\libffi-8.dll
2026-09-08 09:15:28.161   Deleting file: C:\Users\RUNNER~1\AppData\Local\Temp\warband-extracted-orwrpep4\Installed Warband\_internal\libcrypto-3-x64.dll
2026-09-08 09:15:28.163   Deleting file: C:\Users\RUNNER~1\AppData\Local\Temp\warband-extracted-orwrpep4\Installed Warband\_internal\base_library.zip
2026-09-08 09:15:28.163   Deleting file: C:\Users\RUNNER~1\AppData\Local\Temp\warband-extracted-orwrpep4\Installed Warband\_internal\api-ms-win-crt-utility-l1-1-0.dll
2026-09-08 09:15:28.163   Deleting file: C:\Users\RUNNER~1\AppData\Local\Temp\warband-extracted-orwrpep4\Installed Warband\_internal\api-ms-win-crt-time-l1-1-0.dll
2026-09-08 09:15:28.163   Deleting file: C:\Users\RUNNER~1\AppData\Local\Temp\warband-extracted-orwrpep4\Installed Warband\_internal\api-ms-win-crt-string-l1-1-0.dll
2026-09-08 09:15:28.163   Deleting file: C:\Users\RUNNER~1\AppData\Local\Temp\warband-extracted-orwrpep4\Installed Warband\_internal\api-ms-win-crt-stdio-l1-1-0.dll
2026-09-08 09:15:28.163   Deleting file: C:\Users\RUNNER~1\AppData\Local\Temp\warband-extracted-orwrpep4\Installed Warband\_internal\api-ms-win-crt-runtime-l1-1-0.dll
2026-09-08 09:15:28.163   Deleting file: C:\Users\RUNNER~1\AppData\Local\Temp\warband-extracted-orwrpep4\Installed Warband\_internal\api-ms-win-crt-process-l1-1-0.dll
2026-09-08 09:15:28.163   Deleting file: C:\Users\RUNNER~1\AppData\Local\Temp\warband-extracted-orwrpep4\Installed Warband\_internal\api-ms-win-crt-private-l1-1-0.dll
2026-09-08 09:15:28.165   Deleting file: C:\Users\RUNNER~1\AppData\Local\Temp\warband-extracted-orwrpep4\Installed Warband\_internal\api-ms-win-crt-math-l1-1-0.dll
2026-09-08 09:15:28.165   Deleting file: C:\Users\RUNNER~1\AppData\Local\Temp\warband-extracted-orwrpep4\Installed Warband\_internal\api-ms-win-crt-locale-l1-1-0.dll
2026-09-08 09:15:28.165   Deleting file: C:\Users\RUNNER~1\AppData\Local\Temp\warband-extracted-orwrpep4\Installed Warband\_internal\api-ms-win-crt-heap-l1-1-0.dll
2026-09-08 09:15:28.165   Deleting file: C:\Users\RUNNER~1\AppData\Local\Temp\warband-extracted-orwrpep4\Installed Warband\_internal\api-ms-win-crt-filesystem-l1-1-0.dll
2026-09-08 09:15:28.165   Deleting file: C:\Users\RUNNER~1\AppData\Local\Temp\warband-extracted-orwrpep4\Installed Warband\_internal\api-ms-win-crt-environment-l1-1-0.dll
2026-09-08 09:15:28.165   Deleting file: C:\Users\RUNNER~1\AppData\Local\Temp\warband-extracted-orwrpep4\Installed Warband\_internal\api-ms-win-crt-convert-l1-1-0.dll
2026-09-08 09:15:28.165   Deleting file: C:\Users\RUNNER~1\AppData\Local\Temp\warband-extracted-orwrpep4\Installed Warband\_internal\api-ms-win-crt-conio-l1-1-0.dll
2026-09-08 09:15:28.165   Deleting file: C:\Users\RUNNER~1\AppData\Local\Temp\warband-extracted-orwrpep4\Installed Warband\_internal\api-ms-win-core-util-l1-1-0.dll
2026-09-08 09:15:28.165   Deleting file: C:\Users\RUNNER~1\AppData\Local\Temp\warband-extracted-orwrpep4\Installed Warband\_internal\api-ms-win-core-timezone-l1-1-0.dll
2026-09-08 09:15:28.166   Deleting file: C:\Users\RUNNER~1\AppData\Local\Temp\warband-extracted-orwrpep4\Installed Warband\_internal\api-ms-win-core-sysinfo-l1-2-0.dll
2026-09-08 09:15:28.166   Deleting file: C:\Users\RUNNER~1\AppData\Local\Temp\warband-extracted-orwrpep4\Installed Warband\_internal\api-ms-win-core-sysinfo-l1-1-0.dll
2026-09-08 09:15:28.166   Deleting file: C:\Users\RUNNER~1\AppData\Local\Temp\warband-extracted-orwrpep4\Installed Warband\_internal\api-ms-win-core-synch-l1-2-0.dll
2026-09-08 09:15:28.166   Deleting file: C:\Users\RUNNER~1\AppData\Local\Temp\warband-extracted-orwrpep4\Installed Warband\_internal\api-ms-win-core-synch-l1-1-0.dll
2026-09-08 09:15:28.166   Deleting file: C:\Users\RUNNER~1\AppData\Local\Temp\warband-extracted-orwrpep4\Installed Warband\_internal\api-ms-win-core-string-l1-1-0.dll
2026-09-08 09:15:28.166   Deleting file: C:\Users\RUNNER~1\AppData\Local\Temp\warband-extracted-orwrpep4\Installed Warband\_internal\api-ms-win-core-rtlsupport-l1-1-0.dll
2026-09-08 09:15:28.166   Deleting file: C:\Users\RUNNER~1\AppData\Local\Temp\warband-extracted-orwrpep4\Installed Warband\_internal\api-ms-win-core-profile-l1-1-0.dll
2026-09-08 09:15:28.166   Deleting file: C:\Users\RUNNER~1\AppData\Local\Temp\warband-extracted-orwrpep4\Installed Warband\_internal\api-ms-win-core-processthreads-l1-1-1.dll
2026-09-08 09:15:28.166   Deleting file: C:\Users\RUNNER~1\AppData\Local\Temp\warband-extracted-orwrpep4\Installed Warband\_internal\api-ms-win-core-processthreads-l1-1-0.dll
2026-09-08 09:15:28.168   Deleting file: C:\Users\RUNNER~1\AppData\Local\Temp\warband-extracted-orwrpep4\Installed Warband\_internal\api-ms-win-core-processenvironment-l1-1-0.dll
2026-09-08 09:15:28.168   Deleting file: C:\Users\RUNNER~1\AppData\Local\Temp\warband-extracted-orwrpep4\Installed Warband\_internal\api-ms-win-core-namedpipe-l1-1-0.dll
2026-09-08 09:15:28.168   Deleting file: C:\Users\RUNNER~1\AppData\Local\Temp\warband-extracted-orwrpep4\Installed Warband\_internal\api-ms-win-core-memory-l1-1-0.dll
2026-09-08 09:15:28.168   Deleting file: C:\Users\RUNNER~1\AppData\Local\Temp\warband-extracted-orwrpep4\Installed Warband\_internal\api-ms-win-core-localization-l1-2-0.dll
2026-09-08 09:15:28.168   Deleting file: C:\Users\RUNNER~1\AppData\Local\Temp\warband-extracted-orwrpep4\Installed Warband\_internal\api-ms-win-core-libraryloader-l1-1-0.dll
2026-09-08 09:15:28.168   Deleting file: C:\Users\RUNNER~1\AppData\Local\Temp\warband-extracted-orwrpep4\Installed Warband\_internal\api-ms-win-core-kernel32-legacy-l1-1-1.dll
2026-09-08 09:15:28.168   Deleting file: C:\Users\RUNNER~1\AppData\Local\Temp\warband-extracted-orwrpep4\Installed Warband\_internal\api-ms-win-core-interlocked-l1-1-0.dll
2026-09-08 09:15:28.168   Deleting file: C:\Users\RUNNER~1\AppData\Local\Temp\warband-extracted-orwrpep4\Installed Warband\_internal\api-ms-win-core-heap-l1-1-0.dll
2026-09-08 09:15:28.168   Deleting file: C:\Users\RUNNER~1\AppData\Local\Temp\warband-extracted-orwrpep4\Installed Warband\_internal\api-ms-win-core-handle-l1-1-0.dll
2026-09-08 09:15:28.168   Deleting file: C:\Users\RUNNER~1\AppData\Local\Temp\warband-extracted-orwrpep4\Installed Warband\_internal\api-ms-win-core-file-l2-1-0.dll
2026-09-08 09:15:28.170   Deleting file: C:\Users\RUNNER~1\AppData\Local\Temp\warband-extracted-orwrpep4\Installed Warband\_internal\api-ms-win-core-file-l1-2-0.dll
2026-09-08 09:15:28.170   Deleting file: C:\Users\RUNNER~1\AppData\Local\Temp\warband-extracted-orwrpep4\Installed Warband\_internal\api-ms-win-core-file-l1-1-0.dll
2026-09-08 09:15:28.170   Deleting file: C:\Users\RUNNER~1\AppData\Local\Temp\warband-extracted-orwrpep4\Installed Warband\_internal\api-ms-win-core-fibers-l1-1-1.dll
2026-09-08 09:15:28.170   Deleting file: C:\Users\RUNNER~1\AppData\Local\Temp\warband-extracted-orwrpep4\Installed Warband\_internal\api-ms-win-core-fibers-l1-1-0.dll
2026-09-08 09:15:28.170   Deleting file: C:\Users\RUNNER~1\AppData\Local\Temp\warband-extracted-orwrpep4\Installed Warband\_internal\api-ms-win-core-errorhandling-l1-1-0.dll
2026-09-08 09:15:28.170   Deleting file: C:\Users\RUNNER~1\AppData\Local\Temp\warband-extracted-orwrpep4\Installed Warband\_internal\api-ms-win-core-debug-l1-1-0.dll
2026-09-08 09:15:28.170   Deleting file: C:\Users\RUNNER~1\AppData\Local\Temp\warband-extracted-orwrpep4\Installed Warband\_internal\api-ms-win-core-datetime-l1-1-0.dll
2026-09-08 09:15:28.170   Deleting file: C:\Users\RUNNER~1\AppData\Local\Temp\warband-extracted-orwrpep4\Installed Warband\_internal\api-ms-win-core-console-l1-1-0.dll
2026-09-08 09:15:28.204   Deleting directory: C:\Users\RUNNER~1\AppData\Local\Temp\warband-extracted-orwrpep4\Installed Warband\_internal
2026-09-08 09:15:28.204   Deleting file: C:\Users\RUNNER~1\AppData\Local\Temp\warband-extracted-orwrpep4\Installed Warband\Warband.exe
2026-09-08 09:15:28.204   Deleting directory: C:\Users\RUNNER~1\AppData\Local\Temp\warband-extracted-orwrpep4\Installed Warband
2026-09-08 09:15:28.204   Failed to delete directory (145). Will retry later.
2026-09-08 09:15:28.204   Deleting Uninstall data files.
2026-09-08 09:15:28.204   Creating "_unins-done.tmp" file.
2026-09-08 09:15:28.734   Uninstallation process succeeded.
2026-09-08 09:15:28.734   Removed all? Yes
2026-09-08 09:15:28.734   Need to restart Windows? No
2026-09-08 09:15:28.735   Log closed.
